Component: Arm Compiler for Embedded 6.19 Tool: armlink [5e73cb00]

==============================================================================

Section Cross References

    startup_stm32g431xx.o(STACK) refers (Special) to heapauxi.o(.text) for __use_two_region_memory
    startup_stm32g431xx.o(HEAP) refers (Special) to heapauxi.o(.text) for __use_two_region_memory
    startup_stm32g431xx.o(RESET) refers (Special) to heapauxi.o(.text) for __use_two_region_memory
    startup_stm32g431xx.o(RESET) refers to startup_stm32g431xx.o(STACK) for __initial_sp
    startup_stm32g431xx.o(RESET) refers to startup_stm32g431xx.o(.text) for Reset_Handler
    startup_stm32g431xx.o(RESET) refers to stm32g4xx_it.o(.text.NMI_Handler) for NMI_Handler
    startup_stm32g431xx.o(RESET) refers to stm32g4xx_it.o(.text.HardFault_Handler) for HardFault_Handler
    startup_stm32g431xx.o(RESET) refers to stm32g4xx_it.o(.text.MemManage_Handler) for MemManage_Handler
    startup_stm32g431xx.o(RESET) refers to stm32g4xx_it.o(.text.BusFault_Handler) for BusFault_Handler
    startup_stm32g431xx.o(RESET) refers to stm32g4xx_it.o(.text.UsageFault_Handler) for UsageFault_Handler
    startup_stm32g431xx.o(RESET) refers to stm32g4xx_it.o(.text.SVC_Handler) for SVC_Handler
    startup_stm32g431xx.o(RESET) refers to stm32g4xx_it.o(.text.DebugMon_Handler) for DebugMon_Handler
    startup_stm32g431xx.o(RESET) refers to stm32g4xx_it.o(.text.PendSV_Handler) for PendSV_Handler
    startup_stm32g431xx.o(RESET) refers to stm32g4xx_it.o(.text.SysTick_Handler) for SysTick_Handler
    startup_stm32g431xx.o(RESET) refers to stm32g4xx_it.o(.text.ADC1_2_IRQHandler) for ADC1_2_IRQHandler
    startup_stm32g431xx.o(RESET) refers to stm32g4xx_it.o(.text.USB_LP_IRQHandler) for USB_LP_IRQHandler
    startup_stm32g431xx.o(RESET) refers to stm32g4xx_it.o(.text.TIM6_DAC_IRQHandler) for TIM6_DAC_IRQHandler
    startup_stm32g431xx.o(.text) refers (Special) to heapauxi.o(.text) for __use_two_region_memory
    startup_stm32g431xx.o(.text) refers to system_stm32g4xx.o(.text.SystemInit) for SystemInit
    startup_stm32g431xx.o(.text) refers to __main.o(!!!main) for __main
    startup_stm32g431xx.o(.text) refers to startup_stm32g431xx.o(HEAP) for Heap_Mem
    startup_stm32g431xx.o(.text) refers to startup_stm32g431xx.o(STACK) for Stack_Mem
    focctr.o(.text.Park_change_Contrary) refers to focctr.o(.bss..L_MergedGlobals) for .L_MergedGlobals
    focctr.o(.text.Park_change_Contrary) refers to fastmathfunctions.o(.text.arm_cos_f32) for arm_cos_f32
    focctr.o(.text.Park_change_Contrary) refers to fastmathfunctions.o(.text.arm_sin_f32) for arm_sin_f32
    focctr.o(.text.Park_change_Contrary) refers to focctr.o(.data.Ud) for Ud
    focctr.o(.ARM.exidx.text.Park_change_Contrary) refers to focctr.o(.text.Park_change_Contrary) for [Anonymous Symbol]
    focctr.o(.text.Park_change) refers to focctr.o(.bss..L_MergedGlobals) for .L_MergedGlobals
    focctr.o(.ARM.exidx.text.Park_change) refers to focctr.o(.text.Park_change) for [Anonymous Symbol]
    focctr.o(.text.Klark_change) refers to main.o(.bss.hadc1) for hadc1
    focctr.o(.text.Klark_change) refers to focctr.o(.bss..L_MergedGlobals) for .L_MergedGlobals
    focctr.o(.ARM.exidx.text.Klark_change) refers to focctr.o(.text.Klark_change) for [Anonymous Symbol]
    focctr.o(.text.sector_judg) refers to focctr.o(.bss..L_MergedGlobals) for .L_MergedGlobals
    focctr.o(.ARM.exidx.text.sector_judg) refers to focctr.o(.text.sector_judg) for [Anonymous Symbol]
    focctr.o(.text.Iq_current_loop) refers to focctr.o(.bss..L_MergedGlobals) for .L_MergedGlobals
    focctr.o(.text.Iq_current_loop) refers to focctr.o(.bss..L_MergedGlobals.1) for .L_MergedGlobals.1
    focctr.o(.ARM.exidx.text.Iq_current_loop) refers to focctr.o(.text.Iq_current_loop) for [Anonymous Symbol]
    focctr.o(.text.Id_current_loop) refers to focctr.o(.bss..L_MergedGlobals) for .L_MergedGlobals
    focctr.o(.text.Id_current_loop) refers to focctr.o(.bss..L_MergedGlobals.1) for .L_MergedGlobals.1
    focctr.o(.ARM.exidx.text.Id_current_loop) refers to focctr.o(.text.Id_current_loop) for [Anonymous Symbol]
    focctr.o(.text.speed_loop) refers to focctr.o(.data.target_speed) for target_speed
    focctr.o(.text.speed_loop) refers to focctr.o(.bss..L_MergedGlobals) for .L_MergedGlobals
    focctr.o(.text.speed_loop) refers to focctr.o(.bss..L_MergedGlobals.1) for .L_MergedGlobals.1
    focctr.o(.ARM.exidx.text.speed_loop) refers to focctr.o(.text.speed_loop) for [Anonymous Symbol]
    main.o(.text.SVPWM) refers to focctr.o(.text.Park_change_Contrary) for Park_change_Contrary
    main.o(.text.SVPWM) refers to focctr.o(.text.sector_judg) for sector_judg
    main.o(.text.SVPWM) refers to focctr.o(.bss..L_MergedGlobals) for ta
    main.o(.ARM.exidx.text.SVPWM) refers to main.o(.text.SVPWM) for [Anonymous Symbol]
    main.o(.text.Get_Aagel) refers to main.o(.bss..L_MergedGlobals) for .L_MergedGlobals
[...]
    _clock_init                               - Undefined Weak Reference
    _fp_trap_init                             - Undefined Weak Reference
    _fp_trap_shutdown                         - Undefined Weak Reference
    _get_lc_collate                           - Undefined Weak Reference
    _get_lc_ctype                             - Undefined Weak Reference
    _get_lc_monetary                          - Undefined Weak Reference
    _get_lc_numeric                           - Undefined Weak Reference
    _get_lc_time                              - Undefined Weak Reference
    _getenv_init                              - Undefined Weak Reference
    _handle_redirection                       - Undefined Weak Reference
    _init_alloc                               - Undefined Weak Reference
    _init_user_alloc                          - Undefined Weak Reference
    _initio                                   - Undefined Weak Reference
    _rand_init                                - Undefined Weak Reference
    _signal_finish                            - Undefined Weak Reference
    _signal_init                              - Undefined Weak Reference
    _terminate_alloc                          - Undefined Weak Reference
    _terminate_user_alloc                     - Undefined Weak Reference
    _terminateio                              - Undefined Weak Reference
    __Vectors_Size                           0x000001d8   Number         0  startup_stm32g431xx.o ABSOLUTE
    __Vectors                                0x08000000   Data           4  startup_stm32g431xx.o(RESET)
    __Vectors_End                            0x080001d8   Data           0  startup_stm32g431xx.o(RESET)
    __main                                   0x080001d9   Thumb Code     8  __main.o(!!!main)
    __scatterload                            0x080001e1   Thumb Code     0  __scatter.o(!!!scatter)
    __scatterload_rt2                        0x080001e1   Thumb Code    44  __scatter.o(!!!scatter)
    __scatterload_rt2_thumb_only             0x080001e1   Thumb Code     0  __scatter.o(!!!scatter)
    __scatterload_null                       0x080001ef   Thumb Code     0  __scatter.o(!!!scatter)
    __decompress                             0x08000215   Thumb Code    90  __dczerorl2.o(!!dczerorl2)
    __decompress1                            0x08000215   Thumb Code     0  __dczerorl2.o(!!dczerorl2)
    __scatterload_zeroinit                   0x08000271   Thumb Code    28  __scatter_zi.o(!!handler_zi)
    __rt_lib_init                            0x0800028d   Thumb Code     0  libinit.o(.ARM.Collect$$libinit$$00000000)
    __rt_lib_init_fp_1                       0x0800028f   Thumb Code     0  libinit2.o(.ARM.Collect$$libinit$$00000001)
    __rt_lib_init_alloca_1                   0x08000293   Thumb Code     0  libinit2.o(.ARM.Collect$$libinit$$00000030)
    __rt_lib_init_argv_1                     0x08000293   Thumb Code     0  libinit2.o(.ARM.Collect$$libinit$$0000002E)
    __rt_lib_init_atexit_1                   0x08000293   Thumb Code     0  libinit2.o(.ARM.Collect$$libinit$$0000001D)
    __rt_lib_init_clock_1                    0x08000293   Thumb Code     0  libinit2.o(.ARM.Collect$$libinit$$00000023)
    __rt_lib_init_cpp_1                      0x08000293   Thumb Code     0  libinit2.o(.ARM.Collect$$libinit$$00000034)
    __rt_lib_init_exceptions_1               0x08000293   Thumb Code     0  libinit2.o(.ARM.Collect$$libinit$$00000032)
    __rt_lib_init_fp_trap_1                  0x08000293   Thumb Code     0  libinit2.o(.ARM.Collect$$libinit$$00000021)
    __rt_lib_init_getenv_1                   0x08000293   Thumb Code     0  libinit2.o(.ARM.Collect$$libinit$$00000025)
    __rt_lib_init_heap_1                     0x08000293   Thumb Code     0  libinit2.o(.ARM.Collect$$libinit$$0000000C)
    __rt_lib_init_lc_collate_1               0x08000293   Thumb Code     0  libinit2.o(.ARM.Collect$$libinit$$00000013)
    __rt_lib_init_lc_ctype_1                 0x08000293   Thumb Code     0  libinit2.o(.ARM.Collect$$libinit$$00000015)
    __rt_lib_init_lc_monetary_1              0x08000293   Thumb Code     0  libinit2.o(.ARM.Collect$$libinit$$00000017)
    __rt_lib_init_lc_numeric_1               0x08000293   Thumb Code     0  libinit2.o(.ARM.Collect$$libinit$$00000019)
    __rt_lib_init_lc_time_1                  0x08000293   Thumb Code     0  libinit2.o(.ARM.Collect$$libinit$$0000001B)
    __rt_lib_init_preinit_1                  0x08000293   Thumb Code     0  libinit2.o(.ARM.Collect$$libinit$$00000006)
    __rt_lib_init_rand_1                     0x08000293   Thumb Code     0  libinit2.o(.ARM.Collect$$libinit$$00000010)
    __rt_lib_init_relocate_pie_1             0x08000293   Thumb Code     0  libinit2.o(.ARM.Collect$$libinit$$00000004)
    __rt_lib_init_return                     0x08000293   Thumb Code     0  libinit2.o(.ARM.Collect$$libinit$$00000035)
    __rt_lib_init_signal_1                   0x08000293   Thumb Code     0  libinit2.o(.ARM.Collect$$libinit$$0000001F)
    __rt_lib_init_stdio_1                    0x08000293   Thumb Code     0  libinit2.o(.ARM.Collect$$libinit$$00000027)
    __rt_lib_init_user_alloc_1               0x08000293   Thumb Code     0  libinit2.o(.ARM.Collect$$libinit$$0000000E)
    __rt_lib_shutdown                        0x08000295   Thumb Code     0  libshutdown.o(.ARM.Collect$$libshutdown$$00000000)
    __rt_lib_shutdown_cpp_1                  0x08000297   Thumb Code     0  libshutdown2.o(.ARM.Collect$$libshutdown$$00000002)
    __rt_lib_shutdown_fp_trap_1              0x08000297   Thumb Code     0  libshutdown2.o(.ARM.Collect$$libshutdown$$00000007)
    __rt_lib_shutdown_heap_1                 0x08000297   Thumb Code     0  libshutdown2.o(.ARM.Collect$$libshutdown$$0000000F)
    __rt_lib_shutdown_return                 0x08000297   Thumb Code     0  libshutdown2.o(.ARM.Collect$$libshutdown$$00000010)
    __rt_lib_shutdown_signal_1               0x08000297   Thumb Code     0  libshutdown2.o(.ARM.Collect$$libshutdown$$0000000A)
    __rt_lib_shutdown_stdio_1                0x08000297   Thumb Code     0  libshutdown2.o(.ARM.Collect$$libshutdown$$00000004)
    __rt_lib_shutdown_user_alloc_1           0x08000297   Thumb Code     0  libshutdown2.o(.ARM.Collect$$libshutdown$$0000000C)
    __rt_entry                               0x08000299   Thumb Code     0  __rtentry.o(.ARM.Collect$$rtentry$$00000000)
    __rt_entry_presh_1                       0x08000299   Thumb Code     0  __rtentry2.o(.ARM.Collect$$rtentry$$00000002)
    __rt_entry_sh                            0x08000299   Thumb Code     0  __rtentry4.o(.ARM.Collect$$rtentry$$00000004)
    __rt_entry_li                            0x0800029f   Thumb Code     0  __rtentry2.o(.ARM.Collect$$rtentry$$0000000A)
    __rt_entry_postsh_1                      0x0800029f   Thumb Code     0  __rtentry2.o(.ARM.Collect$$rtentry$$00000009)
    __rt_entry_main                          0x080002a3   Thumb Code     0  __rtentry2.o(.ARM.Collect$$rtentry$$0000000D)
    __rt_entry_postli_1                      0x080002a3   Thumb Code     0  __rtentry2.o(.ARM.Collect$$rtentry$$0000000C)
    __rt_exit                                0x080002ab   Thumb Code     0  rtexit.o(.ARM.Collect$$rtexit$$00000000)
    __rt_exit_ls                             0x080002ad   Thumb Code     0  rtexit2.o(.ARM.Collect$$rtexit$$00000003)
    __rt_exit_prels_1                        0x080002ad   Thumb Code     0  rtexit2.o(.ARM.Collect$$rtexit$$00000002)
    __rt_exit_exit                           0x080002b1   Thumb Code     0  rtexit2.o(.ARM.Collect$$rtexit$$00000004)
    Reset_Handler                            0x080002b9   Thumb Code     8  startup_stm32g431xx.o(.text)
    COMP1_2_3_IRQHandler                     0x080002d3   Thumb Code     0  startup_stm32g431xx.o(.text)
    COMP4_IRQHandler                         0x080002d3   Thumb Code     0  startup_stm32g431xx.o(.text)
    CORDIC_IRQHandler                        0x080002d3   Thumb Code     0  startup_stm32g431xx.o(.text)
    CRS_IRQHandler                           0x080002d3   Thumb Code     0  startup_stm32g431xx.o(.text)
    DMA1_Channel1_IRQHandler                 0x080002d3   Thumb Code     0  startup_stm32g431xx.o(.text)
    DMA1_Channel2_IRQHandler                 0x080002d3   Thumb Code     0  startup_stm32g431xx.o(.text)
    DMA1_Channel3_IRQHandler                 0x080002d3   Thumb Code     0  startup_stm32g431xx.o(.text)
    DMA1_Channel4_IRQHandler                 0x080002d3   Thumb Code     0  startup_stm32g431xx.o(.text)
    DMA1_Channel5_IRQHandler                 0x080002d3   Thumb Code     0  startup_stm32g431xx.o(.text)
    DMA1_Channel6_IRQHandler                 0x080002d3   Thumb Code     0  startup_stm32g431xx.o(.text)
    DMA2_Channel1_IRQHandler                 0x080002d3   Thumb Code     0  startup_stm32g431xx.o(.text)
    DMA2_Channel2_IRQHandler                 0x080002d3   Thumb Code     0  startup_stm32g431xx.o(.text)
    DMA2_Channel3_IRQHandler                 0x080002d3   Thumb Code     0  startup_stm32g431xx.o(.text)
    DMA2_Channel4_IRQHandler                 0x080002d3   Thumb Code     0  startup_stm32g431xx.o(.text)
    DMA2_Channel5_IRQHandler                 0x080002d3   Thumb Code     0  startup_stm32g431xx.o(.text)
    DMA2_Channel6_IRQHandler                 0x080002d3   Thumb Code     0  startup_stm32g431xx.o(.text)
    DMAMUX_OVR_IRQHandler                    0x080002d3   Thumb Code     0  startup_stm32g431xx.o(.text)
    EXTI0_IRQHandler                         0x080002d3   Thumb Code     0  startup_stm32g431xx.o(.text)
    EXTI15_10_IRQHandler                     0x080002d3   Thumb Code     0  startup_stm32g431xx.o(.text)
    EXTI1_IRQHandler                         0x080002d3   Thumb Code     0  startup_stm32g431xx.o(.text)
    EXTI2_IRQHandler                         0x080002d3   Thumb Code     0  startup_stm32g431xx.o(.text)
    EXTI3_IRQHandler                         0x080002d3   Thumb Code     0  startup_stm32g431xx.o(.text)
    EXTI4_IRQHandler                         0x080002d3   Thumb Code     0  startup_stm32g431xx.o(.text)
    EXTI9_5_IRQHandler                       0x080002d3   Thumb Code     0  startup_stm32g431xx.o(.text)
    FDCAN1_IT0_IRQHandler                    0x080002d3   Thumb Code     0  startup_stm32g431xx.o(.text)
    FDCAN1_IT1_IRQHandler                    0x080002d3   Thumb Code     0  startup_stm32g431xx.o(.text)
    FLASH_IRQHandler                         0x080002d3   Thumb Code     0  startup_stm32g431xx.o(.text)
    FMAC_IRQHandler                          0x080002d3   Thumb Code     0  startup_stm32g431xx.o(.text)
    FPU_IRQHandler                           0x080002d3   Thumb Code     0  startup_stm32g431xx.o(.text)
    I2C1_ER_IRQHandler                       0x080002d3   Thumb Code     0  startup_stm32g431xx.o(.text)
    I2C1_EV_IRQHandler                       0x080002d3   Thumb Code     0  startup_stm32g431xx.o(.text)
    I2C2_ER_IRQHandler                       0x080002d3   Thumb Code     0  startup_stm32g431xx.o(.text)
    I2C2_EV_IRQHandler                       0x080002d3   Thumb Code     0  startup_stm32g431xx.o(.text)
    I2C3_ER_IRQHandler                       0x080002d3   Thumb Code     0  startup_stm32g431xx.o(.text)
    I2C3_EV_IRQHandler                       0x080002d3   Thumb Code     0  startup_stm32g431xx.o(.text)
    LPTIM1_IRQHandler                        0x080002d3   Thumb Code     0  startup_stm32g431xx.o(.text)
    LPUART1_IRQHandler                       0x080002d3   Thumb Code     0  startup_stm32g431xx.o(.text)
    PVD_PVM_IRQHandler                       0x080002d3   Thumb Code     0  startup_stm32g431xx.o(.text)
    RCC_IRQHandler                           0x080002d3   Thumb Code     0  startup_stm32g431xx.o(.text)
    RNG_IRQHandler                           0x080002d3   Thumb Code     0  startup_stm32g431xx.o(.text)
    RTC_Alarm_IRQHandler                     0x080002d3   Thumb Code     0  startup_stm32g431xx.o(.text)
    RTC_TAMP_LSECSS_IRQHandler               0x080002d3   Thumb Code     0  startup_stm32g431xx.o(.text)
    RTC_WKUP_IRQHandler                      0x080002d3   Thumb Code     0  startup_stm32g431xx.o(.text)
    SAI1_IRQHandler                          0x080002d3   Thumb Code     0  startup_stm32g431xx.o(.text)
    SPI1_IRQHandler                          0x080002d3   Thumb Code     0  startup_stm32g431xx.o(.text)
    SPI2_IRQHandler                          0x080002d3   Thumb Code     0  startup_stm32g431xx.o(.text)
    SPI3_IRQHandler                          0x080002d3   Thumb Code     0  startup_stm32g431xx.o(.text)
    TIM1_BRK_TIM15_IRQHandler                0x080002d3   Thumb Code     0  startup_stm32g431xx.o(.text)
    TIM1_CC_IRQHandler                       0x080002d3   Thumb Code     0  startup_stm32g431xx.o(.text)
    TIM1_TRG_COM_TIM17_IRQHandler            0x080002d3   Thumb Code     0  startup_stm32g431xx.o(.text)
    TIM1_UP_TIM16_IRQHandler                 0x080002d3   Thumb Code     0  startup_stm32g431xx.o(.text)
    TIM2_IRQHandler                          0x080002d3   Thumb Code     0  startup_stm32g431xx.o(.text)
    TIM3_IRQHandler                          0x080002d3   Thumb Code     0  startup_stm32g431xx.o(.text)
    TIM4_IRQHandler                          0x080002d3   Thumb Code     0  startup_stm32g431xx.o(.text)
    TIM7_IRQHandler                          0x080002d3   Thumb Code     0  startup_stm32g431xx.o(.text)
    TIM8_BRK_IRQHandler                      0x080002d3   Thumb Code     0  startup_stm32g431xx.o(.text)
    TIM8_CC_IRQHandler                       0x080002d3   Thumb Code     0  startup_stm32g431xx.o(.text)
    TIM8_TRG_COM_IRQHandler                  0x080002d3   Thumb Code     0  startup_stm32g431xx.o(.text)
    TIM8_UP_IRQHandler                       0x080002d3   Thumb Code     0  startup_stm32g431xx.o(.text)
    UART4_IRQHandler                         0x080002d3   Thumb Code     0  startup_stm32g431xx.o(.text)
    UCPD1_IRQHandler                         0x080002d3   Thumb Code     0  startup_stm32g431xx.o(.text)
    USART1_IRQHandler                        0x080002d3   Thumb Code     0  startup_stm32g431xx.o(.text)
    USART2_IRQHandler                        0x080002d3   Thumb Code     0  startup_stm32g431xx.o(.text)
    USART3_IRQHandler                        0x080002d3   Thumb Code     0  startup_stm32g431xx.o(.text)
    USBWakeUp_IRQHandler                     0x080002d3   Thumb Code     0  startup_stm32g431xx.o(.text)
    USB_HP_IRQHandler                        0x080002d3   Thumb Code     0  startup_stm32g431xx.o(.text)
    WWDG_IRQHandler                          0x080002d3   Thumb Code     0  startup_stm32g431xx.o(.text)
    __user_initial_stackheap                 0x080002d5   Thumb Code     0  startup_stm32g431xx.o(.text)
    __aeabi_memclr4                          0x080002f9   Thumb Code     0  rt_memclr_w.o(.text)
    __aeabi_memclr8                          0x080002f9   Thumb Code     0  rt_memclr_w.o(.text)
    __rt_memclr_w                            0x080002f9   Thumb Code     0  rt_memclr_w.o(.text)
    _memset_w                                0x080002fd   Thumb Code    74  rt_memclr_w.o(.text)
    __use_two_region_memory                  0x08000347   Thumb Code     2  heapauxi.o(.text)
    __rt_heap_escrow$2region                 0x08000349   Thumb Code     2  heapauxi.o(.text)
    __rt_heap_expand$2region                 0x0800034b   Thumb Code     2  heapauxi.o(.text)
    __user_libspace                          0x0800034d   Thumb Code     8  libspace.o(.text)
    __user_perproc_libspace                  0x0800034d   Thumb Code     0  libspace.o(.text)
    __user_perthread_libspace                0x0800034d   Thumb Code     0  libspace.o(.text)
    __user_setup_stackheap                   0x08000355   Thumb Code    74  sys_stackheap_outer.o(.text)
    exit                                     0x0800039f   Thumb Code    18  exit.o(.text)
    _sys_exit                                0x080003b1   Thumb Code     8  sys_exit.o(.text)
    __I$use$semihosting                      0x080003bd   Thumb Code     0  use_no_semi.o(.text)
    __use_no_semihosting_swi                 0x080003bd   Thumb Code     2  use_no_semi.o(.text)
    __semihosting_library_function           0x080003bf   Thumb Code     0  indicate_semi.o(.text)
    ADC1_2_IRQHandler                        0x080003c1   Thumb Code    12  stm32g4xx_it.o(.text.ADC1_2_IRQHandler)
    ADC_Disable                              0x080003cd   Thumb Code   124  stm32g4xx_hal_adc.o(.text.ADC_Disable)
    ADC_Enable                               0x08000449   Thumb Code   246  stm32g4xx_hal_adc.o(.text.ADC_Enable)
    BusFault_Handler                         0x08000541   Thumb Code     2  stm32g4xx_it.o(.text.BusFault_Handler)
    CDC_Transmit_FS                          0x08000599   Thumb Code    54  usbd_cdc_if.o(.text.CDC_Transmit_FS)
    DebugMon_Handler                         0x080005d1   Thumb Code     2  stm32g4xx_it.o(.text.DebugMon_Handler)
    Error_Handler                            0x080005d5   Thumb Code    10  main.o(.text.Error_Handler)
    HAL_ADCEx_Calibration_Start              0x080005e1   Thumb Code   212  stm32g4xx_hal_adc_ex.o(.text.HAL_ADCEx_Calibration_Start)
    HAL_ADCEx_EndOfSamplingCallback          0x080006b5   Thumb Code     2  stm32g4xx_hal_adc_ex.o(.text.HAL_ADCEx_EndOfSamplingCallback)
    HAL_ADCEx_InjectedConfigChannel          0x080006b9   Thumb Code  1182  stm32g4xx_hal_adc_ex.o(.text.HAL_ADCEx_InjectedConfigChannel)
    HAL_ADCEx_InjectedConvCpltCallback       0x08000b59   Thumb Code   528  main.o(.text.HAL_ADCEx_InjectedConvCpltCallback)
    HAL_ADCEx_InjectedQueueOverflowCallback  0x08000d69   Thumb Code     2  stm32g4xx_hal_adc_ex.o(.text.HAL_ADCEx_InjectedQueueOverflowCallback)
    HAL_ADCEx_InjectedStart                  0x08000d6d   Thumb Code   232  stm32g4xx_hal_adc_ex.o(.text.HAL_ADCEx_InjectedStart)
    HAL_ADCEx_LevelOutOfWindow2Callback      0x08000e55   Thumb Code     2  stm32g4xx_hal_adc_ex.o(.text.HAL_ADCEx_LevelOutOfWindow2Callback)
    HAL_ADCEx_LevelOutOfWindow3Callback      0x08000e59   Thumb Code     2  stm32g4xx_hal_adc_ex.o(.text.HAL_ADCEx_LevelOutOfWindow3Callback)
    HAL_ADCEx_MultiModeConfigChannel         0x08000e5d   Thumb Code   192  stm32g4xx_hal_adc_ex.o(.text.HAL_ADCEx_MultiModeConfigChannel)
    HAL_ADC_ConvCpltCallback                 0x08000f1d   Thumb Code     2  stm32g4xx_hal_adc.o(.text.HAL_ADC_ConvCpltCallback)
    HAL_ADC_ErrorCallback                    0x08000f21   Thumb Code     2  stm32g4xx_hal_adc.o(.text.HAL_ADC_ErrorCallback)
    HAL_ADC_IRQHandler                       0x08000f25   Thumb Code   634  stm32g4xx_hal_adc.o(.text.HAL_ADC_IRQHandler)
    HAL_ADC_Init                             0x080011a1   Thumb Code   576  stm32g4xx_hal_adc.o(.text.HAL_ADC_Init)
    HAL_ADC_LevelOutOfWindowCallback         0x080013e1   Thumb Code     2  stm32g4xx_hal_adc.o(.text.HAL_ADC_LevelOutOfWindowCallback)
    HAL_ADC_MspInit                          0x080013e5   Thumb Code   148  stm32g4xx_hal_msp.o(.text.HAL_ADC_MspInit)
    HAL_Delay                                0x08001479   Thumb Code    40  stm32g4xx_hal.o(.text.HAL_Delay)
    HAL_GPIO_Init                            0x080014a1   Thumb Code   426  stm32g4xx_hal_gpio.o(.text.HAL_GPIO_Init)
    HAL_GPIO_WritePin                        0x0800164d   Thumb Code    12  stm32g4xx_hal_gpio.o(.text.HAL_GPIO_WritePin)
    HAL_GetTick                              0x08001659   Thumb Code    12  stm32g4xx_hal.o(.text.HAL_GetTick)
    HAL_IncTick                              0x08001665   Thumb Code    26  stm32g4xx_hal.o(.text.HAL_IncTick)
    HAL_Init                                 0x08001681   Thumb Code    30  stm32g4xx_hal.o(.text.HAL_Init)
    HAL_InitTick                             0x080016a1   Thumb Code    76  stm32g4xx_hal.o(.text.HAL_InitTick)
    HAL_MspInit                              0x080016ed   Thumb Code    52  stm32g4xx_hal_msp.o(.text.HAL_MspInit)
    HAL_NVIC_EnableIRQ                       0x08001721   Thumb Code    38  stm32g4xx_hal_cortex.o(.text.HAL_NVIC_EnableIRQ)
    HAL_NVIC_SetPriority                     0x08001749   Thumb Code    86  stm32g4xx_hal_cortex.o(.text.HAL_NVIC_SetPriority)
    HAL_NVIC_SetPriorityGrouping             0x080017a1   Thumb Code    32  stm32g4xx_hal_cortex.o(.text.HAL_NVIC_SetPriorityGrouping)
    HAL_PCDEx_ActivateLPM                    0x080017c1   Thumb Code    42  stm32g4xx_hal_pcd_ex.o(.text.HAL_PCDEx_ActivateLPM)
    HAL_PCDEx_LPM_Callback                   0x080017ed   Thumb Code    82  usbd_conf.o(.text.HAL_PCDEx_LPM_Callback)
    HAL_PCDEx_PMAConfig                      0x08001841   Thumb Code    58  stm32g4xx_hal_pcd_ex.o(.text.HAL_PCDEx_PMAConfig)
    HAL_PCD_DataInStageCallback              0x0800187d   Thumb Code    20  usbd_conf.o(.text.HAL_PCD_DataInStageCallback)
    HAL_PCD_DataOutStageCallback             0x08001891   Thumb Code    22  usbd_conf.o(.text.HAL_PCD_DataOutStageCallback)
    HAL_PCD_EP_Close                         0x080018a9   Thumb Code    78  stm32g4xx_hal_pcd.o(.text.HAL_PCD_EP_Close)
    HAL_PCD_EP_ClrStall                      0x080018f9   Thumb Code    98  stm32g4xx_hal_pcd.o(.text.HAL_PCD_EP_ClrStall)
    HAL_PCD_EP_GetRxCount                    0x0800195d   Thumb Code    18  stm32g4xx_hal_pcd.o(.text.HAL_PCD_EP_GetRxCount)
    HAL_PCD_EP_Open                          0x08001971   Thumb Code    96  stm32g4xx_hal_pcd.o(.text.HAL_PCD_EP_Open)
    HAL_PCD_EP_Receive                       0x080019d1   Thumb Code    50  stm32g4xx_hal_pcd.o(.text.HAL_PCD_EP_Receive)
    HAL_PCD_EP_SetStall                      0x08001a05   Thumb Code   100  stm32g4xx_hal_pcd.o(.text.HAL_PCD_EP_SetStall)
    HAL_PCD_EP_Transmit                      0x08001a69   Thumb Code    54  stm32g4xx_hal_pcd.o(.text.HAL_PCD_EP_Transmit)
    HAL_PCD_IRQHandler                       0x08001aa1   Thumb Code  2402  stm32g4xx_hal_pcd.o(.text.HAL_PCD_IRQHandler)
    HAL_PCD_Init                             0x08002405   Thumb Code   534  stm32g4xx_hal_pcd.o(.text.HAL_PCD_Init)
    HAL_PCD_MspInit                          0x0800261d   Thumb Code   102  usbd_conf.o(.text.HAL_PCD_MspInit)
    HAL_PCD_ResetCallback                    0x08002685   Thumb Code    36  usbd_conf.o(.text.HAL_PCD_ResetCallback)
    HAL_PCD_ResumeCallback                   0x080026a9   Thumb Code    40  usbd_conf.o(.text.HAL_PCD_ResumeCallback)
    HAL_PCD_SOFCallback                      0x080026d1   Thumb Code     8  usbd_conf.o(.text.HAL_PCD_SOFCallback)
    HAL_PCD_SetAddress                       0x080026d9   Thumb Code    38  stm32g4xx_hal_pcd.o(.text.HAL_PCD_SetAddress)
    HAL_PCD_SetupStageCallback               0x08002701   Thumb Code    14  usbd_conf.o(.text.HAL_PCD_SetupStageCallback)
    HAL_PCD_Start                            0x08002711   Thumb Code    42  stm32g4xx_hal_pcd.o(.text.HAL_PCD_Start)
    HAL_PCD_SuspendCallback                  0x0800273d   Thumb Code    38  usbd_conf.o(.text.HAL_PCD_SuspendCallback)
    HAL_PWREx_ControlVoltageScaling          0x08002765   Thumb Code   294  stm32g4xx_hal_pwr_ex.o(.text.HAL_PWREx_ControlVoltageScaling)
    HAL_PWREx_DisableUCPDDeadBattery         0x0800288d   Thumb Code    18  stm32g4xx_hal_pwr_ex.o(.text.HAL_PWREx_DisableUCPDDeadBattery)
    HAL_RCCEx_PeriphCLKConfig                0x080028a1   Thumb Code   618  stm32g4xx_hal_rcc_ex.o(.text.HAL_RCCEx_PeriphCLKConfig)
    HAL_RCC_CSSCallback                      0x08002b0d   Thumb Code     2  stm32g4xx_hal_rcc.o(.text.HAL_RCC_CSSCallback)
    HAL_RCC_ClockConfig                      0x08002b11   Thumb Code   788  stm32g4xx_hal_rcc.o(.text.HAL_RCC_ClockConfig)
    HAL_RCC_EnableCSS                        0x08002e25   Thumb Code    18  stm32g4xx_hal_rcc.o(.text.HAL_RCC_EnableCSS)
    HAL_RCC_NMI_IRQHandler                   0x08002e39   Thumb Code    30  stm32g4xx_hal_rcc.o(.text.HAL_RCC_NMI_IRQHandler)
    HAL_RCC_OscConfig                        0x08002e59   Thumb Code  1194  stm32g4xx_hal_rcc.o(.text.HAL_RCC_OscConfig)
    HAL_SPI_Init                             0x08003305   Thumb Code   228  stm32g4xx_hal_spi.o(.text.HAL_SPI_Init)
    HAL_SPI_MspInit                          0x080033e9   Thumb Code   106  stm32g4xx_hal_msp.o(.text.HAL_SPI_MspInit)
    HAL_SPI_TransmitReceive                  0x08003455   Thumb Code   778  stm32g4xx_hal_spi.o(.text.HAL_SPI_TransmitReceive)
    HAL_SYSTICK_Config                       0x08003761   Thumb Code    44  stm32g4xx_hal_cortex.o(.text.HAL_SYSTICK_Config)
    HAL_TIMEx_Break2Callback                 0x0800378d   Thumb Code     2  stm32g4xx_hal_tim_ex.o(.text.HAL_TIMEx_Break2Callback)
    HAL_TIMEx_BreakCallback                  0x08003791   Thumb Code     2  stm32g4xx_hal_tim_ex.o(.text.HAL_TIMEx_BreakCallback)
    HAL_TIMEx_CommutCallback                 0x08003795   Thumb Code     2  stm32g4xx_hal_tim_ex.o(.text.HAL_TIMEx_CommutCallback)
    HAL_TIMEx_ConfigBreakDeadTime            0x08003799   Thumb Code   202  stm32g4xx_hal_tim_ex.o(.text.HAL_TIMEx_ConfigBreakDeadTime)
    HAL_TIMEx_DirectionChangeCallback        0x08003865   Thumb Code     2  stm32g4xx_hal_tim_ex.o(.text.HAL_TIMEx_DirectionChangeCallback)
    HAL_TIMEx_EncoderIndexCallback           0x08003869   Thumb Code     2  stm32g4xx_hal_tim_ex.o(.text.HAL_TIMEx_EncoderIndexCallback)
    HAL_TIMEx_IndexErrorCallback             0x0800386d   Thumb Code     2  stm32g4xx_hal_tim_ex.o(.text.HAL_TIMEx_IndexErrorCallback)
    HAL_TIMEx_MasterConfigSynchronization    0x08003871   Thumb Code   162  stm32g4xx_hal_tim_ex.o(.text.HAL_TIMEx_MasterConfigSynchronization)
    HAL_TIMEx_PWMN_Start                     0x08003915   Thumb Code   234  stm32g4xx_hal_tim_ex.o(.text.HAL_TIMEx_PWMN_Start)
    HAL_TIMEx_TransitionErrorCallback        0x08003a01   Thumb Code     2  stm32g4xx_hal_tim_ex.o(.text.HAL_TIMEx_TransitionErrorCallback)
    HAL_TIM_Base_Init                        0x08003a05   Thumb Code    98  stm32g4xx_hal_tim.o(.text.HAL_TIM_Base_Init)
    HAL_TIM_Base_MspInit                     0x08003a69   Thumb Code    70  stm32g4xx_hal_msp.o(.text.HAL_TIM_Base_MspInit)
    HAL_TIM_Base_Start_IT                    0x08003ab1   Thumb Code   146  stm32g4xx_hal_tim.o(.text.HAL_TIM_Base_Start_IT)
    HAL_TIM_IC_CaptureCallback               0x08003b45   Thumb Code     2  stm32g4xx_hal_tim.o(.text.HAL_TIM_IC_CaptureCallback)
    HAL_TIM_IRQHandler                       0x08003b49   Thumb Code   460  stm32g4xx_hal_tim.o(.text.HAL_TIM_IRQHandler)
    HAL_TIM_MspPostInit                      0x08003d15   Thumb Code   128  stm32g4xx_hal_msp.o(.text.HAL_TIM_MspPostInit)
    HAL_TIM_OC_DelayElapsedCallback          0x08003d95   Thumb Code     2  stm32g4xx_hal_tim.o(.text.HAL_TIM_OC_DelayElapsedCallback)
    HAL_TIM_PWM_ConfigChannel                0x08003d99   Thumb Code   974  stm32g4xx_hal_tim.o(.text.HAL_TIM_PWM_ConfigChannel)
    HAL_TIM_PWM_Init                         0x08004169   Thumb Code    98  stm32g4xx_hal_tim.o(.text.HAL_TIM_PWM_Init)
    HAL_TIM_PWM_MspInit                      0x080041cd   Thumb Code    50  stm32g4xx_hal_msp.o(.text.HAL_TIM_PWM_MspInit)
    HAL_TIM_PWM_PulseFinishedCallback        0x08004201   Thumb Code     2  stm32g4xx_hal_tim.o(.text.HAL_TIM_PWM_PulseFinishedCallback)
    HAL_TIM_PWM_Start                        0x08004205   Thumb Code   390  stm32g4xx_hal_tim.o(.text.HAL_TIM_PWM_Start)
    HAL_TIM_PeriodElapsedCallback            0x0800438d   Thumb Code    28  main.o(.text.HAL_TIM_PeriodElapsedCallback)
    HAL_TIM_TriggerCallback                  0x080043a9   Thumb Code     2  stm32g4xx_hal_tim.o(.text.HAL_TIM_TriggerCallback)
    HardFault_Handler                        0x080043ad   Thumb Code     2  stm32g4xx_it.o(.text.HardFault_Handler)
    Id_current_loop                          0x080043b1   Thumb Code   106  focctr.o(.text.Id_current_loop)
    Iq_current_loop                          0x0800441d   Thumb Code   106  focctr.o(.text.Iq_current_loop)
    Klark_change                             0x08004489   Thumb Code   224  focctr.o(.text.Klark_change)
    MX_USB_Device_Init                       0x08004569   Thumb Code   114  usb_device.o(.text.MX_USB_Device_Init)
    MeasurePosVel                            0x080045dd   Thumb Code   520  pll.o(.text.MeasurePosVel)
    MemManage_Handler                        0x080047e5   Thumb Code     2  stm32g4xx_it.o(.text.MemManage_Handler)
    NMI_Handler                              0x080047e9   Thumb Code     6  stm32g4xx_it.o(.text.NMI_Handler)
    Park_change_Contrary                     0x080047f1   Thumb Code   102  focctr.o(.text.Park_change_Contrary)
    PendSV_Handler                           0x08004859   Thumb Code     2  stm32g4xx_it.o(.text.PendSV_Handler)
    SVC_Handler                              0x08004ab5   Thumb Code     2  stm32g4xx_it.o(.text.SVC_Handler)
    SysTick_Handler                          0x08004ab9   Thumb Code     4  stm32g4xx_it.o(.text.SysTick_Handler)
    SystemClock_Config                       0x08004abd   Thumb Code   116  main.o(.text.SystemClock_Config)
    SystemInit                               0x08004b31   Thumb Code    18  system_stm32g4xx.o(.text.SystemInit)
    TIM6_DAC_IRQHandler                      0x08004b45   Thumb Code    12  stm32g4xx_it.o(.text.TIM6_DAC_IRQHandler)
    TIM_Base_SetConfig                       0x08004b51   Thumb Code   282  stm32g4xx_hal_tim.o(.text.TIM_Base_SetConfig)
    USBD_CDC_ConfigStrDescriptor             0x08004c6d   Thumb Code    24  usbd_desc.o(.text.USBD_CDC_ConfigStrDescriptor)
    USBD_CDC_DeviceDescriptor                0x08004d71   Thumb Code    14  usbd_desc.o(.text.USBD_CDC_DeviceDescriptor)
    USBD_CDC_GetDeviceQualifierDescriptor    0x08004db5   Thumb Code    16  usbd_cdc.o(.text.USBD_CDC_GetDeviceQualifierDescriptor)
    USBD_CDC_InterfaceStrDescriptor          0x08004e8d   Thumb Code    24  usbd_desc.o(.text.USBD_CDC_InterfaceStrDescriptor)
    USBD_CDC_LangIDStrDescriptor             0x08004eb5   Thumb Code    14  usbd_desc.o(.text.USBD_CDC_LangIDStrDescriptor)
    USBD_CDC_ManufacturerStrDescriptor       0x08004ec5   Thumb Code    24  usbd_desc.o(.text.USBD_CDC_ManufacturerStrDescriptor)
    USBD_CDC_ProductStrDescriptor            0x08004ef1   Thumb Code    24  usbd_desc.o(.text.USBD_CDC_ProductStrDescriptor)
    USBD_CDC_ReceivePacket                   0x08004f21   Thumb Code    44  usbd_cdc.o(.text.USBD_CDC_ReceivePacket)
    USBD_CDC_RegisterInterface               0x08004f4d   Thumb Code    14  usbd_cdc.o(.text.USBD_CDC_RegisterInterface)
    USBD_CDC_SerialStrDescriptor             0x08004f5d   Thumb Code   364  usbd_desc.o(.text.USBD_CDC_SerialStrDescriptor)
    USBD_CDC_SetRxBuffer                     0x080050c9   Thumb Code    18  usbd_cdc.o(.text.USBD_CDC_SetRxBuffer)
    USBD_CDC_SetTxBuffer                     0x080050dd   Thumb Code    22  usbd_cdc.o(.text.USBD_CDC_SetTxBuffer)
    USBD_CDC_TransmitPacket                  0x080051e5   Thumb Code    54  usbd_cdc.o(.text.USBD_CDC_TransmitPacket)
    USBD_ClrClassConfig                      0x0800521d   Thumb Code    16  usbd_core.o(.text.USBD_ClrClassConfig)
    USBD_CtlContinueRx                       0x0800522d   Thumb Code    16  usbd_ioreq.o(.text.USBD_CtlContinueRx)
    USBD_CtlContinueSendData                 0x0800523d   Thumb Code    16  usbd_ioreq.o(.text.USBD_CtlContinueSendData)
    USBD_CtlError                            0x0800524d   Thumb Code    22  usbd_ctlreq.o(.text.USBD_CtlError)
    USBD_CtlPrepareRx                        0x08005265   Thumb Code    26  usbd_ioreq.o(.text.USBD_CtlPrepareRx)
    USBD_CtlReceiveStatus                    0x08005281   Thumb Code    22  usbd_ioreq.o(.text.USBD_CtlReceiveStatus)
    USBD_CtlSendData                         0x08005299   Thumb Code    26  usbd_ioreq.o(.text.USBD_CtlSendData)
    USBD_CtlSendStatus                       0x080052b5   Thumb Code    22  usbd_ioreq.o(.text.USBD_CtlSendStatus)
    USBD_GetString                           0x080052cd   Thumb Code   218  usbd_ctlreq.o(.text.USBD_GetString)
    USBD_Init                                0x080053a9   Thumb Code    42  usbd_core.o(.text.USBD_Init)
    USBD_LL_ClearStallEP                     0x080053d5   Thumb Code    34  usbd_conf.o(.text.USBD_LL_ClearStallEP)
    USBD_LL_CloseEP                          0x080053f9   Thumb Code    34  usbd_conf.o(.text.USBD_LL_CloseEP)
    USBD_LL_DataInStage                      0x0800541d   Thumb Code   168  usbd_core.o(.text.USBD_LL_DataInStage)
    USBD_LL_DataOutStage                     0x080054c5   Thumb Code   110  usbd_core.o(.text.USBD_LL_DataOutStage)
    USBD_LL_GetRxDataSize                    0x08005535   Thumb Code     8  usbd_conf.o(.text.USBD_LL_GetRxDataSize)
    USBD_LL_Init                             0x0800553d   Thumb Code   134  usbd_conf.o(.text.USBD_LL_Init)
    USBD_LL_IsStallEP                        0x080055c5   Thumb Code    34  usbd_conf.o(.text.USBD_LL_IsStallEP)
    USBD_LL_OpenEP                           0x080055e9   Thumb Code    40  usbd_conf.o(.text.USBD_LL_OpenEP)
    USBD_LL_PrepareReceive                   0x08005611   Thumb Code    34  usbd_conf.o(.text.USBD_LL_PrepareReceive)
    USBD_LL_Reset                            0x08005635   Thumb Code   104  usbd_core.o(.text.USBD_LL_Reset)
    USBD_LL_Resume                           0x0800569d   Thumb Code    20  usbd_core.o(.text.USBD_LL_Resume)
    USBD_LL_SOF                              0x080056b1   Thumb Code    32  usbd_core.o(.text.USBD_LL_SOF)
    USBD_LL_SetSpeed                         0x080056d1   Thumb Code     8  usbd_core.o(.text.USBD_LL_SetSpeed)
    USBD_LL_SetUSBAddress                    0x080056d9   Thumb Code    34  usbd_conf.o(.text.USBD_LL_SetUSBAddress)
    USBD_LL_SetupStage                       0x080056fd   Thumb Code    98  usbd_core.o(.text.USBD_LL_SetupStage)
    USBD_LL_StallEP                          0x08005761   Thumb Code    34  usbd_conf.o(.text.USBD_LL_StallEP)
    USBD_LL_Start                            0x08005785   Thumb Code    34  usbd_conf.o(.text.USBD_LL_Start)
    USBD_LL_Suspend                          0x080057a9   Thumb Code    20  usbd_core.o(.text.USBD_LL_Suspend)
    USBD_LL_Transmit                         0x080057bd   Thumb Code    34  usbd_conf.o(.text.USBD_LL_Transmit)
    USBD_ParseSetupRequest                   0x080057e1   Thumb Code    22  usbd_ctlreq.o(.text.USBD_ParseSetupRequest)
    USBD_RegisterClass                       0x080057f9   Thumb Code    46  usbd_core.o(.text.USBD_RegisterClass)
    USBD_SetClassConfig                      0x08005829   Thumb Code    16  usbd_core.o(.text.USBD_SetClassConfig)
    USBD_Start                               0x08005839   Thumb Code     4  usbd_core.o(.text.USBD_Start)
    USBD_StdDevReq                           0x0800583d   Thumb Code   884  usbd_ctlreq.o(.text.USBD_StdDevReq)
    USBD_StdEPReq                            0x08005bb1   Thumb Code   326  usbd_ctlreq.o(.text.USBD_StdEPReq)
    USBD_StdItfReq                           0x08005cf9   Thumb Code   122  usbd_ctlreq.o(.text.USBD_StdItfReq)
    USBD_static_free                         0x08005d75   Thumb Code     2  usbd_conf.o(.text.USBD_static_free)
    USBD_static_malloc                       0x08005d79   Thumb Code    10  usbd_conf.o(.text.USBD_static_malloc)
    USB_ActivateEndpoint                     0x08005d85   Thumb Code   588  stm32g4xx_ll_usb.o(.text.USB_ActivateEndpoint)
    USB_DeactivateEndpoint                   0x08005fd1   Thumb Code   226  stm32g4xx_ll_usb.o(.text.USB_DeactivateEndpoint)
    USB_DevConnect                           0x080060b5   Thumb Code    18  stm32g4xx_ll_usb.o(.text.USB_DevConnect)
    USB_DevInit                              0x080060c9   Thumb Code    26  stm32g4xx_ll_usb.o(.text.USB_DevInit)
    USB_DisableGlobalInt                     0x080060e5   Thumb Code    20  stm32g4xx_ll_usb.o(.text.USB_DisableGlobalInt)
    USB_EPClearStall                         0x080060f9   Thumb Code   124  stm32g4xx_ll_usb.o(.text.USB_EPClearStall)
    USB_EPSetStall                           0x08006175   Thumb Code    50  stm32g4xx_ll_usb.o(.text.USB_EPSetStall)
    USB_EPStartXfer                          0x080061a9   Thumb Code  2142  stm32g4xx_ll_usb.o(.text.USB_EPStartXfer)
    USB_EnableGlobalInt                      0x08006a09   Thumb Code    20  stm32g4xx_ll_usb.o(.text.USB_EnableGlobalInt)
    USB_LP_IRQHandler                        0x08006a1d   Thumb Code    12  stm32g4xx_it.o(.text.USB_LP_IRQHandler)
    USB_ReadInterrupts                       0x08006a29   Thumb Code     6  stm32g4xx_ll_usb.o(.text.USB_ReadInterrupts)
    USB_ReadPMA                              0x08006a31   Thumb Code   156  stm32g4xx_ll_usb.o(.text.USB_ReadPMA)
    USB_SetDevAddress                        0x08006acd   Thumb Code    14  stm32g4xx_ll_usb.o(.text.USB_SetDevAddress)
    USB_WritePMA                             0x08006add   Thumb Code   130  stm32g4xx_ll_usb.o(.text.USB_WritePMA)
    UsageFault_Handler                       0x08006b61   Thumb Code     2  stm32g4xx_it.o(.text.UsageFault_Handler)
    arm_abs_f32                              0x08006b65   Thumb Code   162  basicmathfunctions.o(.text.arm_abs_f32)
    arm_cos_f32                              0x08006c09   Thumb Code   148  fastmathfunctions.o(.text.arm_cos_f32)
    arm_sin_f32                              0x08006c9d   Thumb Code   140  fastmathfunctions.o(.text.arm_sin_f32)
    main                                     0x08006d29   Thumb Code  1526  main.o(.text.main)
    sector_judg                              0x08007321   Thumb Code   496  focctr.o(.text.sector_judg)
    speed_loop                               0x08007511   Thumb Code    78  focctr.o(.text.speed_loop)
    __hardfp_floorf                          0x08007561   Thumb Code    98  floorf.o(i.__hardfp_floorf)
    __hardfp_nearbyintf                      0x080075d1   Thumb Code    56  nearbyintf.o(i.__hardfp_nearbyintf)
    __aeabi_d2f                              0x08007609   Thumb Code     0  d2f.o(x$fpl$d2f)
    _d2f                                     0x08007609   Thumb Code    98  d2f.o(x$fpl$d2f)
    __aeabi_dadd                             0x0800766d   Thumb Code     0  daddsub_clz.o(x$fpl$dadd)
    _dadd                                    0x0800766d   Thumb Code   332  daddsub_clz.o(x$fpl$dadd)
    __aeabi_ui2d                             0x080077bd   Thumb Code     0  dflt_clz.o(x$fpl$dfltu)
    _dfltu                                   0x080077bd   Thumb Code    38  dflt_clz.o(x$fpl$dfltu)
    __fpl_dnaninf                            0x080077e3   Thumb Code   156  dnaninf.o(x$fpl$dnaninf)
    __fpl_dretinf                            0x0800787f   Thumb Code    12  dretinf.o(x$fpl$dretinf)
    __aeabi_dsub                             0x0800788d   Thumb Code     0  daddsub_clz.o(x$fpl$dsub)
    _dsub                                    0x0800788d   Thumb Code   472  daddsub_clz.o(x$fpl$dsub)
    __aeabi_f2d                              0x08007a69   Thumb Code     0  f2d.o(x$fpl$f2d)
    _f2d                                     0x08007a69   Thumb Code    86  f2d.o(x$fpl$f2d)
    __fpl_fnaninf                            0x08007abf   Thumb Code   140  fnaninf.o(x$fpl$fnaninf)
    _fp_init                                 0x08007b4b   Thumb Code    26  fpinit.o(x$fpl$fpinit)
    __fplib_config_fpu_vfp                   0x08007b63   Thumb Code     0  fpinit.o(x$fpl$fpinit)
    __fplib_config_pureend_doubles           0x08007b63   Thumb Code     0  fpinit.o(x$fpl$fpinit)
    __fpl_fretinf                            0x08007b65   Thumb Code    10  fretinf.o(x$fpl$fretinf)
    _frnd                                    0x08007b71   Thumb Code    96  frnd.o(x$fpl$frnd)
    AHBPrescTable                            0x08007bd0   Data          16  system_stm32g4xx.o(.rodata.AHBPrescTable)
    __I$use$fp                               0x08007bd0   Number         0  usenofp.o(x$fpl$usenofp)
    sinTable_f32                             0x08007be0   Data        2052  commontables.o(.rodata.sinTable_f32)
    Region$$Table$$Base                      0x080083e4   Number         0  anon$$obj.o(Region$$Table)
    Region$$Table$$Limit                     0x08008404   Number         0  anon$$obj.o(Region$$Table)
    uwTickPrio                               0x20000000   Data           4  stm32g4xx_hal.o(.data..L_MergedGlobals)
    uwTickFreq                               0x20000004   Data           4  stm32g4xx_hal.o(.data..L_MergedGlobals)
    CDC_Desc                                 0x20000008   Data          32  usbd_desc.o(.data.CDC_Desc)
    SystemCoreClock                          0x20000028   Data           4  system_stm32g4xx.o(.data.SystemCoreClock)
    USBD_CDC                                 0x2000002c   Data          56  usbd_cdc.o(.data.USBD_CDC)
    USBD_CDC_DeviceDesc                      0x200000ec   Data          18  usbd_desc.o(.data.USBD_CDC_DeviceDesc)
    USBD_Interface_fops_FS                   0x20000150   Data          20  usbd_cdc_if.o(.data.USBD_Interface_fops_FS)
    USBD_LangIDDesc                          0x20000164   Data           4  usbd_desc.o(.data.USBD_LangIDDesc)
    USBD_StringSerial                        0x20000168   Data          26  usbd_desc.o(.data.USBD_StringSerial)
    Ud                                       0x20000184   Data           4  focctr.o(.data.Ud)
    target_speed                             0x20000188   Data           4  focctr.o(.data.target_speed)
    __libspace_start                         0x20000190   Data          96  libspace.o(.bss)
    __temporary_stack_top$libspace           0x200001f0   Data           0  libspace.o(.bss)
    sector                                   0x200001f0   Data           1  focctr.o(.bss..L_MergedGlobals)
    Iq_Target                                0x200001f4   Data           4  focctr.o(.bss..L_MergedGlobals)
    Id_Target                                0x200001f8   Data           4  focctr.o(.bss..L_MergedGlobals)
    Uq                                       0x200001fc   Data           4  focctr.o(.bss..L_MergedGlobals)
    cos_value                                0x20000200   Data           4  focctr.o(.bss..L_MergedGlobals)
    sin_value                                0x20000204   Data           4  focctr.o(.bss..L_MergedGlobals)
    Ksp                                      0x20000208   Data           4  focctr.o(.bss..L_MergedGlobals)
    Ualpha                                   0x2000020c   Data           4  focctr.o(.bss..L_MergedGlobals)
    Ubata                                    0x20000210   Data           4  focctr.o(.bss..L_MergedGlobals)
    Id_ref                                   0x20000214   Data           4  focctr.o(.bss..L_MergedGlobals)
    Iq_ref                                   0x20000218   Data           4  focctr.o(.bss..L_MergedGlobals)
    Ia                                       0x2000021c   Data           4  focctr.o(.bss..L_MergedGlobals)
    Ib                                       0x20000220   Data           4  focctr.o(.bss..L_MergedGlobals)
    Ic                                       0x20000224   Data           4  focctr.o(.bss..L_MergedGlobals)
    I_ref_ahp                                0x20000228   Data           4  focctr.o(.bss..L_MergedGlobals)
    I_ref_beta                               0x2000022c   Data           4  focctr.o(.bss..L_MergedGlobals)
    X                                        0x20000230   Data           4  focctr.o(.bss..L_MergedGlobals)
    Y                                        0x20000234   Data           4  focctr.o(.bss..L_MergedGlobals)
    Z                                        0x20000238   Data           4  focctr.o(.bss..L_MergedGlobals)
    ta                                       0x2000023c   Data           4  focctr.o(.bss..L_MergedGlobals)
    tb                                       0x20000240   Data           4  focctr.o(.bss..L_MergedGlobals)
    tc                                       0x20000244   Data           4  focctr.o(.bss..L_MergedGlobals)
    pos_vel                                  0x20000248   Data          20  focctr.o(.bss..L_MergedGlobals)
    isready                                  0x2000025c   Data           1  main.o(.bss..L_MergedGlobals)
    times2                                   0x2000025d   Data           1  main.o(.bss..L_MergedGlobals)
    SPI_send_data                            0x2000025e   Data           2  main.o(.bss..L_MergedGlobals)
    SPI_recive_data                          0x20000260   Data           2  main.o(.bss..L_MergedGlobals)
    Angel_begin                              0x20000262   Data           2  main.o(.bss..L_MergedGlobals)
    my_data                                  0x20000264   Data          40  main.o(.bss..L_MergedGlobals)
    htim6                                    0x2000028c   Data          76  main.o(.bss..L_MergedGlobals)
    Iq_current                               0x200002f0   Data          20  focctr.o(.bss..L_MergedGlobals.1)
    Id_current                               0x20000304   Data          20  focctr.o(.bss..L_MergedGlobals.1)
    Speed_ctl                                0x20000318   Data          20  focctr.o(.bss..L_MergedGlobals.1)
    USBD_StrDesc                             0x20000330   Data         512  usbd_desc.o(.bss.USBD_StrDesc)
    UserRxBufferFS                           0x20000750   Data        1024  usbd_cdc_if.o(.bss.UserRxBufferFS)
    UserTxBufferFS                           0x20000b50   Data        1024  usbd_cdc_if.o(.bss.UserTxBufferFS)
    hUsbDeviceFS                             0x20000f50   Data         720  usb_device.o(.bss.hUsbDeviceFS)
    hadc1                                    0x20001220   Data         108  main.o(.bss.hadc1)
    hpcd_USB_FS                              0x2000128c   Data         732  usbd_conf.o(.bss.hpcd_USB_FS)
    hspi2                                    0x20001568   Data         100  main.o(.bss.hspi2)
    htim1                                    0x200015cc   Data          76  main.o(.bss.htim1)
    uwTick                                   0x20001618   Data           4  stm32g4xx_hal.o(.bss.uwTick)



==============================================================================

Memory Map of the image

  Image Entry point : 0x080001d9

  Load Region LR_IROM1 (Base: 0x08000000, Size: 0x00008598, Max: 0x00020000, ABSOLUTE, COMPRESSED[0x000084d8])

    Execution Region ER_IROM1 (Exec base: 0x08000000, Load base: 0x08000000, Size: 0x00008404, Max: 0x00020000, ABSOLUTE)

    Exec Addr    Load Addr    Size         Type   Attr      Idx    E Section Name        Object

    0x08000000   0x08000000   0x000001d8   Data   RO            3    RESET               startup_stm32g431xx.o
    0x080001d8   0x080001d8   0x00000008   Code   RO         3459  * !!!main             c_w.l(__main.o)
    0x080001e0   0x080001e0   0x00000034   Code   RO         3796    !!!scatter          c_w.l(__scatter.o)
    0x08000214   0x08000214   0x0000005a   Code   RO         3794    !!dczerorl2         c_w.l(__dczerorl2.o)
    0x0800026e   0x0800026e   0x00000002   PAD
    0x08000270   0x08000270   0x0000001c   Code   RO         3798    !!handler_zi        c_w.l(__scatter_zi.o)
    0x0800028c   0x0800028c   0x00000002   Code   RO         3659    .ARM.Collect$$libinit$$00000000  c_w.l(libinit.o)
    0x0800028e   0x0800028e   0x00000004   Code   RO         3668    .ARM.Collect$$libinit$$00000001  c_w.l(libinit2.o)
    0x08000292   0x08000292   0x00000000   Code   RO         3671    .ARM.Collect$$libinit$$00000004  c_w.l(libinit2.o)
    0x08000292   0x08000292   0x00000000   Code   RO         3673    .ARM.Collect$$libinit$$00000006  c_w.l(libinit2.o)
    0x08000292   0x08000292   0x00000000   Code   RO         3676    .ARM.Collect$$libinit$$0000000C  c_w.l(libinit2.o)
    0x08000292   0x08000292   0x00000000   Code   RO         3678    .ARM.Collect$$libinit$$0000000E  c_w.l(libinit2.o)
    0x08000292   0x08000292   0x00000000   Code   RO         3680    .ARM.Collect$$libinit$$00000010  c_w.l(libinit2.o)
    0x08000292   0x08000292   0x00000000   Code   RO         3683    .ARM.Collect$$libinit$$00000013  c_w.l(libinit2.o)
    0x08000292   0x08000292   0x00000000   Code   RO         3685    .ARM.Collect$$libinit$$00000015  c_w.l(libinit2.o)
    0x08000292   0x08000292   0x00000000   Code   RO         3687    .ARM.Collect$$libinit$$00000017  c_w.l(libinit2.o)
    0x08000292   0x08000292   0x00000000   Code   RO         3689    .ARM.Collect$$libinit$$00000019  c_w.l(libinit2.o)
    0x08000292   0x08000292   0x00000000   Code   RO         3691    .ARM.Collect$$libinit$$0000001B  c_w.l(libinit2.o)
    0x08000292   0x08000292   0x00000000   Code   RO         3693    .ARM.Collect$$libinit$$0000001D  c_w.l(libinit2.o)
    0x08000292   0x08000292   0x00000000   Code   RO         3695    .ARM.Collect$$libinit$$0000001F  c_w.l(libinit2.o)
    0x08000292   0x08000292   0x00000000   Code   RO         3697    .ARM.Collect$$libinit$$00000021  c_w.l(libinit2.o)
    0x08000292   0x08000292   0x00000000   Code   RO         3699    .ARM.Collect$$libinit$$00000023  c_w.l(libinit2.o)
    0x08000292   0x08000292   0x00000000   Code   RO         3701    .ARM.Collect$$libinit$$00000025  c_w.l(libinit2.o)
    0x08000292   0x08000292   0x00000000   Code   RO         3703    .ARM.Collect$$libinit$$00000027  c_w.l(libinit2.o)
    0x08000292   0x08000292   0x00000000   Code   RO         3707    .ARM.Collect$$libinit$$0000002E  c_w.l(libinit2.o)
    0x08000292   0x08000292   0x00000000   Code   RO         3709    .ARM.Collect$$libinit$$00000030  c_w.l(libinit2.o)
    0x08000292   0x08000292   0x00000000   Code   RO         3711    .ARM.Collect$$libinit$$00000032  c_w.l(libinit2.o)
    0x08000292   0x08000292   0x00000000   Code   RO         3713    .ARM.Collect$$libinit$$00000034  c_w.l(libinit2.o)
    0x08000292   0x08000292   0x00000002   Code   RO         3714    .ARM.Collect$$libinit$$00000035  c_w.l(libinit2.o)
    0x08000294   0x08000294   0x00000002   Code   RO         3749    .ARM.Collect$$libshutdown$$00000000  c_w.l(libshutdown.o)
    0x08000296   0x08000296   0x00000000   Code   RO         3777    .ARM.Collect$$libshutdown$$00000002  c_w.l(libshutdown2.o)
    0x08000296   0x08000296   0x00000000   Code   RO         3779    .ARM.Collect$$libshutdown$$00000004  c_w.l(libshutdown2.o)
    0x08000296   0x08000296   0x00000000   Code   RO         3782    .ARM.Collect$$libshutdown$$00000007  c_w.l(libshutdown2.o)
    0x08000296   0x08000296   0x00000000   Code   RO         3785    .ARM.Collect$$libshutdown$$0000000A  c_w.l(libshutdown2.o)
    0x08000296   0x08000296   0x00000000   Code   RO         3787    .ARM.Collect$$libshutdown$$0000000C  c_w.l(libshutdown2.o)
    0x08000296   0x08000296   0x00000000   Code   RO         3790    .ARM.Collect$$libshutdown$$0000000F  c_w.l(libshutdown2.o)
    0x08000296   0x08000296   0x00000002   Code   RO         3791    .ARM.Collect$$libshutdown$$00000010  c_w.l(libshutdown2.o)
    0x08000298   0x08000298   0x00000000   Code   RO         3552    .ARM.Collect$$rtentry$$00000000  c_w.l(__rtentry.o)
    0x08000298   0x08000298   0x00000000   Code   RO         3620    .ARM.Collect$$rtentry$$00000002  c_w.l(__rtentry2.o)
    0x08000298   0x08000298   0x00000006   Code   RO         3632    .ARM.Collect$$rtentry$$00000004  c_w.l(__rtentry4.o)
    0x0800029e   0x0800029e   0x00000000   Code   RO         3622    .ARM.Collect$$rtentry$$00000009  c_w.l(__rtentry2.o)
    0x0800029e   0x0800029e   0x00000004   Code   RO         3623    .ARM.Collect$$rtentry$$0000000A  c_w.l(__rtentry2.o)
    0x080002a2   0x080002a2   0x00000000   Code   RO         3625    .ARM.Collect$$rtentry$$0000000C  c_w.l(__rtentry2.o)
    0x080002a2   0x080002a2   0x00000008   Code   RO         3626    .ARM.Collect$$rtentry$$0000000D  c_w.l(__rtentry2.o)
    0x080002aa   0x080002aa   0x00000002   Code   RO         3660    .ARM.Collect$$rtexit$$00000000  c_w.l(rtexit.o)
    0x080002ac   0x080002ac   0x00000000   Code   RO         3720    .ARM.Collect$$rtexit$$00000002  c_w.l(rtexit2.o)
    0x080002ac   0x080002ac   0x00000004   Code   RO         3721    .ARM.Collect$$rtexit$$00000003  c_w.l(rtexit2.o)
    0x080002b0   0x080002b0   0x00000006   Code   RO         3722    .ARM.Collect$$rtexit$$00000004  c_w.l(rtexit2.o)
    0x080002b6   0x080002b6   0x00000002   PAD
    0x080002b8   0x080002b8   0x00000040   Code   RO            4    .text               startup_stm32g431xx.o
    0x080002f8   0x080002f8   0x0000004e   Code   RO         3455    .text               c_w.l(rt_memclr_w.o)
    0x08000346   0x08000346   0x00000006   Code   RO         3457    .text               c_w.l(heapauxi.o)
    0x0800034c   0x0800034c   0x00000008   Code   RO         3643    .text               c_w.l(libspace.o)
    0x08000354   0x08000354   0x0000004a   Code   RO         3646    .text               c_w.l(sys_stackheap_outer.o)
    0x0800039e   0x0800039e   0x00000012   Code   RO         3648    .text               c_w.l(exit.o)
    0x080003b0   0x080003b0   0x0000000c   Code   RO         3715    .text               c_w.l(sys_exit.o)
    0x080003bc   0x080003bc   0x00000002   Code   RO         3738    .text               c_w.l(use_no_semi.o)
    0x080003be   0x080003be   0x00000000   Code   RO         3740    .text               c_w.l(indicate_semi.o)
    0x080003be   0x080003be   0x00000002   PAD
    0x080003c0   0x080003c0   0x0000000c   Code   RO           87    .text.ADC1_2_IRQHandler  stm32g4xx_it.o
    0x080003cc   0x080003cc   0x0000007c   Code   RO          810    .text.ADC_Disable   stm32g4xx_hal_adc.o
    0x08000448   0x08000448   0x000000f6   Code   RO          816    .text.ADC_Enable    stm32g4xx_hal_adc.o
    0x0800053e   0x0800053e   0x00000002   PAD
    0x08000540   0x08000540   0x00000002   Code   RO           75    .text.BusFault_Handler  stm32g4xx_it.o
    0x08000542   0x08000542   0x00000002   PAD
    0x08000544   0x08000544   0x00000004   Code   RO         1559    .text.CDC_Control_FS  usbd_cdc_if.o
    0x08000548   0x08000548   0x00000004   Code   RO         1557    .text.CDC_DeInit_FS  usbd_cdc_if.o
    0x0800054c   0x0800054c   0x0000002c   Code   RO         1555    .text.CDC_Init_FS   usbd_cdc_if.o
    0x08000578   0x08000578   0x0000001c   Code   RO         1561    .text.CDC_Receive_FS  usbd_cdc_if.o
    0x08000594   0x08000594   0x00000004   Code   RO         1563    .text.CDC_TransmitCplt_FS  usbd_cdc_if.o
    0x08000598   0x08000598   0x00000036   Code   RO         1565    .text.CDC_Transmit_FS  usbd_cdc_if.o
    0x080005ce   0x080005ce   0x00000002   PAD
    0x080005d0   0x080005d0   0x00000002   Code   RO           81    .text.DebugMon_Handler  stm32g4xx_it.o
    0x080005d2   0x080005d2   0x00000002   PAD
    0x080005d4   0x080005d4   0x0000000a   Code   RO           53    .text.Error_Handler  main.o
    0x080005de   0x080005de   0x00000002   PAD
    0x080005e0   0x080005e0   0x000000d4   Code   RO          870    .text.HAL_ADCEx_Calibration_Start  stm32g4xx_hal_adc_ex.o
    0x080006b4   0x080006b4   0x00000002   Code   RO          902    .text.HAL_ADCEx_EndOfSamplingCallback  stm32g4xx_hal_adc_ex.o
    0x080006b6   0x080006b6   0x00000002   PAD
    0x080006b8   0x080006b8   0x0000049e   Code   RO          912    .text.HAL_ADCEx_InjectedConfigChannel  stm32g4xx_hal_adc_ex.o
    0x08000b56   0x08000b56   0x00000002   PAD
    0x08000b58   0x08000b58   0x00000210   Code   RO           43    .text.HAL_ADCEx_InjectedConvCpltCallback  main.o
    0x08000d68   0x08000d68   0x00000002   Code   RO          896    .text.HAL_ADCEx_InjectedQueueOverflowCallback  stm32g4xx_hal_adc_ex.o
    0x08000d6a   0x08000d6a   0x00000002   PAD
    0x08000d6c   0x08000d6c   0x000000e8   Code   RO          876    .text.HAL_ADCEx_InjectedStart  stm32g4xx_hal_adc_ex.o
    0x08000e54   0x08000e54   0x00000002   Code   RO          898    .text.HAL_ADCEx_LevelOutOfWindow2Callback  stm32g4xx_hal_adc_ex.o
    0x08000e56   0x08000e56   0x00000002   PAD
    0x08000e58   0x08000e58   0x00000002   Code   RO          900    .text.HAL_ADCEx_LevelOutOfWindow3Callback  stm32g4xx_hal_adc_ex.o
    0x08000e5a   0x08000e5a   0x00000002   PAD
    0x08000e5c   0x08000e5c   0x000000c0   Code   RO          914    .text.HAL_ADCEx_MultiModeConfigChannel  stm32g4xx_hal_adc_ex.o
    0x08000f1c   0x08000f1c   0x00000002   Code   RO          846    .text.HAL_ADC_ConvCpltCallback  stm32g4xx_hal_adc.o
    0x08000f1e   0x08000f1e   0x00000002   PAD
    0x08000f20   0x08000f20   0x00000002   Code   RO          850    .text.HAL_ADC_ErrorCallback  stm32g4xx_hal_adc.o
    0x08000f22   0x08000f22   0x00000002   PAD
    0x08000f24   0x08000f24   0x0000027a   Code   RO          844    .text.HAL_ADC_IRQHandler  stm32g4xx_hal_adc.o
    0x0800119e   0x0800119e   0x00000002   PAD
    0x080011a0   0x080011a0   0x00000240   Code   RO          802    .text.HAL_ADC_Init  stm32g4xx_hal_adc.o
    0x080013e0   0x080013e0   0x00000002   Code   RO          848    .text.HAL_ADC_LevelOutOfWindowCallback  stm32g4xx_hal_adc.o
    0x080013e2   0x080013e2   0x00000002   PAD
    0x080013e4   0x080013e4   0x00000094   Code   RO          102    .text.HAL_ADC_MspInit  stm32g4xx_hal_msp.o
    0x08001478   0x08001478   0x00000028   Code   RO          314    .text.HAL_Delay     stm32g4xx_hal.o
    0x080014a0   0x080014a0   0x000001aa   Code   RO          534    .text.HAL_GPIO_Init  stm32g4xx_hal_gpio.o
    0x0800164a   0x0800164a   0x00000002   PAD
    0x0800164c   0x0800164c   0x0000000c   Code   RO          540    .text.HAL_GPIO_WritePin  stm32g4xx_hal_gpio.o
    0x08001658   0x08001658   0x0000000c   Code   RO          306    .text.HAL_GetTick   stm32g4xx_hal.o
    0x08001664   0x08001664   0x0000001a   Code   RO          304    .text.HAL_IncTick   stm32g4xx_hal.o
    0x0800167e   0x0800167e   0x00000002   PAD
    0x08001680   0x08001680   0x0000001e   Code   RO          294    .text.HAL_Init      stm32g4xx_hal.o
    0x0800169e   0x0800169e   0x00000002   PAD
    0x080016a0   0x080016a0   0x0000004c   Code   RO          296    .text.HAL_InitTick  stm32g4xx_hal.o
    0x080016ec   0x080016ec   0x00000034   Code   RO          100    .text.HAL_MspInit   stm32g4xx_hal_msp.o
    0x08001720   0x08001720   0x00000026   Code   RO          760    .text.HAL_NVIC_EnableIRQ  stm32g4xx_hal_cortex.o
    0x08001746   0x08001746   0x00000002   PAD
    0x08001748   0x08001748   0x00000056   Code   RO          758    .text.HAL_NVIC_SetPriority  stm32g4xx_hal_cortex.o
    0x0800179e   0x0800179e   0x00000002   PAD
    0x080017a0   0x080017a0   0x00000020   Code   RO          756    .text.HAL_NVIC_SetPriorityGrouping  stm32g4xx_hal_cortex.o
    0x080017c0   0x080017c0   0x0000002a   Code   RO          228    .text.HAL_PCDEx_ActivateLPM  stm32g4xx_hal_pcd_ex.o
    0x080017ea   0x080017ea   0x00000002   PAD
    0x080017ec   0x080017ec   0x00000052   Code   RO         1501    .text.HAL_PCDEx_LPM_Callback  usbd_conf.o
    0x0800183e   0x0800183e   0x00000002   PAD
    0x08001840   0x08001840   0x0000003a   Code   RO          218    .text.HAL_PCDEx_PMAConfig  stm32g4xx_hal_pcd_ex.o
    0x0800187a   0x0800187a   0x00000002   PAD
    0x0800187c   0x0800187c   0x00000014   Code   RO         1455    .text.HAL_PCD_DataInStageCallback  usbd_conf.o
    0x08001890   0x08001890   0x00000016   Code   RO         1453    .text.HAL_PCD_DataOutStageCallback  usbd_conf.o
    0x080018a6   0x080018a6   0x00000002   PAD
    0x080018a8   0x080018a8   0x0000004e   Code   RO          188    .text.HAL_PCD_EP_Close  stm32g4xx_hal_pcd.o
    0x080018f6   0x080018f6   0x00000002   PAD
    0x080018f8   0x080018f8   0x00000062   Code   RO          198    .text.HAL_PCD_EP_ClrStall  stm32g4xx_hal_pcd.o
    0x0800195a   0x0800195a   0x00000002   PAD
    0x0800195c   0x0800195c   0x00000012   Code   RO          192    .text.HAL_PCD_EP_GetRxCount  stm32g4xx_hal_pcd.o
    0x0800196e   0x0800196e   0x00000002   PAD
    0x08001970   0x08001970   0x00000060   Code   RO          186    .text.HAL_PCD_EP_Open  stm32g4xx_hal_pcd.o
    0x080019d0   0x080019d0   0x00000032   Code   RO          190    .text.HAL_PCD_EP_Receive  stm32g4xx_hal_pcd.o
    0x08001a02   0x08001a02   0x00000002   PAD
    0x08001a04   0x08001a04   0x00000064   Code   RO          196    .text.HAL_PCD_EP_SetStall  stm32g4xx_hal_pcd.o
    0x08001a68   0x08001a68   0x00000036   Code   RO          194    .text.HAL_PCD_EP_Transmit  stm32g4xx_hal_pcd.o
    0x08001a9e   0x08001a9e   0x00000002   PAD
    0x08001aa0   0x08001aa0   0x00000962   Code   RO          156    .text.HAL_PCD_IRQHandler  stm32g4xx_hal_pcd.o
    0x08002402   0x08002402   0x00000002   PAD
    0x08002404   0x08002404   0x00000216   Code   RO          144    .text.HAL_PCD_Init  stm32g4xx_hal_pcd.o
    0x0800261a   0x0800261a   0x00000002   PAD
    0x0800261c   0x0800261c   0x00000066   Code   RO         1447    .text.HAL_PCD_MspInit  usbd_conf.o
    0x08002682   0x08002682   0x00000002   PAD
    0x08002684   0x08002684   0x00000024   Code   RO         1459    .text.HAL_PCD_ResetCallback  usbd_conf.o
    0x080026a8   0x080026a8   0x00000028   Code   RO         1463    .text.HAL_PCD_ResumeCallback  usbd_conf.o
    0x080026d0   0x080026d0   0x00000008   Code   RO         1457    .text.HAL_PCD_SOFCallback  usbd_conf.o
    0x080026d8   0x080026d8   0x00000026   Code   RO          160    .text.HAL_PCD_SetAddress  stm32g4xx_hal_pcd.o
    0x080026fe   0x080026fe   0x00000002   PAD
    0x08002700   0x08002700   0x0000000e   Code   RO         1451    .text.HAL_PCD_SetupStageCallback  usbd_conf.o
    0x0800270e   0x0800270e   0x00000002   PAD
    0x08002710   0x08002710   0x0000002a   Code   RO          152    .text.HAL_PCD_Start  stm32g4xx_hal_pcd.o
    0x0800273a   0x0800273a   0x00000002   PAD
    0x0800273c   0x0800273c   0x00000026   Code   RO         1461    .text.HAL_PCD_SuspendCallback  usbd_conf.o
    0x08002762   0x08002762   0x00000002   PAD
    0x08002764   0x08002764   0x00000126   Code   RO          676    .text.HAL_PWREx_ControlVoltageScaling  stm32g4xx_hal_pwr_ex.o
    0x0800288a   0x0800288a   0x00000002   PAD
    0x0800288c   0x0800288c   0x00000012   Code   RO          746    .text.HAL_PWREx_DisableUCPDDeadBattery  stm32g4xx_hal_pwr_ex.o
    0x0800289e   0x0800289e   0x00000002   PAD
    0x080028a0   0x080028a0   0x0000026a   Code   RO          418    .text.HAL_RCCEx_PeriphCLKConfig  stm32g4xx_hal_rcc_ex.o
    0x08002b0a   0x08002b0a   0x00000002   PAD
    0x08002b0c   0x08002b0c   0x00000002   Code   RO          408    .text.HAL_RCC_CSSCallback  stm32g4xx_hal_rcc.o
    0x08002b0e   0x08002b0e   0x00000002   PAD
    0x08002b10   0x08002b10   0x00000314   Code   RO          384    .text.HAL_RCC_ClockConfig  stm32g4xx_hal_rcc.o
    0x08002e24   0x08002e24   0x00000012   Code   RO          400    .text.HAL_RCC_EnableCSS  stm32g4xx_hal_rcc.o
    0x08002e36   0x08002e36   0x00000002   PAD
    0x08002e38   0x08002e38   0x0000001e   Code   RO          406    .text.HAL_RCC_NMI_IRQHandler  stm32g4xx_hal_rcc.o
    0x08002e56   0x08002e56   0x00000002   PAD
    0x08002e58   0x08002e58   0x000004aa   Code   RO          382    .text.HAL_RCC_OscConfig  stm32g4xx_hal_rcc.o
    0x08003302   0x08003302   0x00000002   PAD
    0x08003304   0x08003304   0x000000e4   Code   RO          933    .text.HAL_SPI_Init  stm32g4xx_hal_spi.o
    0x080033e8   0x080033e8   0x0000006a   Code   RO          106    .text.HAL_SPI_MspInit  stm32g4xx_hal_msp.o
    0x08003452   0x08003452   0x00000002   PAD
    0x08003454   0x08003454   0x0000030a   Code   RO          945    .text.HAL_SPI_TransmitReceive  stm32g4xx_hal_spi.o
    0x0800375e   0x0800375e   0x00000002   PAD
    0x08003760   0x08003760   0x0000002c   Code   RO          768    .text.HAL_SYSTICK_Config  stm32g4xx_hal_cortex.o
    0x0800378c   0x0800378c   0x00000002   Code   RO         1409    .text.HAL_TIMEx_Break2Callback  stm32g4xx_hal_tim_ex.o
    0x0800378e   0x0800378e   0x00000002   PAD
    0x08003790   0x08003790   0x00000002   Code   RO         1407    .text.HAL_TIMEx_BreakCallback  stm32g4xx_hal_tim_ex.o
    0x08003792   0x08003792   0x00000002   PAD
    0x08003794   0x08003794   0x00000002   Code   RO         1403    .text.HAL_TIMEx_CommutCallback  stm32g4xx_hal_tim_ex.o
    0x08003796   0x08003796   0x00000002   PAD
    0x08003798   0x08003798   0x000000ca   Code   RO         1355    .text.HAL_TIMEx_ConfigBreakDeadTime  stm32g4xx_hal_tim_ex.o
    0x08003862   0x08003862   0x00000002   PAD
    0x08003864   0x08003864   0x00000002   Code   RO         1413    .text.HAL_TIMEx_DirectionChangeCallback  stm32g4xx_hal_tim_ex.o
    0x08003866   0x08003866   0x00000002   PAD
    0x08003868   0x08003868   0x00000002   Code   RO         1411    .text.HAL_TIMEx_EncoderIndexCallback  stm32g4xx_hal_tim_ex.o
    0x0800386a   0x0800386a   0x00000002   PAD
    0x0800386c   0x0800386c   0x00000002   Code   RO         1415    .text.HAL_TIMEx_IndexErrorCallback  stm32g4xx_hal_tim_ex.o
    0x0800386e   0x0800386e   0x00000002   PAD
    0x08003870   0x08003870   0x000000a2   Code   RO         1353    .text.HAL_TIMEx_MasterConfigSynchronization  stm32g4xx_hal_tim_ex.o
    0x08003912   0x08003912   0x00000002   PAD
    0x08003914   0x08003914   0x000000ea   Code   RO         1323    .text.HAL_TIMEx_PWMN_Start  stm32g4xx_hal_tim_ex.o
    0x080039fe   0x080039fe   0x00000002   PAD
    0x08003a00   0x08003a00   0x00000002   Code   RO         1417    .text.HAL_TIMEx_TransitionErrorCallback  stm32g4xx_hal_tim_ex.o
    0x08003a02   0x08003a02   0x00000002   PAD
    0x08003a04   0x08003a04   0x00000062   Code   RO         1058    .text.HAL_TIM_Base_Init  stm32g4xx_hal_tim.o
    0x08003a66   0x08003a66   0x00000002   PAD
    0x08003a68   0x08003a68   0x00000046   Code   RO          112    .text.HAL_TIM_Base_MspInit  stm32g4xx_hal_msp.o
    0x08003aae   0x08003aae   0x00000002   PAD
    0x08003ab0   0x08003ab0   0x00000092   Code   RO         1072    .text.HAL_TIM_Base_Start_IT  stm32g4xx_hal_tim.o
    0x08003b42   0x08003b42   0x00000002   PAD
    0x08003b44   0x08003b44   0x00000002   Code   RO         1194    .text.HAL_TIM_IC_CaptureCallback  stm32g4xx_hal_tim.o
    0x08003b46   0x08003b46   0x00000002   PAD
    0x08003b48   0x08003b48   0x000001cc   Code   RO         1192    .text.HAL_TIM_IRQHandler  stm32g4xx_hal_tim.o
    0x08003d14   0x08003d14   0x00000080   Code   RO          114    .text.HAL_TIM_MspPostInit  stm32g4xx_hal_msp.o
    0x08003d94   0x08003d94   0x00000002   Code   RO         1196    .text.HAL_TIM_OC_DelayElapsedCallback  stm32g4xx_hal_tim.o
    0x08003d96   0x08003d96   0x00000002   PAD
    0x08003d98   0x08003d98   0x000003ce   Code   RO         1212    .text.HAL_TIM_PWM_ConfigChannel  stm32g4xx_hal_tim.o
    0x08004166   0x08004166   0x00000002   PAD
    0x08004168   0x08004168   0x00000062   Code   RO         1112    .text.HAL_TIM_PWM_Init  stm32g4xx_hal_tim.o
    0x080041ca   0x080041ca   0x00000002   PAD
    0x080041cc   0x080041cc   0x00000032   Code   RO          110    .text.HAL_TIM_PWM_MspInit  stm32g4xx_hal_msp.o
    0x080041fe   0x080041fe   0x00000002   PAD
    0x08004200   0x08004200   0x00000002   Code   RO         1198    .text.HAL_TIM_PWM_PulseFinishedCallback  stm32g4xx_hal_tim.o
    0x08004202   0x08004202   0x00000002   PAD
    0x08004204   0x08004204   0x00000186   Code   RO         1120    .text.HAL_TIM_PWM_Start  stm32g4xx_hal_tim.o
    0x0800438a   0x0800438a   0x00000002   PAD
    0x0800438c   0x0800438c   0x0000001c   Code   RO           45    .text.HAL_TIM_PeriodElapsedCallback  main.o
    0x080043a8   0x080043a8   0x00000002   Code   RO         1202    .text.HAL_TIM_TriggerCallback  stm32g4xx_hal_tim.o
    0x080043aa   0x080043aa   0x00000002   PAD
    0x080043ac   0x080043ac   0x00000002   Code   RO           71    .text.HardFault_Handler  stm32g4xx_it.o
    0x080043ae   0x080043ae   0x00000002   PAD
    0x080043b0   0x080043b0   0x0000006a   Code   RO           21    .text.Id_current_loop  focctr.o
    0x0800441a   0x0800441a   0x00000002   PAD
    0x0800441c   0x0800441c   0x0000006a   Code   RO           19    .text.Iq_current_loop  focctr.o
    0x08004486   0x08004486   0x00000002   PAD
    0x08004488   0x08004488   0x000000e0   Code   RO           15    .text.Klark_change  focctr.o
    0x08004568   0x08004568   0x00000072   Code   RO         1519    .text.MX_USB_Device_Init  usb_device.o
    0x080045da   0x080045da   0x00000002   PAD
    0x080045dc   0x080045dc   0x00000208   Code   RO          128    .text.MeasurePosVel  pll.o
    0x080047e4   0x080047e4   0x00000002   Code   RO           73    .text.MemManage_Handler  stm32g4xx_it.o
    0x080047e6   0x080047e6   0x00000002   PAD
    0x080047e8   0x080047e8   0x00000006   Code   RO           69    .text.NMI_Handler   stm32g4xx_it.o
    0x080047ee   0x080047ee   0x00000002   PAD
    0x080047f0   0x080047f0   0x00000066   Code   RO           11    .text.Park_change_Contrary  focctr.o
    0x08004856   0x08004856   0x00000002   PAD
    0x08004858   0x08004858   0x00000002   Code   RO           83    .text.PendSV_Handler  stm32g4xx_it.o
    0x0800485a   0x0800485a   0x00000002   PAD
    0x0800485c   0x0800485c   0x00000186   Code   RO          995    .text.SPI_WaitFifoStateUntilTimeout  stm32g4xx_hal_spi.o
    0x080049e2   0x080049e2   0x00000002   PAD
    0x080049e4   0x080049e4   0x000000ce   Code   RO          997    .text.SPI_WaitFlagStateUntilTimeout  stm32g4xx_hal_spi.o
    0x08004ab2   0x08004ab2   0x00000002   PAD
    0x08004ab4   0x08004ab4   0x00000002   Code   RO           79    .text.SVC_Handler   stm32g4xx_it.o
    0x08004ab6   0x08004ab6   0x00000002   PAD
    0x08004ab8   0x08004ab8   0x00000004   Code   RO           85    .text.SysTick_Handler  stm32g4xx_it.o
    0x08004abc   0x08004abc   0x00000074   Code   RO           51    .text.SystemClock_Config  main.o
    0x08004b30   0x08004b30   0x00000012   Code   RO         1432    .text.SystemInit    system_stm32g4xx.o
    0x08004b42   0x08004b42   0x00000002   PAD
    0x08004b44   0x08004b44   0x0000000c   Code   RO           91    .text.TIM6_DAC_IRQHandler  stm32g4xx_it.o
    0x08004b50   0x08004b50   0x0000011a   Code   RO         1062    .text.TIM_Base_SetConfig  stm32g4xx_hal_tim.o
    0x08004c6a   0x08004c6a   0x00000002   PAD
    0x08004c6c   0x08004c6c   0x00000024   Code   RO         1538    .text.USBD_CDC_ConfigStrDescriptor  usbd_desc.o
    0x08004c90   0x08004c90   0x0000006e   Code   RO         1677    .text.USBD_CDC_DataIn  usbd_cdc.o
    0x08004cfe   0x08004cfe   0x00000002   PAD
    0x08004d00   0x08004d00   0x0000002c   Code   RO         1679    .text.USBD_CDC_DataOut  usbd_cdc.o
    0x08004d2c   0x08004d2c   0x00000042   Code   RO         1671    .text.USBD_CDC_DeInit  usbd_cdc.o
    0x08004d6e   0x08004d6e   0x00000002   PAD
    0x08004d70   0x08004d70   0x0000000e   Code   RO         1528    .text.USBD_CDC_DeviceDescriptor  usbd_desc.o
    0x08004d7e   0x08004d7e   0x00000002   PAD
    0x08004d80   0x08004d80   0x00000034   Code   RO         1675    .text.USBD_CDC_EP0_RxReady  usbd_cdc.o
    0x08004db4   0x08004db4   0x00000010   Code   RO         1687    .text.USBD_CDC_GetDeviceQualifierDescriptor  usbd_cdc.o
    0x08004dc4   0x08004dc4   0x00000010   Code   RO         1683    .text.USBD_CDC_GetFSCfgDesc  usbd_cdc.o
    0x08004dd4   0x08004dd4   0x00000010   Code   RO         1681    .text.USBD_CDC_GetHSCfgDesc  usbd_cdc.o
    0x08004de4   0x08004de4   0x00000010   Code   RO         1685    .text.USBD_CDC_GetOtherSpeedCfgDesc  usbd_cdc.o
    0x08004df4   0x08004df4   0x00000098   Code   RO         1669    .text.USBD_CDC_Init  usbd_cdc.o
    0x08004e8c   0x08004e8c   0x00000028   Code   RO         1540    .text.USBD_CDC_InterfaceStrDescriptor  usbd_desc.o
    0x08004eb4   0x08004eb4   0x0000000e   Code   RO         1530    .text.USBD_CDC_LangIDStrDescriptor  usbd_desc.o
    0x08004ec2   0x08004ec2   0x00000002   PAD
    0x08004ec4   0x08004ec4   0x0000002c   Code   RO         1532    .text.USBD_CDC_ManufacturerStrDescriptor  usbd_desc.o
    0x08004ef0   0x08004ef0   0x00000030   Code   RO         1534    .text.USBD_CDC_ProductStrDescriptor  usbd_desc.o
    0x08004f20   0x08004f20   0x0000002c   Code   RO         1697    .text.USBD_CDC_ReceivePacket  usbd_cdc.o
    0x08004f4c   0x08004f4c   0x0000000e   Code   RO         1689    .text.USBD_CDC_RegisterInterface  usbd_cdc.o
    0x08004f5a   0x08004f5a   0x00000002   PAD
    0x08004f5c   0x08004f5c   0x0000016c   Code   RO         1536    .text.USBD_CDC_SerialStrDescriptor  usbd_desc.o
    0x080050c8   0x080050c8   0x00000012   Code   RO         1693    .text.USBD_CDC_SetRxBuffer  usbd_cdc.o
    0x080050da   0x080050da   0x00000002   PAD
    0x080050dc   0x080050dc   0x00000016   Code   RO         1691    .text.USBD_CDC_SetTxBuffer  usbd_cdc.o
    0x080050f2   0x080050f2   0x00000002   PAD
    0x080050f4   0x080050f4   0x000000f0   Code   RO         1673    .text.USBD_CDC_Setup  usbd_cdc.o
    0x080051e4   0x080051e4   0x00000036   Code   RO         1695    .text.USBD_CDC_TransmitPacket  usbd_cdc.o
    0x0800521a   0x0800521a   0x00000002   PAD
    0x0800521c   0x0800521c   0x00000010   Code   RO         1592    .text.USBD_ClrClassConfig  usbd_core.o
    0x0800522c   0x0800522c   0x00000010   Code   RO         1653    .text.USBD_CtlContinueRx  usbd_ioreq.o
    0x0800523c   0x0800523c   0x00000010   Code   RO         1649    .text.USBD_CtlContinueSendData  usbd_ioreq.o
    0x0800524c   0x0800524c   0x00000016   Code   RO         1628    .text.USBD_CtlError  usbd_ctlreq.o
    0x08005262   0x08005262   0x00000002   PAD
    0x08005264   0x08005264   0x0000001a   Code   RO         1651    .text.USBD_CtlPrepareRx  usbd_ioreq.o
    0x0800527e   0x0800527e   0x00000002   PAD
    0x08005280   0x08005280   0x00000016   Code   RO         1657    .text.USBD_CtlReceiveStatus  usbd_ioreq.o
    0x08005296   0x08005296   0x00000002   PAD
    0x08005298   0x08005298   0x0000001a   Code   RO         1647    .text.USBD_CtlSendData  usbd_ioreq.o
    0x080052b2   0x080052b2   0x00000002   PAD
    0x080052b4   0x080052b4   0x00000016   Code   RO         1655    .text.USBD_CtlSendStatus  usbd_ioreq.o
    0x080052ca   0x080052ca   0x00000002   PAD
    0x080052cc   0x080052cc   0x000000da   Code   RO         1636    .text.USBD_GetString  usbd_ctlreq.o
    0x080053a6   0x080053a6   0x00000002   PAD
    0x080053a8   0x080053a8   0x0000002a   Code   RO         1578    .text.USBD_Init     usbd_core.o
    0x080053d2   0x080053d2   0x00000002   PAD
    0x080053d4   0x080053d4   0x00000022   Code   RO         1489    .text.USBD_LL_ClearStallEP  usbd_conf.o
    0x080053f6   0x080053f6   0x00000002   PAD
    0x080053f8   0x080053f8   0x00000022   Code   RO         1483    .text.USBD_LL_CloseEP  usbd_conf.o
    0x0800541a   0x0800541a   0x00000002   PAD
    0x0800541c   0x0800541c   0x000000a8   Code   RO         1598    .text.USBD_LL_DataInStage  usbd_core.o
    0x080054c4   0x080054c4   0x0000006e   Code   RO         1596    .text.USBD_LL_DataOutStage  usbd_core.o
    0x08005532   0x08005532   0x00000002   PAD
    0x08005534   0x08005534   0x00000008   Code   RO         1499    .text.USBD_LL_GetRxDataSize  usbd_conf.o
    0x0800553c   0x0800553c   0x00000086   Code   RO         1473    .text.USBD_LL_Init  usbd_conf.o
    0x080055c2   0x080055c2   0x00000002   PAD
    0x080055c4   0x080055c4   0x00000022   Code   RO         1491    .text.USBD_LL_IsStallEP  usbd_conf.o
    0x080055e6   0x080055e6   0x00000002   PAD
    0x080055e8   0x080055e8   0x00000028   Code   RO         1481    .text.USBD_LL_OpenEP  usbd_conf.o
    0x08005610   0x08005610   0x00000022   Code   RO         1497    .text.USBD_LL_PrepareReceive  usbd_conf.o
    0x08005632   0x08005632   0x00000002   PAD
    0x08005634   0x08005634   0x00000068   Code   RO         1600    .text.USBD_LL_Reset  usbd_core.o
    0x0800569c   0x0800569c   0x00000014   Code   RO         1606    .text.USBD_LL_Resume  usbd_core.o
    0x080056b0   0x080056b0   0x00000020   Code   RO         1608    .text.USBD_LL_SOF   usbd_core.o
    0x080056d0   0x080056d0   0x00000008   Code   RO         1602    .text.USBD_LL_SetSpeed  usbd_core.o
    0x080056d8   0x080056d8   0x00000022   Code   RO         1493    .text.USBD_LL_SetUSBAddress  usbd_conf.o
    0x080056fa   0x080056fa   0x00000002   PAD
    0x080056fc   0x080056fc   0x00000062   Code   RO         1594    .text.USBD_LL_SetupStage  usbd_core.o
    0x0800575e   0x0800575e   0x00000002   PAD
    0x08005760   0x08005760   0x00000022   Code   RO         1487    .text.USBD_LL_StallEP  usbd_conf.o
    0x08005782   0x08005782   0x00000002   PAD
    0x08005784   0x08005784   0x00000022   Code   RO         1477    .text.USBD_LL_Start  usbd_conf.o
    0x080057a6   0x080057a6   0x00000002   PAD
    0x080057a8   0x080057a8   0x00000014   Code   RO         1604    .text.USBD_LL_Suspend  usbd_core.o
    0x080057bc   0x080057bc   0x00000022   Code   RO         1495    .text.USBD_LL_Transmit  usbd_conf.o
    0x080057de   0x080057de   0x00000002   PAD
    0x080057e0   0x080057e0   0x00000016   Code   RO         1634    .text.USBD_ParseSetupRequest  usbd_ctlreq.o
    0x080057f6   0x080057f6   0x00000002   PAD
    0x080057f8   0x080057f8   0x0000002e   Code   RO         1582    .text.USBD_RegisterClass  usbd_core.o
    0x08005826   0x08005826   0x00000002   PAD
    0x08005828   0x08005828   0x00000010   Code   RO         1590    .text.USBD_SetClassConfig  usbd_core.o
    0x08005838   0x08005838   0x00000004   Code   RO         1584    .text.USBD_Start    usbd_core.o
    0x0800583c   0x0800583c   0x00000374   Code   RO         1626    .text.USBD_StdDevReq  usbd_ctlreq.o
    0x08005bb0   0x08005bb0   0x00000146   Code   RO         1632    .text.USBD_StdEPReq  usbd_ctlreq.o
    0x08005cf6   0x08005cf6   0x00000002   PAD
    0x08005cf8   0x08005cf8   0x0000007a   Code   RO         1630    .text.USBD_StdItfReq  usbd_ctlreq.o
    0x08005d72   0x08005d72   0x00000002   PAD
    0x08005d74   0x08005d74   0x00000002   Code   RO         1507    .text.USBD_static_free  usbd_conf.o
    0x08005d76   0x08005d76   0x00000002   PAD
    0x08005d78   0x08005d78   0x0000000a   Code   RO         1505    .text.USBD_static_malloc  usbd_conf.o
    0x08005d82   0x08005d82   0x00000002   PAD
    0x08005d84   0x08005d84   0x0000024c   Code   RO          256    .text.USB_ActivateEndpoint  stm32g4xx_ll_usb.o
    0x08005fd0   0x08005fd0   0x000000e2   Code   RO          258    .text.USB_DeactivateEndpoint  stm32g4xx_ll_usb.o
    0x080060b2   0x080060b2   0x00000002   PAD
    0x080060b4   0x080060b4   0x00000012   Code   RO          274    .text.USB_DevConnect  stm32g4xx_ll_usb.o
    0x080060c6   0x080060c6   0x00000002   PAD
    0x080060c8   0x080060c8   0x0000001a   Code   RO          250    .text.USB_DevInit   stm32g4xx_ll_usb.o
    0x080060e2   0x080060e2   0x00000002   PAD
    0x080060e4   0x080060e4   0x00000014   Code   RO          246    .text.USB_DisableGlobalInt  stm32g4xx_ll_usb.o
    0x080060f8   0x080060f8   0x0000007c   Code   RO          266    .text.USB_EPClearStall  stm32g4xx_ll_usb.o
    0x08006174   0x08006174   0x00000032   Code   RO          264    .text.USB_EPSetStall  stm32g4xx_ll_usb.o
    0x080061a6   0x080061a6   0x00000002   PAD
    0x080061a8   0x080061a8   0x0000085e   Code   RO          260    .text.USB_EPStartXfer  stm32g4xx_ll_usb.o
    0x08006a06   0x08006a06   0x00000002   PAD
    0x08006a08   0x08006a08   0x00000014   Code   RO          244    .text.USB_EnableGlobalInt  stm32g4xx_ll_usb.o
    0x08006a1c   0x08006a1c   0x0000000c   Code   RO           89    .text.USB_LP_IRQHandler  stm32g4xx_it.o
    0x08006a28   0x08006a28   0x00000006   Code   RO          278    .text.USB_ReadInterrupts  stm32g4xx_ll_usb.o
    0x08006a2e   0x08006a2e   0x00000002   PAD
    0x08006a30   0x08006a30   0x0000009c   Code   RO          284    .text.USB_ReadPMA   stm32g4xx_ll_usb.o
    0x08006acc   0x08006acc   0x0000000e   Code   RO          272    .text.USB_SetDevAddress  stm32g4xx_ll_usb.o
    0x08006ada   0x08006ada   0x00000002   PAD
    0x08006adc   0x08006adc   0x00000082   Code   RO          262    .text.USB_WritePMA  stm32g4xx_ll_usb.o
    0x08006b5e   0x08006b5e   0x00000002   PAD
    0x08006b60   0x08006b60   0x00000002   Code   RO           77    .text.UsageFault_Handler  stm32g4xx_it.o
    0x08006b62   0x08006b62   0x00000002   PAD
    0x08006b64   0x08006b64   0x000000a2   Code   RO         1712    .text.arm_abs_f32   basicmathfunctions.o
    0x08006c06   0x08006c06   0x00000002   PAD
    0x08006c08   0x08006c08   0x00000094   Code   RO         2287    .text.arm_cos_f32   fastmathfunctions.o
    0x08006c9c   0x08006c9c   0x0000008c   Code   RO         2293    .text.arm_sin_f32   fastmathfunctions.o
    0x08006d28   0x08006d28   0x000005f6   Code   RO           49    .text.main          main.o
    0x0800731e   0x0800731e   0x00000002   PAD
    0x08007320   0x08007320   0x000001f0   Code   RO           17    .text.sector_judg   focctr.o
    0x08007510   0x08007510   0x0000004e   Code   RO           23    .text.speed_loop    focctr.o
    0x0800755e   0x0800755e   0x00000002   PAD
    0x08007560   0x08007560   0x00000070   Code   RO         3509    i.__hardfp_floorf   m_wm.l(floorf.o)
    0x080075d0   0x080075d0   0x00000038   Code   RO         3548    i.__hardfp_nearbyintf  m_wm.l(nearbyintf.o)
    0x08007608   0x08007608   0x00000062   Code   RO         3461    x$fpl$d2f           fz_wm.l(d2f.o)
    0x0800766a   0x0800766a   0x00000002   PAD
    0x0800766c   0x0800766c   0x00000150   Code   RO         3465    x$fpl$dadd          fz_wm.l(daddsub_clz.o)
    0x080077bc   0x080077bc   0x00000026   Code   RO         3485    x$fpl$dfltu         fz_wm.l(dflt_clz.o)
    0x080077e2   0x080077e2   0x0000009c   Code   RO         3567    x$fpl$dnaninf       fz_wm.l(dnaninf.o)
    0x0800787e   0x0800787e   0x0000000c   Code   RO         3569    x$fpl$dretinf       fz_wm.l(dretinf.o)
    0x0800788a   0x0800788a   0x00000002   PAD
    0x0800788c   0x0800788c   0x000001dc   Code   RO         3467    x$fpl$dsub          fz_wm.l(daddsub_clz.o)
    0x08007a68   0x08007a68   0x00000056   Code   RO         3493    x$fpl$f2d           fz_wm.l(f2d.o)
    0x08007abe   0x08007abe   0x0000008c   Code   RO         3575    x$fpl$fnaninf       fz_wm.l(fnaninf.o)
    0x08007b4a   0x08007b4a   0x0000001a   Code   RO         3732    x$fpl$fpinit        fz_wm.l(fpinit.o)
    0x08007b64   0x08007b64   0x0000000a   Code   RO         3577    x$fpl$fretinf       fz_wm.l(fretinf.o)
    0x08007b6e   0x08007b6e   0x00000002   PAD
    0x08007b70   0x08007b70   0x00000060   Code   RO         3579    x$fpl$frnd          fz_wm.l(frnd.o)
    0x08007bd0   0x08007bd0   0x00000000   Code   RO         3583    x$fpl$usenofp       fz_wm.l(usenofp.o)
    0x08007bd0   0x08007bd0   0x00000010   Data   RO         1437    .rodata.AHBPrescTable  system_stm32g4xx.o
    0x08007be0   0x08007be0   0x00000804   Data   RO         1994    .rodata.sinTable_f32  commontables.o
    0x080083e4   0x080083e4   0x00000020   Data   RO         3793    Region$$Table       anon$$obj.o


    Execution Region RW_IRAM1 (Exec base: 0x20000000, Load base: 0x08008408, Size: 0x00002620, Max: 0x00008000, ABSOLUTE, COMPRESSED[0x000000d0])

    Exec Addr    Load Addr    Size         Type   Attr      Idx    E Section Name        Object

    0x20000000   COMPRESSED   0x00000008   Data   RW          371    .data..L_MergedGlobals  stm32g4xx_hal.o
    0x20000008   COMPRESSED   0x00000020   Data   RW         1542    .data.CDC_Desc      usbd_desc.o
    0x20000028   COMPRESSED   0x00000004   Data   RW         1436    .data.SystemCoreClock  system_stm32g4xx.o
    0x2000002c   COMPRESSED   0x00000038   Data   RW         1699    .data.USBD_CDC      usbd_cdc.o
    0x20000064   COMPRESSED   0x00000043   Data   RW         1701    .data.USBD_CDC_CfgFSDesc  usbd_cdc.o
    0x200000a7   COMPRESSED   0x00000001   PAD
    0x200000a8   COMPRESSED   0x00000043   Data   RW         1702    .data.USBD_CDC_CfgHSDesc  usbd_cdc.o
    0x200000eb   COMPRESSED   0x00000001   PAD
    0x200000ec   COMPRESSED   0x00000012   Data   RW         1543    .data.USBD_CDC_DeviceDesc  usbd_desc.o
    0x200000fe   COMPRESSED   0x00000002   PAD
    0x20000100   COMPRESSED   0x0000000a   Data   RW         1700    .data.USBD_CDC_DeviceQualifierDesc  usbd_cdc.o
    0x2000010a   COMPRESSED   0x00000002   PAD
    0x2000010c   COMPRESSED   0x00000043   Data   RW         1703    .data.USBD_CDC_OtherSpeedCfgDesc  usbd_cdc.o
    0x2000014f   COMPRESSED   0x00000001   PAD
    0x20000150   COMPRESSED   0x00000014   Data   RW         1567    .data.USBD_Interface_fops_FS  usbd_cdc_if.o
    0x20000164   COMPRESSED   0x00000004   Data   RW         1544    .data.USBD_LangIDDesc  usbd_desc.o
    0x20000168   COMPRESSED   0x0000001a   Data   RW         1545    .data.USBD_StringSerial  usbd_desc.o
    0x20000182   COMPRESSED   0x00000002   PAD
    0x20000184   COMPRESSED   0x00000004   Data   RW           25    .data.Ud            focctr.o
    0x20000188   COMPRESSED   0x00000004   Data   RW           26    .data.target_speed  focctr.o
    0x2000018c   COMPRESSED   0x00000004   PAD
    0x20000190        -       0x00000060   Zero   RW         3644    .bss                c_w.l(libspace.o)
    0x200001f0        -       0x0000006c   Zero   RW           29    .bss..L_MergedGlobals  focctr.o
    0x2000025c        -       0x0000007c   Zero   RW           60    .bss..L_MergedGlobals  main.o
    0x200002d8        -       0x00000018   Zero   RW          130    .bss..L_MergedGlobals  pll.o
    0x200002f0        -       0x0000003c   Zero   RW           30    .bss..L_MergedGlobals.1  focctr.o
    0x2000032c        -       0x00000001   Zero   RW         1638    .bss.USBD_SetConfig.cfgidx  usbd_ctlreq.o
    0x2000032d   COMPRESSED   0x00000003   PAD
    0x20000330        -       0x00000200   Zero   RW         1546    .bss.USBD_StrDesc   usbd_desc.o
    0x20000530        -       0x00000220   Zero   RW         1510    .bss.USBD_static_malloc.mem  usbd_conf.o
    0x20000750        -       0x00000400   Zero   RW         1568    .bss.UserRxBufferFS  usbd_cdc_if.o
    0x20000b50        -       0x00000400   Zero   RW         1569    .bss.UserTxBufferFS  usbd_cdc_if.o
    0x20000f50        -       0x000002d0   Zero   RW         1521    .bss.hUsbDeviceFS   usb_device.o
    0x20001220        -       0x0000006c   Zero   RW           56    .bss.hadc1          main.o
    0x2000128c        -       0x000002dc   Zero   RW         1509    .bss.hpcd_USB_FS    usbd_conf.o
    0x20001568        -       0x00000064   Zero   RW           55    .bss.hspi2          main.o
    0x200015cc        -       0x0000004c   Zero   RW           57    .bss.htim1          main.o
    0x20001618        -       0x00000004   Zero   RW          370    .bss.uwTick         stm32g4xx_hal.o
    0x2000161c   COMPRESSED   0x00000004   PAD
    0x20001620        -       0x00000800   Zero   RW            2    HEAP                startup_stm32g431xx.o
    0x20001e20        -       0x00000800   Zero   RW            1    STACK               startup_stm32g431xx.o


==============================================================================

Image component sizes


      Code (inc. data)   RO Data    RW Data    ZI Data      Debug   Object Name

       162          0          0          0          0      51036   basicmathfunctions.o
         0          0       2052          0          0      10594   commontables.o
       288         24          0          0          0      34374   fastmathfunctions.o
      1112         44          0          8        168       3781   focctr.o
      2208          8          0          0        408      14825   main.o
       520         44          0          0         24       3227   pll.o
        64         26        472          0       4096        832   startup_stm32g431xx.o
       184          0          0          8          4       8838   stm32g4xx_hal.o
      1586          0          0          0          0      28058   stm32g4xx_hal_adc.o
      1826          0          0          0          0      22455   stm32g4xx_hal_adc_ex.o
       200          0          0          0          0      10220   stm32g4xx_hal_cortex.o
       438          0          0          0          0       5218   stm32g4xx_hal_gpio.o
       554          0          0          0          0      13191   stm32g4xx_hal_msp.o
      3510          0          0          0          0      16136   stm32g4xx_hal_pcd.o
       100          0          0          0          0       5576   stm32g4xx_hal_pcd_ex.o
       312          0          0          0          0       9758   stm32g4xx_hal_pwr_ex.o
      2032          0          0          0          0       9919   stm32g4xx_hal_rcc.o
       618          0          0          0          0      10657   stm32g4xx_hal_rcc_ex.o
      1602          0          0          0          0      26260   stm32g4xx_hal_spi.o
      2456         22          0          0          0      60534   stm32g4xx_hal_tim.o
       612          0          0          0          0      29942   stm32g4xx_hal_tim_ex.o
        60          0          0          0          0       9078   stm32g4xx_it.o
      3520          4          0          0          0      20848   stm32g4xx_ll_usb.o
        18          0         16          4          0       2752   system_stm32g4xx.o
       114          0          0          0        720       3059   usb_device.o
       880         12          0        267          0      10608   usbd_cdc.o
       138          0          0         20       2048       4783   usbd_cdc_if.o
       828          0          0          0       1276      18563   usbd_conf.o
       684          0          0          0          0       8418   usbd_core.o
      1594         44          0          0          1       9993   usbd_ctlreq.o
       560         72          0         80        512       4308   usbd_desc.o
       128          0          0          0          0       4595   usbd_ioreq.o

    ----------------------------------------------------------------------
     29152        300       2572        396       9268     472436   Object Totals
         0          0         32          0          0          0   (incl. Generated)
       244          0          0          9         11          0   (incl. Padding)

    ----------------------------------------------------------------------

      Code (inc. data)   RO Data    RW Data    ZI Data      Debug   Library Member Name

        90          0          0          0          0          0   __dczerorl2.o
         8          0          0          0          0         68   __main.o
         0          0          0          0          0          0   __rtentry.o
        12          0          0          0          0          0   __rtentry2.o
         6          0          0          0          0          0   __rtentry4.o
        52          8          0          0          0          0   __scatter.o
        28          0          0          0          0          0   __scatter_zi.o
        18          0          0          0          0         80   exit.o
         6          0          0          0          0        152   heapauxi.o
         0          0          0          0          0          0   indicate_semi.o
         2          0          0          0          0          0   libinit.o
         6          0          0          0          0          0   libinit2.o
         2          0          0          0          0          0   libshutdown.o
         2          0          0          0          0          0   libshutdown2.o
         8          4          0          0         96         68   libspace.o
        78          0          0          0          0         80   rt_memclr_w.o
         2          0          0          0          0          0   rtexit.o
        10          0          0          0          0          0   rtexit2.o
        12          4          0          0          0         68   sys_exit.o
        74          0          0          0          0         80   sys_stackheap_outer.o
         2          0          0          0          0         68   use_no_semi.o
        98          4          0          0          0        140   d2f.o
       812         16          0          0          0        392   daddsub_clz.o
        38          0          0          0          0        116   dflt_clz.o
       156          4          0          0          0        140   dnaninf.o
        12          0          0          0          0        116   dretinf.o
        86          4          0          0          0        132   f2d.o
       140          4          0          0          0        132   fnaninf.o
        26          0          0          0          0        116   fpinit.o
        10          0          0          0          0        116   fretinf.o
        96          4          0          0          0        124   frnd.o
         0          0          0          0          0          0   usenofp.o
       112         14          0          0          0        116   floorf.o
        56          0          0          0          0        136   nearbyintf.o

    ----------------------------------------------------------------------
      2072         66          0          0         96       2440   Library Totals
        12          0          0          0          0          0   (incl. Padding)

    ----------------------------------------------------------------------

      Code (inc. data)   RO Data    RW Data    ZI Data      Debug   Library Name

       418         16          0          0         96        664   c_w.l
      1474         36          0          0          0       1524   fz_wm.l
       168         14          0          0          0        252   m_wm.l

    ----------------------------------------------------------------------
      2072         66          0          0         96       2440   Library Totals

    ----------------------------------------------------------------------

==============================================================================


      Code (inc. data)   RO Data    RW Data    ZI Data      Debug   

     31224        366       2572        396       9364     472988   Grand Totals
     31224        366       2572        208       9364     472988   ELF Image Totals (compressed)
     31224        366       2572        208          0          0   ROM Totals

==============================================================================

    Total RO  Size (Code + RO Data)                33796 (  33.00kB)
    Total RW  Size (RW Data + ZI Data)              9760 (   9.53kB)
    Total ROM Size (Code + RO Data + RW Data)      34004 (  33.21kB)

==============================================================================

