<html>
<body>
<pre>
<h1>µVision Build Log</h1>
<h2>Tool Versions:</h2>
IDE-Version: ¦ÌVision V5.38.0.0
Copyright (C) 2022 ARM Ltd and ARM Germany GmbH. All rights reserved.
License Information: a ASUS, b, LIC=CZLZX-H8EQG-74IS0-BXQD2-96MJL-F6QCN
 
Tool Versions:
Toolchain:       MDK-ARM Plus  Version: 5.38.0.0
Toolchain Path:  D:\keil\ARM\ARMCLANG\Bin
C Compiler:      ArmClang.exe V6.19
Assembler:       Armasm.exe V6.19
Linker/Locator:  ArmLink.exe V6.19
Library Manager: ArmAr.exe V6.19
Hex Converter:   FromElf.exe V6.19
CPU DLL:         SARMCM3.DLL V5.38.0.0
Dialog DLL:      DCM.DLL V1.17.5.0
Target DLL:      CMSIS_AGDI.dll V1.33.15.0
Dialog DLL:      TCM.DLL V1.56.4.0
 
<h2>Project:</h2>
E:\Robot\firmware\FOC_guanjie\MDK-ARM\Fileware.uvprojx
Project File Date:  04/20/2024

<h2>Output:</h2>
*** Using Compiler 'V6.19', folder: 'D:\keil\ARM\ARMCLANG\Bin'
Rebuild target 'Fileware'
assembling startup_stm32g431xx.s...
compiling stm32g4xx_hal_msp.c...
compiling stm32g4xx_hal_uart_ex.c...
compiling stm32g4xx_hal_uart.c...
compiling stm32g4xx_hal_i2c_ex.c...
compiling stm32g4xx_it.c...
compiling FocCtr.c...
compiling stm32g4xx_hal_i2c.c...
compiling stm32g4xx_hal_pcd_ex.c...
compiling pll.c...
compiling main.c...
compiling stm32g4xx_hal_pcd.c...
compiling stm32g4xx_hal.c...
compiling stm32g4xx_hal_flash_ramfunc.c...
compiling stm32g4xx_ll_usb.c...
compiling stm32g4xx_hal_flash.c...
compiling stm32g4xx_hal_rcc.c...
compiling stm32g4xx_hal_gpio.c...
compiling stm32g4xx_hal_rcc_ex.c...
compiling stm32g4xx_hal_flash_ex.c...
compiling stm32g4xx_hal_exti.c...
compiling stm32g4xx_hal_dma_ex.c...
compiling stm32g4xx_hal_dma.c...
compiling stm32g4xx_hal_pwr.c...
compiling stm32g4xx_hal_pwr_ex.c...
compiling stm32g4xx_ll_adc.c...
compiling stm32g4xx_hal_cortex.c...
compiling stm32g4xx_hal_adc_ex.c...
compiling stm32g4xx_hal_spi_ex.c...
compiling system_stm32g4xx.c...
compiling stm32g4xx_hal_fdcan.c...
compiling stm32g4xx_hal_adc.c...
compiling usb_device.c...
compiling usbd_conf.c...
compiling usbd_cdc_if.c...
compiling usbd_desc.c...
compiling stm32g4xx_hal_spi.c...
compiling stm32g4xx_hal_tim_ex.c...
compiling usbd_ioreq.c...
compiling usbd_core.c...
compiling usbd_ctlreq.c...
compiling BayesFunctions.c...
compiling BayesFunctionsF16.c...
compiling BasicMathFunctionsF16.c...
compiling usbd_cdc.c...
compiling stm32g4xx_hal_tim.c...
compiling ControllerFunctions.c...
compiling ComplexMathFunctionsF16.c...
compiling CommonTablesF16.c...
compiling DistanceFunctionsF16.c...
compiling ComplexMathFunctions.c...
compiling FastMathFunctionsF16.c...
compiling BasicMathFunctions.c...
compiling InterpolationFunctionsF16.c...
compiling FastMathFunctions.c...
compiling DistanceFunctions.c...
compiling InterpolationFunctions.c...
compiling FilteringFunctionsF16.c...
compiling QuaternionMathFunctions.c...
compiling SVMFunctions.c...
compiling SVMFunctionsF16.c...
compiling SupportFunctionsF16.c...
compiling StatisticsFunctionsF16.c...
compiling CommonTables.c...
compiling MatrixFunctionsF16.c...
compiling SupportFunctions.c...
compiling TransformFunctionsF16.c...
compiling StatisticsFunctions.c...
compiling TransformFunctions.c...
compiling MatrixFunctions.c...
compiling FilteringFunctions.c...
linking...
Program Size: Code=34280 RO-data=2588 RW-data=388 ZI-data=9596  
FromELF: creating hex file...
"Fileware\Fileware.axf" - 0 Error(s), 0 Warning(s).

<h2>Software Packages used:</h2>

Package Vendor: ARM
                http://www.keil.com/pack/ARM.CMSIS.5.9.0.pack
                ARM.CMSIS.5.9.0
                CMSIS (Common Microcontroller Software Interface Standard)
   * Component: CORE Version: 5.6.0

Package Vendor: ARM
                https://www.keil.com/pack/ARM.CMSIS-DSP.1.14.2.pack
                ARM.CMSIS-DSP.1.14.2
                CMSIS Embedded Compute Library
   * Component: DSP Variant: Source Version: 1.14.2

Package Vendor: Keil
                https://www.keil.com/pack/Keil.STM32G4xx_DFP.1.5.0.pack
                Keil.STM32G4xx_DFP.1.5.0
                STMicroelectronics STM32G4 Series Device Support, Drivers and Examples

<h2>Collection of Component include folders:</h2>
  ./RTE/_Fileware
  D:/keil/Arm/Packs/ARM/CMSIS-DSP/1.14.2/Include
  D:/keil/Arm/Packs/ARM/CMSIS-DSP/1.14.2/PrivateInclude
  D:/keil/Arm/Packs/ARM/CMSIS/5.9.0/CMSIS/Core/Include
  D:/keil/Arm/Packs/Keil/STM32G4xx_DFP/1.5.0/Drivers/CMSIS/Device/ST/STM32G4xx/Include

<h2>Collection of Component Files used:</h2>

   * Component: ARM::CMSIS:CORE:5.6.0
      Include file:  CMSIS/Core/Include/tz_context.h

   * Component: ARM::CMSIS:DSP:Source:1.14.2
      Source file:   Source/ControllerFunctions/ControllerFunctions.c
      Source file:   Source/FastMathFunctions/FastMathFunctionsF16.c
      Source file:   Source/CommonTables/CommonTables.c
      Source file:   Source/BasicMathFunctions/BasicMathFunctions.c
      Source file:   Source/DistanceFunctions/DistanceFunctionsF16.c
      Source file:   Source/BayesFunctions/BayesFunctionsF16.c
      Source file:   Source/SVMFunctions/SVMFunctionsF16.c
      Source file:   Source/FilteringFunctions/FilteringFunctions.c
      Source file:   Source/ComplexMathFunctions/ComplexMathFunctionsF16.c
      Source file:   Source/DistanceFunctions/DistanceFunctions.c
      Source file:   Source/MatrixFunctions/MatrixFunctionsF16.c
      Source file:   Source/StatisticsFunctions/StatisticsFunctionsF16.c
      Source file:   Source/BayesFunctions/BayesFunctions.c
      Source file:   Source/MatrixFunctions/MatrixFunctions.c
      Source file:   Source/StatisticsFunctions/StatisticsFunctions.c
      Source file:   Source/TransformFunctions/TransformFunctions.c
      Source file:   Source/SVMFunctions/SVMFunctions.c
      Source file:   Source/FastMathFunctions/FastMathFunctions.c
      Source file:   Source/InterpolationFunctions/InterpolationFunctions.c
      Source file:   Source/BasicMathFunctions/BasicMathFunctionsF16.c
      Source file:   Source/FilteringFunctions/FilteringFunctionsF16.c
      Source file:   Source/CommonTables/CommonTablesF16.c
      Source file:   Source/SupportFunctions/SupportFunctionsF16.c
      Include file:  Include/arm_const_structs_f16.h
      Source file:   Source/QuaternionMathFunctions/QuaternionMathFunctions.c
      Source file:   Source/ComplexMathFunctions/ComplexMathFunctions.c
      Source file:   Source/TransformFunctions/TransformFunctionsF16.c
      Source file:   Source/SupportFunctions/SupportFunctions.c
      Source file:   Source/InterpolationFunctions/InterpolationFunctionsF16.c
      Include file:  Include/arm_common_tables_f16.h
      Include file:  Include/arm_math_f16.h
      Include file:  Include/arm_math.h
      Include file:  Include/arm_const_structs.h
      Include file:  Include/arm_common_tables.h
Build Time Elapsed:  00:00:08
</pre>
</body>
</html>
