Component: Arm Compiler for Embedded 6.19 Tool: armlink [5e73cb00]

==============================================================================

Section Cross References

    startup_stm32h743xx.o(STACK) refers (Special) to heapauxi.o(.text) for __use_two_region_memory
    startup_stm32h743xx.o(HEAP) refers (Special) to heapauxi.o(.text) for __use_two_region_memory
    startup_stm32h743xx.o(RESET) refers (Special) to heapauxi.o(.text) for __use_two_region_memory
    startup_stm32h743xx.o(RESET) refers to startup_stm32h743xx.o(STACK) for __initial_sp
    startup_stm32h743xx.o(RESET) refers to startup_stm32h743xx.o(.text) for Reset_Handler
    startup_stm32h743xx.o(RESET) refers to stm32h7xx_it.o(.text.NMI_Handler) for NMI_Handler
    startup_stm32h743xx.o(RESET) refers to stm32h7xx_it.o(.text.HardFault_Handler) for HardFault_Handler
    startup_stm32h743xx.o(RESET) refers to stm32h7xx_it.o(.text.MemManage_Handler) for MemManage_Handler
    startup_stm32h743xx.o(RESET) refers to stm32h7xx_it.o(.text.BusFault_Handler) for BusFault_Handler
    startup_stm32h743xx.o(RESET) refers to stm32h7xx_it.o(.text.UsageFault_Handler) for UsageFault_Handler
    startup_stm32h743xx.o(RESET) refers to stm32h7xx_it.o(.text.SVC_Handler) for SVC_Handler
    startup_stm32h743xx.o(RESET) refers to stm32h7xx_it.o(.text.DebugMon_Handler) for DebugMon_Handler
    startup_stm32h743xx.o(RESET) refers to stm32h7xx_it.o(.text.PendSV_Handler) for PendSV_Handler
    startup_stm32h743xx.o(RESET) refers to stm32h7xx_it.o(.text.SysTick_Handler) for SysTick_Handler
    startup_stm32h743xx.o(RESET) refers to stm32h7xx_it.o(.text.DMA1_Stream0_IRQHandler) for DMA1_Stream0_IRQHandler
    startup_stm32h743xx.o(RESET) refers to main.o(.text.DMA1_Stream1_IRQHandler) for DMA1_Stream1_IRQHandler
    startup_stm32h743xx.o(RESET) refers to stm32h7xx_it.o(.text.TIM3_IRQHandler) for TIM3_IRQHandler
    startup_stm32h743xx.o(RESET) refers to stm32h7xx_it.o(.text.DCMI_IRQHandler) for DCMI_IRQHandler
    startup_stm32h743xx.o(RESET) refers to stm32h7xx_it.o(.text.OTG_FS_IRQHandler) for OTG_FS_IRQHandler
    startup_stm32h743xx.o(.text) refers (Special) to heapauxi.o(.text) for __use_two_region_memory
    startup_stm32h743xx.o(.text) refers to system_stm32h7xx.o(.text.SystemInit) for SystemInit
    startup_stm32h743xx.o(.text) refers to __main.o(!!!main) for __main
    startup_stm32h743xx.o(.text) refers to startup_stm32h743xx.o(HEAP) for Heap_Mem
    startup_stm32h743xx.o(.text) refers to startup_stm32h743xx.o(STACK) for Stack_Mem
    st7789.o(.text.LCD_Writ_Bus) refers to stm32h7xx_hal_gpio.o(.text.HAL_GPIO_WritePin) for HAL_GPIO_WritePin
    st7789.o(.text.LCD_Writ_Bus) refers to spi.o(.bss.hspi6) for hspi6
    st7789.o(.text.LCD_Writ_Bus) refers to stm32h7xx_hal_spi.o(.text.HAL_SPI_Transmit) for HAL_SPI_Transmit
    st7789.o(.text.LCD_Writ_Bus) refers to main.o(.text.Error_Handler) for Error_Handler
    st7789.o(.ARM.exidx.text.LCD_Writ_Bus) refers to st7789.o(.text.LCD_Writ_Bus) for [Anonymous Symbol]
    st7789.o(.text.LCD_WR_DATA8) refers to stm32h7xx_hal_gpio.o(.text.HAL_GPIO_WritePin) for HAL_GPIO_WritePin
    st7789.o(.text.LCD_WR_DATA8) refers to spi.o(.bss.hspi6) for hspi6
    st7789.o(.text.LCD_WR_DATA8) refers to stm32h7xx_hal_spi.o(.text.HAL_SPI_Transmit) for HAL_SPI_Transmit
    st7789.o(.text.LCD_WR_DATA8) refers to main.o(.text.Error_Handler) for Error_Handler
    st7789.o(.ARM.exidx.text.LCD_WR_DATA8) refers to st7789.o(.text.LCD_WR_DATA8) for [Anonymous Symbol]
    st7789.o(.text.LCD_WR_REG) refers to stm32h7xx_hal_gpio.o(.text.HAL_GPIO_WritePin) for HAL_GPIO_WritePin
    st7789.o(.text.LCD_WR_REG) refers to spi.o(.bss.hspi6) for hspi6
    st7789.o(.text.LCD_WR_REG) refers to stm32h7xx_hal_spi.o(.text.HAL_SPI_Transmit) for HAL_SPI_Transmit
    st7789.o(.text.LCD_WR_REG) refers to main.o(.text.Error_Handler) for Error_Handler
    st7789.o(.ARM.exidx.text.LCD_WR_REG) refers to st7789.o(.text.LCD_WR_REG) for [Anonymous Symbol]
    st7789.o(.text.LCD_WR_DATA) refers to stm32h7xx_hal_gpio.o(.text.HAL_GPIO_WritePin) for HAL_GPIO_WritePin
    st7789.o(.text.LCD_WR_DATA) refers to spi.o(.bss.hspi6) for hspi6
    st7789.o(.text.LCD_WR_DATA) refers to stm32h7xx_hal_spi.o(.text.HAL_SPI_Transmit) for HAL_SPI_Transmit
    st7789.o(.text.LCD_WR_DATA) refers to main.o(.text.Error_Handler) for Error_Handler
    st7789.o(.ARM.exidx.text.LCD_WR_DATA) refers to st7789.o(.text.LCD_WR_DATA) for [Anonymous Symbol]
    st7789.o(.text.LCD_Address_Set) refers to stm32h7xx_hal_gpio.o(.text.HAL_GPIO_WritePin) for HAL_GPIO_WritePin
    st7789.o(.text.LCD_Address_Set) refers to spi.o(.bss.hspi6) for hspi6
    st7789.o(.text.LCD_Address_Set) refers to stm32h7xx_hal_spi.o(.text.HAL_SPI_Transmit) for HAL_SPI_Transmit
    st7789.o(.text.LCD_Address_Set) refers to main.o(.text.Error_Handler) for Error_Handler
    st7789.o(.text.LCD_Address_Set) refers to st7789.o(.text.LCD_WR_DATA) for LCD_WR_DATA
[...]
    SDMMC_CmdSendCSD                         0x0800bc09   Thumb Code   168  stm32h7xx_ll_sdmmc.o(.text.SDMMC_CmdSendCSD)
    SDMMC_CmdSendSCR                         0x0800bcb1   Thumb Code    38  stm32h7xx_ll_sdmmc.o(.text.SDMMC_CmdSendSCR)
    SDMMC_CmdSendStatus                      0x0800bcd9   Thumb Code    36  stm32h7xx_ll_sdmmc.o(.text.SDMMC_CmdSendStatus)
    SDMMC_CmdSetRelAdd                       0x0800bd01   Thumb Code   218  stm32h7xx_ll_sdmmc.o(.text.SDMMC_CmdSetRelAdd)
    SDMMC_CmdStatusRegister                  0x0800bde1   Thumb Code    38  stm32h7xx_ll_sdmmc.o(.text.SDMMC_CmdStatusRegister)
    SDMMC_CmdStopTransfer                    0x0800be09   Thumb Code    78  stm32h7xx_ll_sdmmc.o(.text.SDMMC_CmdStopTransfer)
    SDMMC_CmdWriteMultiBlock                 0x0800be59   Thumb Code    36  stm32h7xx_ll_sdmmc.o(.text.SDMMC_CmdWriteMultiBlock)
    SDMMC_CmdWriteSingleBlock                0x0800be81   Thumb Code    36  stm32h7xx_ll_sdmmc.o(.text.SDMMC_CmdWriteSingleBlock)
    SDMMC_ConfigData                         0x0800bea9   Thumb Code    44  stm32h7xx_ll_sdmmc.o(.text.SDMMC_ConfigData)
    SDMMC_GetCmdResp1                        0x0800bed9   Thumb Code   394  stm32h7xx_ll_sdmmc.o(.text.SDMMC_GetCmdResp1)
    SDMMC_GetPowerState                      0x0800c069   Thumb Code     8  stm32h7xx_ll_sdmmc.o(.text.SDMMC_GetPowerState)
    SDMMC_GetResponse                        0x0800c071   Thumb Code     6  stm32h7xx_ll_sdmmc.o(.text.SDMMC_GetResponse)
    SDMMC_Init                               0x0800c079   Thumb Code    34  stm32h7xx_ll_sdmmc.o(.text.SDMMC_Init)
    SDMMC_PowerState_ON                      0x0800c0a1   Thumb Code    14  stm32h7xx_ll_sdmmc.o(.text.SDMMC_PowerState_ON)
    SDMMC_ReadFIFO                           0x0800c0b1   Thumb Code     6  stm32h7xx_ll_sdmmc.o(.text.SDMMC_ReadFIFO)
    SDMMC_WriteFIFO                          0x0800c0b9   Thumb Code    12  stm32h7xx_ll_sdmmc.o(.text.SDMMC_WriteFIFO)
    SDRAM_initialization_sequence            0x0800c0c9   Thumb Code   184  sdram.o(.text.SDRAM_initialization_sequence)
    SD_initialize                            0x0800c269   Thumb Code    56  sd_diskio.o(.text.SD_initialize)
    SD_ioctl                                 0x0800c2a1   Thumb Code    98  sd_diskio.o(.text.SD_ioctl)
    SD_read                                  0x0800c309   Thumb Code    40  sd_diskio.o(.text.SD_read)
    SD_status                                0x0800c331   Thumb Code    36  sd_diskio.o(.text.SD_status)
    SD_write                                 0x0800c359   Thumb Code    40  sd_diskio.o(.text.SD_write)
    SVC_Handler                              0x0800c451   Thumb Code     2  stm32h7xx_it.o(.text.SVC_Handler)
    SysTick_Handler                          0x0800c459   Thumb Code     4  stm32h7xx_it.o(.text.SysTick_Handler)
    SystemClock_Config                       0x0800c461   Thumb Code   336  main.o(.text.SystemClock_Config)
    SystemInit                               0x0800c5b1   Thumb Code   204  system_stm32h7xx.o(.text.SystemInit)
    TIM3_IRQHandler                          0x0800c681   Thumb Code    12  stm32h7xx_it.o(.text.TIM3_IRQHandler)
    TIM_Base_SetConfig                       0x0800c691   Thumb Code   356  stm32h7xx_hal_tim.o(.text.TIM_Base_SetConfig)
    UART_AdvFeatureConfig                    0x0800c7f9   Thumb Code   224  stm32h7xx_hal_uart.o(.text.UART_AdvFeatureConfig)
    UART_CheckIdleState                      0x0800c8d9   Thumb Code   374  stm32h7xx_hal_uart.o(.text.UART_CheckIdleState)
    UART_SetConfig                           0x0800ca51   Thumb Code  1196  stm32h7xx_hal_uart.o(.text.UART_SetConfig)
    UART_WaitOnFlagUntilTimeout              0x0800cf09   Thumb Code   856  stm32h7xx_hal_uart.o(.text.UART_WaitOnFlagUntilTimeout)
    USBD_CDC_GetDeviceQualifierDescriptor    0x0800d3b9   Thumb Code    16  usbd_cdc.o(.text.USBD_CDC_GetDeviceQualifierDescriptor)
    USBD_CDC_ReceivePacket                   0x0800d5a9   Thumb Code    48  usbd_cdc.o(.text.USBD_CDC_ReceivePacket)
    USBD_CDC_RegisterInterface               0x0800d5d9   Thumb Code    24  usbd_cdc.o(.text.USBD_CDC_RegisterInterface)
    USBD_CDC_SetRxBuffer                     0x0800d5f1   Thumb Code    28  usbd_cdc.o(.text.USBD_CDC_SetRxBuffer)
    USBD_CDC_SetTxBuffer                     0x0800d611   Thumb Code    32  usbd_cdc.o(.text.USBD_CDC_SetTxBuffer)
    USBD_ClrClassConfig                      0x0800d731   Thumb Code    18  usbd_core.o(.text.USBD_ClrClassConfig)
    USBD_CoreFindEP                          0x0800d749   Thumb Code     4  usbd_core.o(.text.USBD_CoreFindEP)
    USBD_CoreFindIF                          0x0800d751   Thumb Code     4  usbd_core.o(.text.USBD_CoreFindIF)
    USBD_CtlContinueRx                       0x0800d759   Thumb Code    16  usbd_ioreq.o(.text.USBD_CtlContinueRx)
    USBD_CtlContinueSendData                 0x0800d769   Thumb Code    16  usbd_ioreq.o(.text.USBD_CtlContinueSendData)
    USBD_CtlError                            0x0800d779   Thumb Code    22  usbd_ctlreq.o(.text.USBD_CtlError)
    USBD_CtlPrepareRx                        0x0800d791   Thumb Code    30  usbd_ioreq.o(.text.USBD_CtlPrepareRx)
    USBD_CtlReceiveStatus                    0x0800d7b1   Thumb Code    22  usbd_ioreq.o(.text.USBD_CtlReceiveStatus)
    USBD_CtlSendData                         0x0800d7c9   Thumb Code    26  usbd_ioreq.o(.text.USBD_CtlSendData)
    USBD_CtlSendStatus                       0x0800d7e9   Thumb Code    22  usbd_ioreq.o(.text.USBD_CtlSendStatus)
    USBD_FS_ConfigStrDescriptor              0x0800d801   Thumb Code    24  usbd_desc.o(.text.USBD_FS_ConfigStrDescriptor)
    USBD_FS_DeviceDescriptor                 0x0800d829   Thumb Code    14  usbd_desc.o(.text.USBD_FS_DeviceDescriptor)
    USBD_FS_InterfaceStrDescriptor           0x0800d839   Thumb Code    24  usbd_desc.o(.text.USBD_FS_InterfaceStrDescriptor)
    USBD_FS_LangIDStrDescriptor              0x0800d861   Thumb Code    14  usbd_desc.o(.text.USBD_FS_LangIDStrDescriptor)
    USBD_FS_ManufacturerStrDescriptor        0x0800d871   Thumb Code    24  usbd_desc.o(.text.USBD_FS_ManufacturerStrDescriptor)
    USBD_FS_ProductStrDescriptor             0x0800d8a1   Thumb Code    24  usbd_desc.o(.text.USBD_FS_ProductStrDescriptor)
    USBD_FS_SerialStrDescriptor              0x0800d8d1   Thumb Code   366  usbd_desc.o(.text.USBD_FS_SerialStrDescriptor)
    USBD_GetEpDesc                           0x0800da41   Thumb Code   122  usbd_core.o(.text.USBD_GetEpDesc)
    USBD_GetString                           0x0800dac1   Thumb Code   250  usbd_ctlreq.o(.text.USBD_GetString)
    USBD_Init                                0x0800dbc1   Thumb Code    40  usbd_core.o(.text.USBD_Init)
    USBD_LL_ClearStallEP                     0x0800dbe9   Thumb Code    34  usbd_conf.o(.text.USBD_LL_ClearStallEP)
    USBD_LL_CloseEP                          0x0800dc11   Thumb Code    34  usbd_conf.o(.text.USBD_LL_CloseEP)
    USBD_LL_DataInStage                      0x0800dc39   Thumb Code   186  usbd_core.o(.text.USBD_LL_DataInStage)
    USBD_LL_DataOutStage                     0x0800dcf9   Thumb Code   120  usbd_core.o(.text.USBD_LL_DataOutStage)
    USBD_LL_DevConnected                     0x0800dd71   Thumb Code     4  usbd_core.o(.text.USBD_LL_DevConnected)
    USBD_LL_DevDisconnected                  0x0800dd79   Thumb Code    32  usbd_core.o(.text.USBD_LL_DevDisconnected)
    USBD_LL_GetRxDataSize                    0x0800dd99   Thumb Code     8  usbd_conf.o(.text.USBD_LL_GetRxDataSize)
    USBD_LL_Init                             0x0800dda1   Thumb Code   110  usbd_conf.o(.text.USBD_LL_Init)
    USBD_LL_IsStallEP                        0x0800de11   Thumb Code    34  usbd_conf.o(.text.USBD_LL_IsStallEP)
    USBD_LL_IsoINIncomplete                  0x0800de39   Thumb Code    40  usbd_core.o(.text.USBD_LL_IsoINIncomplete)
    USBD_LL_IsoOUTIncomplete                 0x0800de61   Thumb Code    40  usbd_core.o(.text.USBD_LL_IsoOUTIncomplete)
    USBD_LL_OpenEP                           0x0800de89   Thumb Code    40  usbd_conf.o(.text.USBD_LL_OpenEP)
    USBD_LL_PrepareReceive                   0x0800deb1   Thumb Code    34  usbd_conf.o(.text.USBD_LL_PrepareReceive)
    USBD_LL_Reset                            0x0800ded9   Thumb Code   102  usbd_core.o(.text.USBD_LL_Reset)
    USBD_LL_Resume                           0x0800df41   Thumb Code    20  usbd_core.o(.text.USBD_LL_Resume)
    USBD_LL_SOF                              0x0800df59   Thumb Code    26  usbd_core.o(.text.USBD_LL_SOF)
    USBD_LL_SetSpeed                         0x0800df79   Thumb Code     8  usbd_core.o(.text.USBD_LL_SetSpeed)
    USBD_LL_SetUSBAddress                    0x0800df81   Thumb Code    34  usbd_conf.o(.text.USBD_LL_SetUSBAddress)
    USBD_LL_SetupStage                       0x0800dfa9   Thumb Code    98  usbd_core.o(.text.USBD_LL_SetupStage)
    USBD_LL_StallEP                          0x0800e011   Thumb Code    34  usbd_conf.o(.text.USBD_LL_StallEP)
    USBD_LL_Start                            0x0800e039   Thumb Code    34  usbd_conf.o(.text.USBD_LL_Start)
    USBD_LL_Suspend                          0x0800e061   Thumb Code    28  usbd_core.o(.text.USBD_LL_Suspend)
    USBD_LL_Transmit                         0x0800e081   Thumb Code    34  usbd_conf.o(.text.USBD_LL_Transmit)
    USBD_ParseSetupRequest                   0x0800e0a9   Thumb Code    22  usbd_ctlreq.o(.text.USBD_ParseSetupRequest)
    USBD_RegisterClass                       0x0800e0c1   Thumb Code    70  usbd_core.o(.text.USBD_RegisterClass)
    USBD_SetClassConfig                      0x0800e109   Thumb Code    16  usbd_core.o(.text.USBD_SetClassConfig)
    USBD_Start                               0x0800e119   Thumb Code     4  usbd_core.o(.text.USBD_Start)
    USBD_StdDevReq                           0x0800e121   Thumb Code   906  usbd_ctlreq.o(.text.USBD_StdDevReq)
    USBD_StdEPReq                            0x0800e4b1   Thumb Code   382  usbd_ctlreq.o(.text.USBD_StdEPReq)
    USBD_StdItfReq                           0x0800e631   Thumb Code   148  usbd_ctlreq.o(.text.USBD_StdItfReq)
    USBD_static_free                         0x0800e6c9   Thumb Code     2  usbd_conf.o(.text.USBD_static_free)
    USBD_static_malloc                       0x0800e6d1   Thumb Code    10  usbd_conf.o(.text.USBD_static_malloc)
    USB_ActivateEndpoint                     0x0800e6e1   Thumb Code   138  stm32h7xx_ll_usb.o(.text.USB_ActivateEndpoint)
    USB_ActivateSetup                        0x0800e771   Thumb Code    32  stm32h7xx_ll_usb.o(.text.USB_ActivateSetup)
    USB_CoreInit                             0x0800e791   Thumb Code   558  stm32h7xx_ll_usb.o(.text.USB_CoreInit)
    USB_DeactivateEndpoint                   0x0800e9c1   Thumb Code   134  stm32h7xx_ll_usb.o(.text.USB_DeactivateEndpoint)
    USB_DevConnect                           0x0800ea49   Thumb Code    30  stm32h7xx_ll_usb.o(.text.USB_DevConnect)
    USB_DevDisconnect                        0x0800ea69   Thumb Code    30  stm32h7xx_ll_usb.o(.text.USB_DevDisconnect)
    USB_DevInit                              0x0800ea89   Thumb Code  1202  stm32h7xx_ll_usb.o(.text.USB_DevInit)
    USB_DisableGlobalInt                     0x0800ef41   Thumb Code    14  stm32h7xx_ll_usb.o(.text.USB_DisableGlobalInt)
    USB_EP0_OutStart                         0x0800ef51   Thumb Code    90  stm32h7xx_ll_usb.o(.text.USB_EP0_OutStart)
    USB_EPClearStall                         0x0800efb1   Thumb Code    82  stm32h7xx_ll_usb.o(.text.USB_EPClearStall)
    USB_EPSetStall                           0x0800f009   Thumb Code    64  stm32h7xx_ll_usb.o(.text.USB_EPSetStall)
    USB_EPStartXfer                          0x0800f049   Thumb Code   528  stm32h7xx_ll_usb.o(.text.USB_EPStartXfer)
    USB_EPStopXfer                           0x0800f259   Thumb Code   270  stm32h7xx_ll_usb.o(.text.USB_EPStopXfer)
    USB_EnableGlobalInt                      0x0800f369   Thumb Code    14  stm32h7xx_ll_usb.o(.text.USB_EnableGlobalInt)
    USB_FlushTxFifo                          0x0800f379   Thumb Code   190  stm32h7xx_ll_usb.o(.text.USB_FlushTxFifo)
    USB_GetDevSpeed                          0x0800f439   Thumb Code    26  stm32h7xx_ll_usb.o(.text.USB_GetDevSpeed)
    USB_GetMode                              0x0800f459   Thumb Code     8  stm32h7xx_ll_usb.o(.text.USB_GetMode)
    USB_ReadDevAllInEpInterrupt              0x0800f461   Thumb Code    14  stm32h7xx_ll_usb.o(.text.USB_ReadDevAllInEpInterrupt)
    USB_ReadDevAllOutEpInterrupt             0x0800f471   Thumb Code    14  stm32h7xx_ll_usb.o(.text.USB_ReadDevAllOutEpInterrupt)
    USB_ReadDevInEPInterrupt                 0x0800f481   Thumb Code    36  stm32h7xx_ll_usb.o(.text.USB_ReadDevInEPInterrupt)
    USB_ReadDevOutEPInterrupt                0x0800f4a9   Thumb Code    16  stm32h7xx_ll_usb.o(.text.USB_ReadDevOutEPInterrupt)
    USB_ReadInterrupts                       0x0800f4b9   Thumb Code     8  stm32h7xx_ll_usb.o(.text.USB_ReadInterrupts)
    USB_ReadPacket                           0x0800f4c1   Thumb Code   172  stm32h7xx_ll_usb.o(.text.USB_ReadPacket)
    USB_SetCurrentMode                       0x0800f571   Thumb Code   872  stm32h7xx_ll_usb.o(.text.USB_SetCurrentMode)
    USB_SetDevAddress                        0x0800f8d9   Thumb Code    34  stm32h7xx_ll_usb.o(.text.USB_SetDevAddress)
    USB_SetTurnaroundTime                    0x0800f901   Thumb Code   288  stm32h7xx_ll_usb.o(.text.USB_SetTurnaroundTime)
    USB_WritePacket                          0x0800fa21   Thumb Code   120  stm32h7xx_ll_usb.o(.text.USB_WritePacket)
    UsageFault_Handler                       0x0800fa99   Thumb Code     2  stm32h7xx_it.o(.text.UsageFault_Handler)
    delay_us                                 0x0800fc49   Thumb Code    62  sdram.o(.text.delay_us)
    disk_initialize                          0x0800ff29   Thumb Code    50  diskio.o(.text.disk_initialize)
    disk_ioctl                               0x0800ff61   Thumb Code    22  diskio.o(.text.disk_ioctl)
    disk_read                                0x0800ff79   Thumb Code    32  diskio.o(.text.disk_read)
    disk_status                              0x0800ff99   Thumb Code    22  diskio.o(.text.disk_status)
    disk_write                               0x0800ffb1   Thumb Code    32  diskio.o(.text.disk_write)
    f_mount                                  0x0800ffd1   Thumb Code   272  ff.o(.text.f_mount)
    f_open                                   0x080100e1   Thumb Code   972  ff.o(.text.f_open)
    f_read                                   0x080104b1   Thumb Code   824  ff.o(.text.f_read)
    get_fattime                              0x08011429   Thumb Code     4  fatfs.o(.text.get_fattime)
    main                                     0x08011431   Thumb Code   348  main.o(.text.main)
    ov5640_Init                              0x08011621   Thumb Code   304  ov5640.o(.text.ov5640_Init)
    _fp_init                                 0x080118eb   Thumb Code    26  fpinit.o(x$fpl$fpinit)
    __fplib_config_fpu_vfp                   0x08011903   Thumb Code     0  fpinit.o(x$fpl$fpinit)
    __fplib_config_pureend_doubles           0x08011903   Thumb Code     0  fpinit.o(x$fpl$fpinit)
    D1CorePrescTable                         0x0801195c   Data          16  system_stm32h7xx.o(.rodata.D1CorePrescTable)
    OV5640_AF_Config                         0x080119ec   Data        4077  ov5640.o(.rodata.OV5640_AF_Config)
    SD_Driver                                0x080129dc   Data          20  sd_diskio.o(.rodata.SD_Driver)
    UARTPrescTable                           0x080129f0   Data          24  stm32h7xx_hal_uart.o(.rodata.UARTPrescTable)
    ascii_1206                               0x08012a08   Data        1140  lcd.o(.rodata.ascii_1206)
    ascii_1608                               0x08012e7c   Data        1520  lcd.o(.rodata.ascii_1608)
    ascii_2412                               0x0801346c   Data        4560  lcd.o(.rodata.ascii_2412)
    ascii_3216                               0x0801463c   Data        6080  lcd.o(.rodata.ascii_3216)
    ov5640_rgb565_reg_tbl                    0x08015e0c   Data         180  ov5640.o(.rodata.ov5640_rgb565_reg_tbl)
    ov5640_uxga_init_reg_tbl                 0x08015ec0   Data         828  ov5640.o(.rodata.ov5640_uxga_init_reg_tbl)
    Region$$Table$$Base                      0x080161fc   Number         0  anon$$obj.o(Region$$Table)
    Region$$Table$$Limit                     0x0801621c   Number         0  anon$$obj.o(Region$$Table)
    uwTickFreq                               0x24000000   Data           1  stm32h7xx_hal.o(.data..L_MergedGlobals)
    uwTickPrio                               0x24000004   Data           4  stm32h7xx_hal.o(.data..L_MergedGlobals)
    SystemCoreClock                          0x24000008   Data           4  system_stm32h7xx.o(.data..L_MergedGlobals)
    SystemD2Clock                            0x2400000c   Data           4  system_stm32h7xx.o(.data..L_MergedGlobals)
    FS_Desc                                  0x24000010   Data          32  usbd_desc.o(.data.FS_Desc)
    USBD_CDC                                 0x24000034   Data          56  usbd_cdc.o(.data.USBD_CDC)
    USBD_FS_DeviceDesc                       0x240000bc   Data          18  usbd_desc.o(.data.USBD_FS_DeviceDesc)
    USBD_Interface_fops_FS                   0x240000d0   Data          20  usbd_cdc_if.o(.data.USBD_Interface_fops_FS)
    USBD_LangIDDesc                          0x240000e4   Data           4  usbd_desc.o(.data.USBD_LangIDDesc)
    USBD_StringSerial                        0x240000e8   Data          26  usbd_desc.o(.data.USBD_StringSerial)
    __libspace_start                         0x24000108   Data          96  libspace.o(.bss)
    __temporary_stack_top$libspace           0x24000168   Data           0  libspace.o(.bss)
    retSD                                    0x24000168   Data           1  fatfs.o(.bss..L_MergedGlobals)
    retUSER                                  0x24000169   Data           1  fatfs.o(.bss..L_MergedGlobals)
    cardsize                                 0x2400016a   Data           2  fatfs.o(.bss..L_MergedGlobals)
    SDPath                                   0x2400016c   Data           4  fatfs.o(.bss..L_MergedGlobals)
    SDFatFS                                  0x240001a0   Data        4148  fatfs.o(.bss.SDFatFS)
    SDFile                                   0x240011d4   Data        4144  fatfs.o(.bss.SDFile)
    USBD_StrDesc                             0x24002208   Data         512  usbd_desc.o(.bss.USBD_StrDesc)
    UserRxBufferFS                           0x24002628   Data        2048  usbd_cdc_if.o(.bss.UserRxBufferFS)
    UserTxBufferFS                           0x24002e28   Data        2048  usbd_cdc_if.o(.bss.UserTxBufferFS)
    disk                                     0x24003628   Data          12  ff_gen_drv.o(.bss.disk)
    hUsbDeviceFS                             0x24003634   Data         732  usb_device.o(.bss.hUsbDeviceFS)
    hdcmi                                    0x24003910   Data          80  dcmi.o(.bss.hdcmi)
    hdma_dcmi                                0x24003960   Data         120  dcmi.o(.bss.hdma_dcmi)
    hdma_memtomem_dma1_stream1               0x240039d8   Data         120  dma.o(.bss.hdma_memtomem_dma1_stream1)
    hfdcan1                                  0x24003a50   Data         160  fdcan.o(.bss.hfdcan1)
    hi2c2                                    0x24003af0   Data          84  i2c.o(.bss.hi2c2)
    hi2c4                                    0x24003b44   Data          84  i2c.o(.bss.hi2c4)
    hpcd_USB_OTG_FS                          0x24003b98   Data        1252  usbd_conf.o(.bss.hpcd_USB_OTG_FS)
    hsai_BlockA1                             0x2400407c   Data         152  sai.o(.bss.hsai_BlockA1)
    hsai_BlockB1                             0x24004114   Data         152  sai.o(.bss.hsai_BlockB1)
    hsd2                                     0x240041ac   Data         124  sdmmc.o(.bss.hsd2)
    hsdram1                                  0x24004228   Data          52  fmc.o(.bss.hsdram1)
    hspi2                                    0x2400425c   Data         136  spi.o(.bss.hspi2)
    hspi5                                    0x240042e4   Data         136  spi.o(.bss.hspi5)
    hspi6                                    0x2400436c   Data         136  spi.o(.bss.hspi6)
    htim3                                    0x240043f4   Data          76  tim.o(.bss.htim3)
    htim6                                    0x24004440   Data          76  tim.o(.bss.htim6)
    huart4                                   0x2400448c   Data         148  usart.o(.bss.huart4)
    huart5                                   0x24004520   Data         148  usart.o(.bss.huart5)
    my_data                                  0x240045b4   Data          20  main.o(.bss.my_data)
    uwTick                                   0x240045c8   Data           4  stm32h7xx_hal.o(.bss.uwTick)
    LCD_RAM                                  0xc0000000   Data       57800  main.o(.bss.ARM.__at_0XC0000000)



==============================================================================

Memory Map of the image

  Image Entry point : 0x08000299

  Load Region LR_IROM1 (Base: 0x08000000, Size: 0x00016328, Max: 0x00200000, ABSOLUTE)

    Execution Region ER_IROM1 (Exec base: 0x08000000, Load base: 0x08000000, Size: 0x0001621c, Max: 0x00200000, ABSOLUTE)

    Exec Addr    Load Addr    Size         Type   Attr      Idx    E Section Name        Object

    0x08000000   0x08000000   0x00000298   Data   RO            3    RESET               startup_stm32h743xx.o
    0x08000298   0x08000298   0x00000008   Code   RO         3201  * !!!main             c_w.l(__main.o)
    0x080002a0   0x080002a0   0x00000034   Code   RO         3378    !!!scatter          c_w.l(__scatter.o)
    0x080002d4   0x080002d4   0x0000001a   Code   RO         3380    !!handler_copy      c_w.l(__scatter_copy.o)
    0x080002ee   0x080002ee   0x00000002   PAD
    0x080002f0   0x080002f0   0x0000001c   Code   RO         3382    !!handler_zi        c_w.l(__scatter_zi.o)
    0x0800030c   0x0800030c   0x00000002   Code   RO         3240    .ARM.Collect$$libinit$$00000000  c_w.l(libinit.o)
    0x0800030e   0x0800030e   0x00000004   Code   RO         3252    .ARM.Collect$$libinit$$00000001  c_w.l(libinit2.o)
    0x08000312   0x08000312   0x00000000   Code   RO         3255    .ARM.Collect$$libinit$$00000004  c_w.l(libinit2.o)
    0x08000312   0x08000312   0x00000000   Code   RO         3257    .ARM.Collect$$libinit$$00000006  c_w.l(libinit2.o)
    0x08000312   0x08000312   0x00000000   Code   RO         3260    .ARM.Collect$$libinit$$0000000C  c_w.l(libinit2.o)
    0x08000312   0x08000312   0x00000000   Code   RO         3262    .ARM.Collect$$libinit$$0000000E  c_w.l(libinit2.o)
    0x08000312   0x08000312   0x00000000   Code   RO         3264    .ARM.Collect$$libinit$$00000010  c_w.l(libinit2.o)
    0x08000312   0x08000312   0x00000000   Code   RO         3267    .ARM.Collect$$libinit$$00000013  c_w.l(libinit2.o)
    0x08000312   0x08000312   0x00000000   Code   RO         3269    .ARM.Collect$$libinit$$00000015  c_w.l(libinit2.o)
    0x08000312   0x08000312   0x00000000   Code   RO         3271    .ARM.Collect$$libinit$$00000017  c_w.l(libinit2.o)
    0x08000312   0x08000312   0x00000000   Code   RO         3273    .ARM.Collect$$libinit$$00000019  c_w.l(libinit2.o)
    0x08000312   0x08000312   0x00000000   Code   RO         3275    .ARM.Collect$$libinit$$0000001B  c_w.l(libinit2.o)
    0x08000312   0x08000312   0x00000000   Code   RO         3277    .ARM.Collect$$libinit$$0000001D  c_w.l(libinit2.o)
    0x08000312   0x08000312   0x00000000   Code   RO         3279    .ARM.Collect$$libinit$$0000001F  c_w.l(libinit2.o)
    0x08000312   0x08000312   0x00000000   Code   RO         3281    .ARM.Collect$$libinit$$00000021  c_w.l(libinit2.o)
    0x08000312   0x08000312   0x00000000   Code   RO         3283    .ARM.Collect$$libinit$$00000023  c_w.l(libinit2.o)
    0x08000312   0x08000312   0x00000000   Code   RO         3285    .ARM.Collect$$libinit$$00000025  c_w.l(libinit2.o)
    0x08000312   0x08000312   0x00000000   Code   RO         3287    .ARM.Collect$$libinit$$00000027  c_w.l(libinit2.o)
    0x08000312   0x08000312   0x00000000   Code   RO         3291    .ARM.Collect$$libinit$$0000002E  c_w.l(libinit2.o)
    0x08000312   0x08000312   0x00000000   Code   RO         3293    .ARM.Collect$$libinit$$00000030  c_w.l(libinit2.o)
    0x08000312   0x08000312   0x00000000   Code   RO         3295    .ARM.Collect$$libinit$$00000032  c_w.l(libinit2.o)
    0x08000312   0x08000312   0x00000000   Code   RO         3297    .ARM.Collect$$libinit$$00000034  c_w.l(libinit2.o)
    0x08000312   0x08000312   0x00000002   Code   RO         3298    .ARM.Collect$$libinit$$00000035  c_w.l(libinit2.o)
    0x08000314   0x08000314   0x00000002   Code   RO         3333    .ARM.Collect$$libshutdown$$00000000  c_w.l(libshutdown.o)
    0x08000316   0x08000316   0x00000000   Code   RO         3361    .ARM.Collect$$libshutdown$$00000002  c_w.l(libshutdown2.o)
    0x08000316   0x08000316   0x00000000   Code   RO         3363    .ARM.Collect$$libshutdown$$00000004  c_w.l(libshutdown2.o)
    0x08000316   0x08000316   0x00000000   Code   RO         3366    .ARM.Collect$$libshutdown$$00000007  c_w.l(libshutdown2.o)
    0x08000316   0x08000316   0x00000000   Code   RO         3369    .ARM.Collect$$libshutdown$$0000000A  c_w.l(libshutdown2.o)
    0x08000316   0x08000316   0x00000000   Code   RO         3371    .ARM.Collect$$libshutdown$$0000000C  c_w.l(libshutdown2.o)
    0x08000316   0x08000316   0x00000000   Code   RO         3374    .ARM.Collect$$libshutdown$$0000000F  c_w.l(libshutdown2.o)
    0x08000316   0x08000316   0x00000002   Code   RO         3375    .ARM.Collect$$libshutdown$$00000010  c_w.l(libshutdown2.o)
    0x08000318   0x08000318   0x00000000   Code   RO         3203    .ARM.Collect$$rtentry$$00000000  c_w.l(__rtentry.o)
    0x08000318   0x08000318   0x00000000   Code   RO         3211    .ARM.Collect$$rtentry$$00000002  c_w.l(__rtentry2.o)
    0x08000318   0x08000318   0x00000006   Code   RO         3223    .ARM.Collect$$rtentry$$00000004  c_w.l(__rtentry4.o)
    0x0800031e   0x0800031e   0x00000000   Code   RO         3213    .ARM.Collect$$rtentry$$00000009  c_w.l(__rtentry2.o)
    0x0800031e   0x0800031e   0x00000004   Code   RO         3214    .ARM.Collect$$rtentry$$0000000A  c_w.l(__rtentry2.o)
    0x08000322   0x08000322   0x00000000   Code   RO         3216    .ARM.Collect$$rtentry$$0000000C  c_w.l(__rtentry2.o)
    0x08000322   0x08000322   0x00000008   Code   RO         3217    .ARM.Collect$$rtentry$$0000000D  c_w.l(__rtentry2.o)
    0x0800032a   0x0800032a   0x00000002   Code   RO         3244    .ARM.Collect$$rtexit$$00000000  c_w.l(rtexit.o)
    0x0800032c   0x0800032c   0x00000000   Code   RO         3304    .ARM.Collect$$rtexit$$00000002  c_w.l(rtexit2.o)
    0x0800032c   0x0800032c   0x00000004   Code   RO         3305    .ARM.Collect$$rtexit$$00000003  c_w.l(rtexit2.o)
    0x08000330   0x08000330   0x00000006   Code   RO         3306    .ARM.Collect$$rtexit$$00000004  c_w.l(rtexit2.o)
    0x08000336   0x08000336   0x00000002   PAD
    0x08000338   0x08000338   0x00000040   Code   RO            4    .text               startup_stm32h743xx.o
    0x08000378   0x08000378   0x000000f0   Code   RO         3191    .text               c_w.l(lludivv7m.o)
    0x08000468   0x08000468   0x00000044   Code   RO         3195    .text               c_w.l(rt_memclr.o)
    0x080004ac   0x080004ac   0x0000004e   Code   RO         3197    .text               c_w.l(rt_memclr_w.o)
    0x080004fa   0x080004fa   0x00000006   Code   RO         3199    .text               c_w.l(heapauxi.o)
    0x08000500   0x08000500   0x0000004a   Code   RO         3227    .text               c_w.l(sys_stackheap_outer.o)
    0x0800054a   0x0800054a   0x00000012   Code   RO         3229    .text               c_w.l(exit.o)
    0x0800055c   0x0800055c   0x00000008   Code   RO         3241    .text               c_w.l(libspace.o)
    0x08000564   0x08000564   0x0000000c   Code   RO         3299    .text               c_w.l(sys_exit.o)
    0x08000570   0x08000570   0x00000002   Code   RO         3322    .text               c_w.l(use_no_semi.o)
    0x08000572   0x08000572   0x00000000   Code   RO         3324    .text               c_w.l(indicate_semi.o)
    0x08000572   0x08000572   0x00000006   PAD
    0x08000578   0x08000578   0x00000012   Code   RO         3013    .text.BSP_SD_GetCardInfo  bsp_driver_sd.o
    0x0800058a   0x0800058a   0x00000006   PAD
    0x08000590   0x08000590   0x00000016   Code   RO         3011    .text.BSP_SD_GetCardState  bsp_driver_sd.o
    0x080005a6   0x080005a6   0x00000002   PAD
    0x080005a8   0x080005a8   0x00000038   Code   RO         2995    .text.BSP_SD_Init   bsp_driver_sd.o
    0x080005e0   0x080005e0   0x00000010   Code   RO         2997    .text.BSP_SD_IsDetected  bsp_driver_sd.o
    0x080005f0   0x080005f0   0x00000024   Code   RO         3001    .text.BSP_SD_ReadBlocks  bsp_driver_sd.o
    0x08000614   0x08000614   0x00000004   PAD
    0x08000618   0x08000618   0x00000024   Code   RO         3003    .text.BSP_SD_WriteBlocks  bsp_driver_sd.o
    0x0800063c   0x0800063c   0x00000004   PAD
    0x08000640   0x08000640   0x00000002   Code   RO          351    .text.BusFault_Handler  stm32h7xx_it.o
    0x08000642   0x08000642   0x00000006   PAD
    0x08000648   0x08000648   0x00000004   Code   RO         2764    .text.CDC_Control_FS  usbd_cdc_if.o
    0x0800064c   0x0800064c   0x00000004   PAD
    0x08000650   0x08000650   0x00000004   Code   RO         2762    .text.CDC_DeInit_FS  usbd_cdc_if.o
    0x08000654   0x08000654   0x00000004   PAD
    0x08000658   0x08000658   0x0000002c   Code   RO         2760    .text.CDC_Init_FS   usbd_cdc_if.o
    0x08000684   0x08000684   0x00000004   PAD
    0x08000688   0x08000688   0x0000001c   Code   RO         2766    .text.CDC_Receive_FS  usbd_cdc_if.o
    0x080006a4   0x080006a4   0x00000004   PAD
    0x080006a8   0x080006a8   0x00000004   Code   RO         2768    .text.CDC_TransmitCplt_FS  usbd_cdc_if.o
    0x080006ac   0x080006ac   0x00000004   PAD
    0x080006b0   0x080006b0   0x0000001c   Code   RO         1419    .text.DCMI_DMAError  stm32h7xx_hal_dcmi.o
    0x080006cc   0x080006cc   0x00000004   PAD
    0x080006d0   0x080006d0   0x00000092   Code   RO         1417    .text.DCMI_DMAXferCplt  stm32h7xx_hal_dcmi.o
    0x08000762   0x08000762   0x00000006   PAD
    0x08000768   0x08000768   0x0000000c   Code   RO          367    .text.DCMI_IRQHandler  stm32h7xx_it.o
    0x08000774   0x08000774   0x00000004   PAD
    0x08000778   0x08000778   0x0000000c   Code   RO          363    .text.DMA1_Stream0_IRQHandler  stm32h7xx_it.o
    0x08000784   0x08000784   0x00000004   PAD
    0x08000788   0x08000788   0x00000002   Code   RO          149    .text.DMA1_Stream1_IRQHandler  main.o
    0x0800078a   0x0800078a   0x00000006   PAD
    0x08000790   0x08000790   0x00000128   Code   RO          813    .text.DMA_CalcBaseAndBitshift  stm32h7xx_hal_dma.o
    0x080008b8   0x080008b8   0x00000124   Code   RO          849    .text.DMA_MultiBufferSetConfig  stm32h7xx_hal_dma_ex.o
    0x080009dc   0x080009dc   0x00000004   PAD
    0x080009e0   0x080009e0   0x00000312   Code   RO          819    .text.DMA_SetConfig  stm32h7xx_hal_dma.o
    0x08000cf2   0x08000cf2   0x00000006   PAD
    0x08000cf8   0x08000cf8   0x00000002   Code   RO          357    .text.DebugMon_Handler  stm32h7xx_it.o
    0x08000cfa   0x08000cfa   0x00000006   PAD
    0x08000d00   0x08000d00   0x0000000a   Code   RO          157    .text.Error_Handler  main.o
    0x08000d0a   0x08000d0a   0x00000006   PAD
    0x08000d10   0x08000d10   0x0000004c   Code   RO         3172    .text.FATFS_LinkDriver  ff_gen_drv.o
    0x08000d5c   0x08000d5c   0x00000004   PAD
    0x08000d60   0x08000d60   0x00000092   Code   RO         1689    .text.FMC_SDRAM_Init  stm32h7xx_ll_fmc.o
    0x08000df2   0x08000df2   0x00000006   PAD
    0x08000df8   0x08000df8   0x00000016   Code   RO         1701    .text.FMC_SDRAM_ProgramRefreshRate  stm32h7xx_ll_fmc.o
    0x08000e0e   0x08000e0e   0x00000002   PAD
    0x08000e10   0x08000e10   0x0000002e   Code   RO         1699    .text.FMC_SDRAM_SendCommand  stm32h7xx_ll_fmc.o
    0x08000e3e   0x08000e3e   0x00000002   PAD
    0x08000e40   0x08000e40   0x000000da   Code   RO         1691    .text.FMC_SDRAM_Timing_Init  stm32h7xx_ll_fmc.o
    0x08000f1a   0x08000f1a   0x00000006   PAD
    0x08000f20   0x08000f20   0x00000002   Code   RO         1435    .text.HAL_DCMI_ErrorCallback  stm32h7xx_hal_dcmi.o
    0x08000f22   0x08000f22   0x00000006   PAD
    0x08000f28   0x08000f28   0x0000002c   Code   RO          147    .text.HAL_DCMI_FrameEventCallback  main.o
    0x08000f54   0x08000f54   0x00000004   PAD
    0x08000f58   0x08000f58   0x000000a6   Code   RO         1427    .text.HAL_DCMI_IRQHandler  stm32h7xx_hal_dcmi.o
    0x08000ffe   0x08000ffe   0x00000002   PAD
    0x08001000   0x08001000   0x0000009c   Code   RO         1407    .text.HAL_DCMI_Init  stm32h7xx_hal_dcmi.o
    0x0800109c   0x0800109c   0x00000004   PAD
    0x080010a0   0x080010a0   0x00000002   Code   RO         1429    .text.HAL_DCMI_LineEventCallback  stm32h7xx_hal_dcmi.o
    0x080010a2   0x080010a2   0x00000006   PAD
    0x080010a8   0x080010a8   0x00000164   Code   RO          182    .text.HAL_DCMI_MspInit  dcmi.o
    0x0800120c   0x0800120c   0x00000004   PAD
    0x08001210   0x08001210   0x00000124   Code   RO         1415    .text.HAL_DCMI_Start_DMA  stm32h7xx_hal_dcmi.o
    0x08001334   0x08001334   0x00000004   PAD
    0x08001338   0x08001338   0x00000002   Code   RO         1431    .text.HAL_DCMI_VsyncEventCallback  stm32h7xx_hal_dcmi.o
    0x0800133a   0x0800133a   0x00000006   PAD
    0x08001340   0x08001340   0x000000fa   Code   RO          853    .text.HAL_DMAEx_ChangeMemory  stm32h7xx_hal_dma_ex.o
    0x0800143a   0x0800143a   0x00000006   PAD
    0x08001440   0x08001440   0x00000624   Code   RO          851    .text.HAL_DMAEx_MultiBufferStart_IT  stm32h7xx_hal_dma_ex.o
    0x08001a64   0x08001a64   0x00000004   PAD
    0x08001a68   0x08001a68   0x000002ba   Code   RO          825    .text.HAL_DMA_Abort_IT  stm32h7xx_hal_dma.o
    0x08001d22   0x08001d22   0x00000006   PAD
    0x08001d28   0x08001d28   0x00000830   Code   RO          829    .text.HAL_DMA_IRQHandler  stm32h7xx_hal_dma.o
    0x08002558   0x08002558   0x00000666   Code   RO          811    .text.HAL_DMA_Init  stm32h7xx_hal_dma.o
    0x08002bbe   0x08002bbe   0x00000002   PAD
    0x08002bc0   0x08002bc0   0x000003a2   Code   RO          821    .text.HAL_DMA_Start_IT  stm32h7xx_hal_dma.o
    0x08002f62   0x08002f62   0x00000006   PAD
    0x08002f68   0x08002f68   0x00000028   Code   RO         1121    .text.HAL_Delay     stm32h7xx_hal.o
    0x08002f90   0x08002f90   0x00000400   Code   RO         1457    .text.HAL_FDCAN_Init  stm32h7xx_hal_fdcan.o
    0x08003390   0x08003390   0x0000008a   Code   RO          208    .text.HAL_FDCAN_MspInit  fdcan.o
    0x0800341a   0x0800341a   0x00000006   PAD
    0x08003420   0x08003420   0x000001aa   Code   RO          757    .text.HAL_GPIO_Init  stm32h7xx_hal_gpio.o
    0x080035ca   0x080035ca   0x00000006   PAD
    0x080035d0   0x080035d0   0x0000000a   Code   RO          761    .text.HAL_GPIO_ReadPin  stm32h7xx_hal_gpio.o
    0x080035da   0x080035da   0x00000006   PAD
    0x080035e0   0x080035e0   0x0000000a   Code   RO          763    .text.HAL_GPIO_WritePin  stm32h7xx_hal_gpio.o
    0x080035ea   0x080035ea   0x00000006   PAD
    0x080035f0   0x080035f0   0x0000000e   Code   RO         1129    .text.HAL_GetREVID  stm32h7xx_hal.o
    0x080035fe   0x080035fe   0x00000002   PAD
    0x08003600   0x08003600   0x0000000c   Code   RO         1113    .text.HAL_GetTick   stm32h7xx_hal.o
    0x0800360c   0x0800360c   0x00000004   PAD
    0x08003610   0x08003610   0x0000004a   Code   RO         1361    .text.HAL_I2CEx_ConfigAnalogFilter  stm32h7xx_hal_i2c_ex.o
    0x0800365a   0x0800365a   0x00000006   PAD
    0x08003660   0x08003660   0x00000048   Code   RO         1363    .text.HAL_I2CEx_ConfigDigitalFilter  stm32h7xx_hal_i2c_ex.o
    0x080036a8   0x080036a8   0x000000ae   Code   RO         1207    .text.HAL_I2C_Init  stm32h7xx_hal_i2c.o
    0x08003756   0x08003756   0x00000002   PAD
    0x08003758   0x08003758   0x00000100   Code   RO          242    .text.HAL_I2C_MspInit  i2c.o
    0x08003858   0x08003858   0x0000001a   Code   RO         1111    .text.HAL_IncTick   stm32h7xx_hal.o
    0x08003872   0x08003872   0x00000006   PAD
    0x08003878   0x08003878   0x00000064   Code   RO         1101    .text.HAL_Init      stm32h7xx_hal.o
    0x080038dc   0x080038dc   0x00000004   PAD
    0x080038e0   0x080038e0   0x0000004c   Code   RO         1103    .text.HAL_InitTick  stm32h7xx_hal.o
    0x0800392c   0x0800392c   0x00000004   PAD
    0x08003930   0x08003930   0x00000020   Code   RO          378    .text.HAL_MspInit   stm32h7xx_hal_msp.o
    0x08003950   0x08003950   0x00000022   Code   RO         1053    .text.HAL_NVIC_EnableIRQ  stm32h7xx_hal_cortex.o
    0x08003972   0x08003972   0x00000006   PAD
    0x08003978   0x08003978   0x0000005a   Code   RO         1051    .text.HAL_NVIC_SetPriority  stm32h7xx_hal_cortex.o
    0x080039d2   0x080039d2   0x00000006   PAD
    0x080039d8   0x080039d8   0x00000020   Code   RO         1049    .text.HAL_NVIC_SetPriorityGrouping  stm32h7xx_hal_cortex.o
    0x080039f8   0x080039f8   0x00000026   Code   RO          466    .text.HAL_PCDEx_ActivateLPM  stm32h7xx_hal_pcd_ex.o
    0x08003a1e   0x08003a1e   0x00000002   PAD
    0x08003a20   0x08003a20   0x00000002   Code   RO          478    .text.HAL_PCDEx_LPM_Callback  stm32h7xx_hal_pcd_ex.o
    0x08003a22   0x08003a22   0x00000006   PAD
    0x08003a28   0x08003a28   0x00000008   Code   RO          464    .text.HAL_PCDEx_SetRxFiFo  stm32h7xx_hal_pcd_ex.o
    0x08003a30   0x08003a30   0x0000011e   Code   RO          462    .text.HAL_PCDEx_SetTxFiFo  stm32h7xx_hal_pcd_ex.o
    0x08003b4e   0x08003b4e   0x00000002   PAD
    0x08003b50   0x08003b50   0x00000008   Code   RO         2805    .text.HAL_PCD_ConnectCallback  usbd_conf.o
    0x08003b58   0x08003b58   0x00000012   Code   RO         2791    .text.HAL_PCD_DataInStageCallback  usbd_conf.o
    0x08003b6a   0x08003b6a   0x00000006   PAD
    0x08003b70   0x08003b70   0x00000014   Code   RO         2789    .text.HAL_PCD_DataOutStageCallback  usbd_conf.o
    0x08003b84   0x08003b84   0x00000004   PAD
    0x08003b88   0x08003b88   0x00000008   Code   RO         2807    .text.HAL_PCD_DisconnectCallback  usbd_conf.o
    0x08003b90   0x08003b90   0x00000056   Code   RO          432    .text.HAL_PCD_EP_Close  stm32h7xx_hal_pcd.o
    0x08003be6   0x08003be6   0x00000002   PAD
    0x08003be8   0x08003be8   0x00000068   Code   RO          442    .text.HAL_PCD_EP_ClrStall  stm32h7xx_hal_pcd.o
    0x08003c50   0x08003c50   0x00000012   Code   RO          436    .text.HAL_PCD_EP_GetRxCount  stm32h7xx_hal_pcd.o
    0x08003c62   0x08003c62   0x00000006   PAD
    0x08003c68   0x08003c68   0x00000068   Code   RO          430    .text.HAL_PCD_EP_Open  stm32h7xx_hal_pcd.o
    0x08003cd0   0x08003cd0   0x0000003a   Code   RO          434    .text.HAL_PCD_EP_Receive  stm32h7xx_hal_pcd.o
    0x08003d0a   0x08003d0a   0x00000006   PAD
    0x08003d10   0x08003d10   0x0000007c   Code   RO          440    .text.HAL_PCD_EP_SetStall  stm32h7xx_hal_pcd.o
    0x08003d8c   0x08003d8c   0x00000004   PAD
    0x08003d90   0x08003d90   0x0000003e   Code   RO          438    .text.HAL_PCD_EP_Transmit  stm32h7xx_hal_pcd.o
    0x08003dce   0x08003dce   0x00000002   PAD
    0x08003dd0   0x08003dd0   0x000009de   Code   RO          398    .text.HAL_PCD_IRQHandler  stm32h7xx_hal_pcd.o
    0x080047ae   0x080047ae   0x00000002   PAD
    0x080047b0   0x080047b0   0x00000008   Code   RO         2803    .text.HAL_PCD_ISOINIncompleteCallback  usbd_conf.o
    0x080047b8   0x080047b8   0x00000008   Code   RO         2801    .text.HAL_PCD_ISOOUTIncompleteCallback  usbd_conf.o
    0x080047c0   0x080047c0   0x00000282   Code   RO          386    .text.HAL_PCD_Init  stm32h7xx_hal_pcd.o
    0x08004a42   0x08004a42   0x00000006   PAD
    0x08004a48   0x08004a48   0x000000a2   Code   RO         2783    .text.HAL_PCD_MspInit  usbd_conf.o
    0x08004aea   0x08004aea   0x00000006   PAD
    0x08004af0   0x08004af0   0x0000002e   Code   RO         2795    .text.HAL_PCD_ResetCallback  usbd_conf.o
    0x08004b1e   0x08004b1e   0x00000002   PAD
    0x08004b20   0x08004b20   0x00000008   Code   RO         2799    .text.HAL_PCD_ResumeCallback  usbd_conf.o
    0x08004b28   0x08004b28   0x00000008   Code   RO         2793    .text.HAL_PCD_SOFCallback  usbd_conf.o
    0x08004b30   0x08004b30   0x00000026   Code   RO          428    .text.HAL_PCD_SetAddress  stm32h7xx_hal_pcd.o
    0x08004b56   0x08004b56   0x00000002   PAD
    0x08004b58   0x08004b58   0x0000000e   Code   RO         2787    .text.HAL_PCD_SetupStageCallback  usbd_conf.o
    0x08004b66   0x08004b66   0x00000002   PAD
    0x08004b68   0x08004b68   0x0000003e   Code   RO          394    .text.HAL_PCD_Start  stm32h7xx_hal_pcd.o
    0x08004ba6   0x08004ba6   0x00000002   PAD
    0x08004ba8   0x08004ba8   0x00000034   Code   RO         2797    .text.HAL_PCD_SuspendCallback  usbd_conf.o
    0x08004bdc   0x08004bdc   0x00000004   PAD
    0x08004be0   0x08004be0   0x0000004c   Code   RO          961    .text.HAL_PWREx_ConfigSupply  stm32h7xx_hal_pwr_ex.o
    0x08004c2c   0x08004c2c   0x00000004   PAD
    0x08004c30   0x08004c30   0x00000012   Code   RO         1015    .text.HAL_PWREx_EnableUSBVoltageDetector  stm32h7xx_hal_pwr_ex.o
    0x08004c42   0x08004c42   0x00000006   PAD
    0x08004c48   0x08004c48   0x00000026   Code   RO          644    .text.HAL_RCCEx_GetD3PCLK1Freq  stm32h7xx_hal_rcc_ex.o
    0x08004c6e   0x08004c6e   0x00000002   PAD
    0x08004c70   0x08004c70   0x00000134   Code   RO          638    .text.HAL_RCCEx_GetPLL1ClockFreq  stm32h7xx_hal_rcc_ex.o
    0x08004da4   0x08004da4   0x00000004   PAD
    0x08004da8   0x08004da8   0x0000012c   Code   RO          640    .text.HAL_RCCEx_GetPLL2ClockFreq  stm32h7xx_hal_rcc_ex.o
    0x08004ed4   0x08004ed4   0x00000004   PAD
    0x08004ed8   0x08004ed8   0x0000012c   Code   RO          642    .text.HAL_RCCEx_GetPLL3ClockFreq  stm32h7xx_hal_rcc_ex.o
    0x08005004   0x08005004   0x00000004   PAD
    0x08005008   0x08005008   0x00000452   Code   RO          636    .text.HAL_RCCEx_GetPeriphCLKFreq  stm32h7xx_hal_rcc_ex.o
    0x0800545a   0x0800545a   0x00000006   PAD
    0x08005460   0x08005460   0x00000b3c   Code   RO          628    .text.HAL_RCCEx_PeriphCLKConfig  stm32h7xx_hal_rcc_ex.o
    0x08005f9c   0x08005f9c   0x00000004   PAD
    0x08005fa0   0x08005fa0   0x00000268   Code   RO          596    .text.HAL_RCC_ClockConfig  stm32h7xx_hal_rcc.o
    0x08006208   0x08006208   0x0000004c   Code   RO          606    .text.HAL_RCC_GetHCLKFreq  stm32h7xx_hal_rcc.o
    0x08006254   0x08006254   0x00000004   PAD
    0x08006258   0x08006258   0x00000060   Code   RO          608    .text.HAL_RCC_GetPCLK1Freq  stm32h7xx_hal_rcc.o
    0x080062b8   0x080062b8   0x00000060   Code   RO          610    .text.HAL_RCC_GetPCLK2Freq  stm32h7xx_hal_rcc.o
    0x08006318   0x08006318   0x00000118   Code   RO          598    .text.HAL_RCC_GetSysClockFreq  stm32h7xx_hal_rcc.o
    0x08006430   0x08006430   0x000000a4   Code   RO          600    .text.HAL_RCC_MCOConfig  stm32h7xx_hal_rcc.o
    0x080064d4   0x080064d4   0x00000004   PAD
    0x080064d8   0x080064d8   0x00000560   Code   RO          594    .text.HAL_RCC_OscConfig  stm32h7xx_hal_rcc.o
    0x08006a38   0x08006a38   0x0000043e   Code   RO         1777    .text.HAL_SAI_Init  stm32h7xx_hal_sai.o
    0x08006e76   0x08006e76   0x00000002   PAD
    0x08006e78   0x08006e78   0x000000fc   Code   RO          258    .text.HAL_SAI_MspInit  sai.o
    0x08006f74   0x08006f74   0x00000004   PAD
    0x08006f78   0x08006f78   0x00000050   Code   RO         1715    .text.HAL_SDRAM_Init  stm32h7xx_hal_sdram.o
    0x08006fc8   0x08006fc8   0x000000f8   Code   RO          223    .text.HAL_SDRAM_MspInit  fmc.o
    0x080070c0   0x080070c0   0x00000030   Code   RO         1759    .text.HAL_SDRAM_ProgramRefreshRate  stm32h7xx_hal_sdram.o
    0x080070f0   0x080070f0   0x0000003a   Code   RO         1757    .text.HAL_SDRAM_SendCommand  stm32h7xx_hal_sdram.o
    0x0800712a   0x0800712a   0x00000006   PAD
    0x08007130   0x08007130   0x00000196   Code   RO         1996    .text.HAL_SD_ConfigWideBusOperation  stm32h7xx_hal_sd.o
    0x080072c6   0x080072c6   0x00000002   PAD
    0x080072c8   0x080072c8   0x00000192   Code   RO         2042    .text.HAL_SD_GetCardCSD  stm32h7xx_hal_sd.o
    0x0800745a   0x0800745a   0x00000006   PAD
    0x08007460   0x08007460   0x00000026   Code   RO         2044    .text.HAL_SD_GetCardInfo  stm32h7xx_hal_sd.o
    0x08007486   0x08007486   0x00000002   PAD
    0x08007488   0x08007488   0x0000002a   Code   RO         1998    .text.HAL_SD_GetCardState  stm32h7xx_hal_sd.o
    0x080074b2   0x080074b2   0x00000006   PAD
    0x080074b8   0x080074b8   0x000001cc   Code   RO         1994    .text.HAL_SD_GetCardStatus  stm32h7xx_hal_sd.o
    0x08007684   0x08007684   0x00000004   PAD
    0x08007688   0x08007688   0x000000b6   Code   RO         1988    .text.HAL_SD_Init   stm32h7xx_hal_sd.o
    0x0800773e   0x0800773e   0x00000002   PAD
    0x08007740   0x08007740   0x00000262   Code   RO         1992    .text.HAL_SD_InitCard  stm32h7xx_hal_sd.o
    0x080079a2   0x080079a2   0x00000006   PAD
    0x080079a8   0x080079a8   0x000000f0   Code   RO          275    .text.HAL_SD_MspInit  sdmmc.o
    0x08007a98   0x08007a98   0x00000212   Code   RO         2004    .text.HAL_SD_ReadBlocks  stm32h7xx_hal_sd.o
    0x08007caa   0x08007caa   0x00000006   PAD
    0x08007cb0   0x08007cb0   0x00000242   Code   RO         2006    .text.HAL_SD_WriteBlocks  stm32h7xx_hal_sd.o
    0x08007ef2   0x08007ef2   0x00000006   PAD
    0x08007ef8   0x08007ef8   0x000001be   Code   RO         2080    .text.HAL_SPI_Init  stm32h7xx_hal_spi.o
    0x080080b6   0x080080b6   0x00000002   PAD
    0x080080b8   0x080080b8   0x00000194   Code   RO          294    .text.HAL_SPI_MspInit  spi.o
    0x0800824c   0x0800824c   0x00000004   PAD
    0x08008250   0x08008250   0x0000029c   Code   RO         2088    .text.HAL_SPI_Transmit  stm32h7xx_hal_spi.o
    0x080084ec   0x080084ec   0x00000004   PAD
    0x080084f0   0x080084f0   0x0000002e   Code   RO         1061    .text.HAL_SYSTICK_Config  stm32h7xx_hal_cortex.o
    0x0800851e   0x0800851e   0x00000002   PAD
    0x08008520   0x08008520   0x00000002   Code   RO         2509    .text.HAL_TIMEx_Break2Callback  stm32h7xx_hal_tim_ex.o
    0x08008522   0x08008522   0x00000006   PAD
    0x08008528   0x08008528   0x00000002   Code   RO         2507    .text.HAL_TIMEx_BreakCallback  stm32h7xx_hal_tim_ex.o
    0x0800852a   0x0800852a   0x00000006   PAD
    0x08008530   0x08008530   0x00000002   Code   RO         2503    .text.HAL_TIMEx_CommutCallback  stm32h7xx_hal_tim_ex.o
    0x08008532   0x08008532   0x00000006   PAD
    0x08008538   0x08008538   0x000000ca   Code   RO         2491    .text.HAL_TIMEx_MasterConfigSynchronization  stm32h7xx_hal_tim_ex.o
    0x08008602   0x08008602   0x00000006   PAD
    0x08008608   0x08008608   0x00000060   Code   RO         2196    .text.HAL_TIM_Base_Init  stm32h7xx_hal_tim.o
    0x08008668   0x08008668   0x0000006e   Code   RO          313    .text.HAL_TIM_Base_MspInit  tim.o
    0x080086d6   0x080086d6   0x00000002   PAD
    0x080086d8   0x080086d8   0x000000b4   Code   RO         2210    .text.HAL_TIM_Base_Start_IT  stm32h7xx_hal_tim.o
    0x0800878c   0x0800878c   0x00000004   PAD
    0x08008790   0x08008790   0x000001fc   Code   RO         2376    .text.HAL_TIM_ConfigClockSource  stm32h7xx_hal_tim.o
    0x0800898c   0x0800898c   0x00000004   PAD
    0x08008990   0x08008990   0x00000002   Code   RO         2332    .text.HAL_TIM_IC_CaptureCallback  stm32h7xx_hal_tim.o
    0x08008992   0x08008992   0x00000006   PAD
    0x08008998   0x08008998   0x0000016c   Code   RO         2330    .text.HAL_TIM_IRQHandler  stm32h7xx_hal_tim.o
    0x08008b04   0x08008b04   0x00000004   PAD
    0x08008b08   0x08008b08   0x00000002   Code   RO         2334    .text.HAL_TIM_OC_DelayElapsedCallback  stm32h7xx_hal_tim.o
    0x08008b0a   0x08008b0a   0x00000006   PAD
    0x08008b10   0x08008b10   0x00000002   Code   RO         2336    .text.HAL_TIM_PWM_PulseFinishedCallback  stm32h7xx_hal_tim.o
    0x08008b12   0x08008b12   0x00000006   PAD
    0x08008b18   0x08008b18   0x00000018   Code   RO          145    .text.HAL_TIM_PeriodElapsedCallback  main.o
    0x08008b30   0x08008b30   0x00000002   Code   RO         2340    .text.HAL_TIM_TriggerCallback  stm32h7xx_hal_tim.o
    0x08008b32   0x08008b32   0x00000006   PAD
    0x08008b38   0x08008b38   0x00000036   Code   RO         2686    .text.HAL_UARTEx_DisableFifoMode  stm32h7xx_hal_uart_ex.o
    0x08008b6e   0x08008b6e   0x00000002   PAD
    0x08008b70   0x08008b70   0x00000090   Code   RO         2690    .text.HAL_UARTEx_SetRxFifoThreshold  stm32h7xx_hal_uart_ex.o
    0x08008c00   0x08008c00   0x00000090   Code   RO         2688    .text.HAL_UARTEx_SetTxFifoThreshold  stm32h7xx_hal_uart_ex.o
    0x08008c90   0x08008c90   0x00000068   Code   RO         2523    .text.HAL_UART_Init  stm32h7xx_hal_uart.o
    0x08008cf8   0x08008cf8   0x000000e6   Code   RO          331    .text.HAL_UART_MspInit  usart.o
    0x08008dde   0x08008dde   0x00000002   PAD
    0x08008de0   0x08008de0   0x00000002   Code   RO          347    .text.HardFault_Handler  stm32h7xx_it.o
    0x08008de2   0x08008de2   0x00000006   PAD
    0x08008de8   0x08008de8   0x0000010e   Code   RO           19    .text.LCD_Address_Set  st7789.o
    0x08008ef6   0x08008ef6   0x00000002   PAD
    0x08008ef8   0x08008ef8   0x000000ea   Code   RO           23    .text.LCD_Fill      st7789.o
    0x08008fe2   0x08008fe2   0x00000006   PAD
    0x08008fe8   0x08008fe8   0x000010e2   Code   RO           25    .text.LCD_Init      st7789.o
    0x0800a0ca   0x0800a0ca   0x00000006   PAD
    0x0800a0d0   0x0800a0d0   0x0000036a   Code   RO           46    .text.LCD_ShowChar  lcd.o
    0x0800a43a   0x0800a43a   0x00000006   PAD
    0x0800a440   0x0800a440   0x0000011a   Code   RO           52    .text.LCD_ShowIntNum  lcd.o
    0x0800a55a   0x0800a55a   0x00000006   PAD
    0x0800a560   0x0800a560   0x00000038   Code   RO           56    .text.LCD_ShowPicture  lcd.o
    0x0800a598   0x0800a598   0x0000009c   Code   RO           17    .text.LCD_WR_DATA   st7789.o
    0x0800a634   0x0800a634   0x00000004   PAD
    0x0800a638   0x0800a638   0x00000054   Code   RO           13    .text.LCD_WR_DATA8  st7789.o
    0x0800a68c   0x0800a68c   0x00000004   PAD
    0x0800a690   0x0800a690   0x00000040   Code   RO          180    .text.MX_DCMI_Init  dcmi.o
    0x0800a6d0   0x0800a6d0   0x00000082   Code   RO          196    .text.MX_DMA_Init   dma.o
    0x0800a752   0x0800a752   0x00000006   PAD
    0x0800a758   0x0800a758   0x00000042   Code   RO         3055    .text.MX_FATFS_Init  fatfs.o
    0x0800a79a   0x0800a79a   0x00000006   PAD
    0x0800a7a0   0x0800a7a0   0x00000064   Code   RO          206    .text.MX_FDCAN1_Init  fdcan.o
    0x0800a804   0x0800a804   0x00000004   PAD
    0x0800a808   0x0800a808   0x0000006a   Code   RO          221    .text.MX_FMC_Init   fmc.o
    0x0800a872   0x0800a872   0x00000006   PAD
    0x0800a878   0x0800a878   0x000001f8   Code   RO          171    .text.MX_GPIO_Init  gpio.o
    0x0800aa70   0x0800aa70   0x0000006a   Code   RO          238    .text.MX_I2C2_Init  i2c.o
    0x0800aada   0x0800aada   0x00000006   PAD
    0x0800aae0   0x0800aae0   0x0000006a   Code   RO          240    .text.MX_I2C4_Init  i2c.o
    0x0800ab4a   0x0800ab4a   0x00000006   PAD
    0x0800ab50   0x0800ab50   0x000000c6   Code   RO          256    .text.MX_SAI1_Init  sai.o
    0x0800ac16   0x0800ac16   0x00000002   PAD
    0x0800ac18   0x0800ac18   0x00000028   Code   RO          273    .text.MX_SDMMC2_SD_Init  sdmmc.o
    0x0800ac40   0x0800ac40   0x0000005a   Code   RO          288    .text.MX_SPI2_Init  spi.o
    0x0800ac9a   0x0800ac9a   0x00000006   PAD
    0x0800aca0   0x0800aca0   0x0000005a   Code   RO          290    .text.MX_SPI5_Init  spi.o
    0x0800acfa   0x0800acfa   0x00000006   PAD
    0x0800ad00   0x0800ad00   0x0000005c   Code   RO          292    .text.MX_SPI6_Init  spi.o
    0x0800ad5c   0x0800ad5c   0x00000004   PAD
    0x0800ad60   0x0800ad60   0x00000076   Code   RO          309    .text.MX_TIM3_Init  tim.o
    0x0800add6   0x0800add6   0x00000002   PAD
    0x0800add8   0x0800add8   0x0000004e   Code   RO          311    .text.MX_TIM6_Init  tim.o
    0x0800ae26   0x0800ae26   0x00000002   PAD
    0x0800ae28   0x0800ae28   0x0000007c   Code   RO          327    .text.MX_UART4_Init  usart.o
    0x0800aea4   0x0800aea4   0x00000004   PAD
    0x0800aea8   0x0800aea8   0x0000007c   Code   RO          329    .text.MX_UART5_Init  usart.o
    0x0800af24   0x0800af24   0x00000004   PAD
    0x0800af28   0x0800af28   0x0000006c   Code   RO         2723    .text.MX_USB_DEVICE_Init  usb_device.o
    0x0800af94   0x0800af94   0x00000004   PAD
    0x0800af98   0x0800af98   0x00000002   Code   RO          349    .text.MemManage_Handler  stm32h7xx_it.o
    0x0800af9a   0x0800af9a   0x00000006   PAD
    0x0800afa0   0x0800afa0   0x00000002   Code   RO          345    .text.NMI_Handler   stm32h7xx_it.o
    0x0800afa2   0x0800afa2   0x00000006   PAD
    0x0800afa8   0x0800afa8   0x0000000c   Code   RO          369    .text.OTG_FS_IRQHandler  stm32h7xx_it.o
    0x0800afb4   0x0800afb4   0x00000004   PAD
    0x0800afb8   0x0800afb8   0x000000b8   Code   RO          118    .text.OV5640_Focus_Init  ov5640.o
    0x0800b070   0x0800b070   0x00000080   Code   RO          116    .text.OV5640_OutSize_Set  ov5640.o
    0x0800b0f0   0x0800b0f0   0x00000136   Code   RO          106    .text.OV5640_RD_Reg  ov5640.o
    0x0800b226   0x0800b226   0x00000002   PAD
    0x0800b228   0x0800b228   0x000000a4   Code   RO          108    .text.OV5640_WR_Reg  ov5640.o
    0x0800b2cc   0x0800b2cc   0x00000004   PAD
    0x0800b2d0   0x0800b2d0   0x00000002   Code   RO          359    .text.PendSV_Handler  stm32h7xx_it.o
    0x0800b2d2   0x0800b2d2   0x00000006   PAD
    0x0800b2d8   0x0800b2d8   0x00000122   Code   RO          630    .text.RCCEx_PLL2_Config  stm32h7xx_hal_rcc_ex.o
    0x0800b3fa   0x0800b3fa   0x00000006   PAD
    0x0800b400   0x0800b400   0x00000122   Code   RO          632    .text.RCCEx_PLL3_Config  stm32h7xx_hal_rcc_ex.o
    0x0800b522   0x0800b522   0x00000006   PAD
    0x0800b528   0x0800b528   0x000001c6   Code   RO          102    .text.SCCB_RD_Byte  ov5640.o
    0x0800b6ee   0x0800b6ee   0x00000002   PAD
    0x0800b6f0   0x0800b6f0   0x000001be   Code   RO          104    .text.SCCB_WR_Byte  ov5640.o
    0x0800b8ae   0x0800b8ae   0x00000002   PAD
    0x0800b8b0   0x0800b8b0   0x00000024   Code   RO         1930    .text.SDMMC_CmdAppCommand  stm32h7xx_ll_sdmmc.o
    0x0800b8d4   0x0800b8d4   0x00000004   PAD
    0x0800b8d8   0x0800b8d8   0x00000096   Code   RO         1932    .text.SDMMC_CmdAppOperCommand  stm32h7xx_ll_sdmmc.o
    0x0800b96e   0x0800b96e   0x00000002   PAD
    0x0800b970   0x0800b970   0x00000024   Code   RO         1898    .text.SDMMC_CmdBlockLength  stm32h7xx_ll_sdmmc.o
    0x0800b994   0x0800b994   0x00000004   PAD
    0x0800b998   0x0800b998   0x00000024   Code   RO         1936    .text.SDMMC_CmdBusWidth  stm32h7xx_ll_sdmmc.o
    0x0800b9bc   0x0800b9bc   0x00000004   PAD
    0x0800b9c0   0x0800b9c0   0x0000006a   Code   RO         1924    .text.SDMMC_CmdGoIdleState  stm32h7xx_ll_sdmmc.o
    0x0800ba2a   0x0800ba2a   0x00000006   PAD
    0x0800ba30   0x0800ba30   0x000000b2   Code   RO         1926    .text.SDMMC_CmdOperCond  stm32h7xx_ll_sdmmc.o
    0x0800bae2   0x0800bae2   0x00000006   PAD
    0x0800bae8   0x0800bae8   0x00000024   Code   RO         1904    .text.SDMMC_CmdReadMultiBlock  stm32h7xx_ll_sdmmc.o
    0x0800bb0c   0x0800bb0c   0x00000004   PAD
    0x0800bb10   0x0800bb10   0x00000024   Code   RO         1902    .text.SDMMC_CmdReadSingleBlock  stm32h7xx_ll_sdmmc.o
    0x0800bb34   0x0800bb34   0x00000004   PAD
    0x0800bb38   0x0800bb38   0x00000024   Code   RO         1922    .text.SDMMC_CmdSelDesel  stm32h7xx_ll_sdmmc.o
    0x0800bb5c   0x0800bb5c   0x00000004   PAD
    0x0800bb60   0x0800bb60   0x000000a8   Code   RO         1940    .text.SDMMC_CmdSendCID  stm32h7xx_ll_sdmmc.o
    0x0800bc08   0x0800bc08   0x000000a8   Code   RO         1944    .text.SDMMC_CmdSendCSD  stm32h7xx_ll_sdmmc.o
    0x0800bcb0   0x0800bcb0   0x00000026   Code   RO         1938    .text.SDMMC_CmdSendSCR  stm32h7xx_ll_sdmmc.o
    0x0800bcd6   0x0800bcd6   0x00000002   PAD
    0x0800bcd8   0x0800bcd8   0x00000024   Code   RO         1954    .text.SDMMC_CmdSendStatus  stm32h7xx_ll_sdmmc.o
    0x0800bcfc   0x0800bcfc   0x00000004   PAD
    0x0800bd00   0x0800bd00   0x000000da   Code   RO         1946    .text.SDMMC_CmdSetRelAdd  stm32h7xx_ll_sdmmc.o
    0x0800bdda   0x0800bdda   0x00000006   PAD
    0x0800bde0   0x0800bde0   0x00000026   Code   RO         1956    .text.SDMMC_CmdStatusRegister  stm32h7xx_ll_sdmmc.o
    0x0800be06   0x0800be06   0x00000002   PAD
    0x0800be08   0x0800be08   0x0000004e   Code   RO         1920    .text.SDMMC_CmdStopTransfer  stm32h7xx_ll_sdmmc.o
    0x0800be56   0x0800be56   0x00000002   PAD
    0x0800be58   0x0800be58   0x00000024   Code   RO         1908    .text.SDMMC_CmdWriteMultiBlock  stm32h7xx_ll_sdmmc.o
    0x0800be7c   0x0800be7c   0x00000004   PAD
    0x0800be80   0x0800be80   0x00000024   Code   RO         1906    .text.SDMMC_CmdWriteSingleBlock  stm32h7xx_ll_sdmmc.o
    0x0800bea4   0x0800bea4   0x00000004   PAD
    0x0800bea8   0x0800bea8   0x0000002c   Code   RO         1890    .text.SDMMC_ConfigData  stm32h7xx_ll_sdmmc.o
    0x0800bed4   0x0800bed4   0x00000004   PAD
    0x0800bed8   0x0800bed8   0x0000018a   Code   RO         1900    .text.SDMMC_GetCmdResp1  stm32h7xx_ll_sdmmc.o
    0x0800c062   0x0800c062   0x00000006   PAD
    0x0800c068   0x0800c068   0x00000008   Code   RO         1882    .text.SDMMC_GetPowerState  stm32h7xx_ll_sdmmc.o
    0x0800c070   0x0800c070   0x00000006   Code   RO         1888    .text.SDMMC_GetResponse  stm32h7xx_ll_sdmmc.o
    0x0800c076   0x0800c076   0x00000002   PAD
    0x0800c078   0x0800c078   0x00000022   Code   RO         1870    .text.SDMMC_Init    stm32h7xx_ll_sdmmc.o
    0x0800c09a   0x0800c09a   0x00000006   PAD
    0x0800c0a0   0x0800c0a0   0x0000000e   Code   RO         1876    .text.SDMMC_PowerState_ON  stm32h7xx_ll_sdmmc.o
    0x0800c0ae   0x0800c0ae   0x00000002   PAD
    0x0800c0b0   0x0800c0b0   0x00000006   Code   RO         1872    .text.SDMMC_ReadFIFO  stm32h7xx_ll_sdmmc.o
    0x0800c0b6   0x0800c0b6   0x00000002   PAD
    0x0800c0b8   0x0800c0b8   0x0000000c   Code   RO         1874    .text.SDMMC_WriteFIFO  stm32h7xx_ll_sdmmc.o
    0x0800c0c4   0x0800c0c4   0x00000004   PAD
    0x0800c0c8   0x0800c0c8   0x000000b8   Code   RO           74    .text.SDRAM_initialization_sequence  sdram.o
    0x0800c180   0x0800c180   0x000000e6   Code   RO         2054    .text.SD_FindSCR    stm32h7xx_hal_sd.o
    0x0800c266   0x0800c266   0x00000002   PAD
    0x0800c268   0x0800c268   0x00000038   Code   RO         3035    .text.SD_initialize  sd_diskio.o
    0x0800c2a0   0x0800c2a0   0x00000062   Code   RO         3043    .text.SD_ioctl      sd_diskio.o
    0x0800c302   0x0800c302   0x00000006   PAD
    0x0800c308   0x0800c308   0x00000028   Code   RO         3039    .text.SD_read       sd_diskio.o
    0x0800c330   0x0800c330   0x00000024   Code   RO         3037    .text.SD_status     sd_diskio.o
    0x0800c354   0x0800c354   0x00000004   PAD
    0x0800c358   0x0800c358   0x00000028   Code   RO         3041    .text.SD_write      sd_diskio.o
    0x0800c380   0x0800c380   0x000000d0   Code   RO         2090    .text.SPI_CloseTransfer  stm32h7xx_hal_spi.o
    0x0800c450   0x0800c450   0x00000002   Code   RO          355    .text.SVC_Handler   stm32h7xx_it.o
    0x0800c452   0x0800c452   0x00000006   PAD
    0x0800c458   0x0800c458   0x00000004   Code   RO          361    .text.SysTick_Handler  stm32h7xx_it.o
    0x0800c45c   0x0800c45c   0x00000004   PAD
    0x0800c460   0x0800c460   0x00000150   Code   RO          153    .text.SystemClock_Config  main.o
    0x0800c5b0   0x0800c5b0   0x000000cc   Code   RO         2709    .text.SystemInit    system_stm32h7xx.o
    0x0800c67c   0x0800c67c   0x00000004   PAD
    0x0800c680   0x0800c680   0x0000000c   Code   RO          365    .text.TIM3_IRQHandler  stm32h7xx_it.o
    0x0800c68c   0x0800c68c   0x00000004   PAD
    0x0800c690   0x0800c690   0x00000164   Code   RO         2200    .text.TIM_Base_SetConfig  stm32h7xx_hal_tim.o
    0x0800c7f4   0x0800c7f4   0x00000004   PAD
    0x0800c7f8   0x0800c7f8   0x000000e0   Code   RO         2527    .text.UART_AdvFeatureConfig  stm32h7xx_hal_uart.o
    0x0800c8d8   0x0800c8d8   0x00000176   Code   RO         2531    .text.UART_CheckIdleState  stm32h7xx_hal_uart.o
    0x0800ca4e   0x0800ca4e   0x00000002   PAD
    0x0800ca50   0x0800ca50   0x000004b4   Code   RO         2529    .text.UART_SetConfig  stm32h7xx_hal_uart.o
    0x0800cf04   0x0800cf04   0x00000004   PAD
    0x0800cf08   0x0800cf08   0x00000358   Code   RO         2545    .text.UART_WaitOnFlagUntilTimeout  stm32h7xx_hal_uart.o
    0x0800d260   0x0800d260   0x00000072   Code   RO         2962    .text.USBD_CDC_DataIn  usbd_cdc.o
    0x0800d2d2   0x0800d2d2   0x00000006   PAD
    0x0800d2d8   0x0800d2d8   0x0000003c   Code   RO         2964    .text.USBD_CDC_DataOut  usbd_cdc.o
    0x0800d314   0x0800d314   0x00000004   PAD
    0x0800d318   0x0800d318   0x0000005a   Code   RO         2956    .text.USBD_CDC_DeInit  usbd_cdc.o
    0x0800d372   0x0800d372   0x00000006   PAD
    0x0800d378   0x0800d378   0x0000003c   Code   RO         2960    .text.USBD_CDC_EP0_RxReady  usbd_cdc.o
    0x0800d3b4   0x0800d3b4   0x00000004   PAD
    0x0800d3b8   0x0800d3b8   0x00000010   Code   RO         2972    .text.USBD_CDC_GetDeviceQualifierDescriptor  usbd_cdc.o
    0x0800d3c8   0x0800d3c8   0x00000052   Code   RO         2968    .text.USBD_CDC_GetFSCfgDesc  usbd_cdc.o
    0x0800d41a   0x0800d41a   0x00000006   PAD
    0x0800d420   0x0800d420   0x00000056   Code   RO         2966    .text.USBD_CDC_GetHSCfgDesc  usbd_cdc.o
    0x0800d476   0x0800d476   0x00000002   PAD
    0x0800d478   0x0800d478   0x00000052   Code   RO         2970    .text.USBD_CDC_GetOtherSpeedCfgDesc  usbd_cdc.o
    0x0800d4ca   0x0800d4ca   0x00000006   PAD
    0x0800d4d0   0x0800d4d0   0x000000d8   Code   RO         2954    .text.USBD_CDC_Init  usbd_cdc.o
    0x0800d5a8   0x0800d5a8   0x00000030   Code   RO         2982    .text.USBD_CDC_ReceivePacket  usbd_cdc.o
    0x0800d5d8   0x0800d5d8   0x00000018   Code   RO         2974    .text.USBD_CDC_RegisterInterface  usbd_cdc.o
    0x0800d5f0   0x0800d5f0   0x0000001c   Code   RO         2978    .text.USBD_CDC_SetRxBuffer  usbd_cdc.o
    0x0800d60c   0x0800d60c   0x00000004   PAD
    0x0800d610   0x0800d610   0x00000020   Code   RO         2976    .text.USBD_CDC_SetTxBuffer  usbd_cdc.o
    0x0800d630   0x0800d630   0x00000100   Code   RO         2958    .text.USBD_CDC_Setup  usbd_cdc.o
    0x0800d730   0x0800d730   0x00000012   Code   RO         2869    .text.USBD_ClrClassConfig  usbd_core.o
    0x0800d742   0x0800d742   0x00000006   PAD
    0x0800d748   0x0800d748   0x00000004   Code   RO         2877    .text.USBD_CoreFindEP  usbd_core.o
    0x0800d74c   0x0800d74c   0x00000004   PAD
    0x0800d750   0x0800d750   0x00000004   Code   RO         2875    .text.USBD_CoreFindIF  usbd_core.o
    0x0800d754   0x0800d754   0x00000004   PAD
    0x0800d758   0x0800d758   0x00000010   Code   RO         2938    .text.USBD_CtlContinueRx  usbd_ioreq.o
    0x0800d768   0x0800d768   0x00000010   Code   RO         2934    .text.USBD_CtlContinueSendData  usbd_ioreq.o
    0x0800d778   0x0800d778   0x00000016   Code   RO         2913    .text.USBD_CtlError  usbd_ctlreq.o
    0x0800d78e   0x0800d78e   0x00000002   PAD
    0x0800d790   0x0800d790   0x0000001e   Code   RO         2936    .text.USBD_CtlPrepareRx  usbd_ioreq.o
    0x0800d7ae   0x0800d7ae   0x00000002   PAD
    0x0800d7b0   0x0800d7b0   0x00000016   Code   RO         2942    .text.USBD_CtlReceiveStatus  usbd_ioreq.o
    0x0800d7c6   0x0800d7c6   0x00000002   PAD
    0x0800d7c8   0x0800d7c8   0x0000001a   Code   RO         2932    .text.USBD_CtlSendData  usbd_ioreq.o
    0x0800d7e2   0x0800d7e2   0x00000006   PAD
    0x0800d7e8   0x0800d7e8   0x00000016   Code   RO         2940    .text.USBD_CtlSendStatus  usbd_ioreq.o
    0x0800d7fe   0x0800d7fe   0x00000002   PAD
    0x0800d800   0x0800d800   0x00000024   Code   RO         2742    .text.USBD_FS_ConfigStrDescriptor  usbd_desc.o
    0x0800d824   0x0800d824   0x00000004   PAD
    0x0800d828   0x0800d828   0x0000000e   Code   RO         2732    .text.USBD_FS_DeviceDescriptor  usbd_desc.o
    0x0800d836   0x0800d836   0x00000002   PAD
    0x0800d838   0x0800d838   0x00000028   Code   RO         2744    .text.USBD_FS_InterfaceStrDescriptor  usbd_desc.o
    0x0800d860   0x0800d860   0x0000000e   Code   RO         2734    .text.USBD_FS_LangIDStrDescriptor  usbd_desc.o
    0x0800d86e   0x0800d86e   0x00000002   PAD
    0x0800d870   0x0800d870   0x0000002c   Code   RO         2736    .text.USBD_FS_ManufacturerStrDescriptor  usbd_desc.o
    0x0800d89c   0x0800d89c   0x00000004   PAD
    0x0800d8a0   0x0800d8a0   0x00000030   Code   RO         2738    .text.USBD_FS_ProductStrDescriptor  usbd_desc.o
    0x0800d8d0   0x0800d8d0   0x0000016e   Code   RO         2740    .text.USBD_FS_SerialStrDescriptor  usbd_desc.o
    0x0800da3e   0x0800da3e   0x00000002   PAD
    0x0800da40   0x0800da40   0x0000007a   Code   RO         2899    .text.USBD_GetEpDesc  usbd_core.o
    0x0800daba   0x0800daba   0x00000006   PAD
    0x0800dac0   0x0800dac0   0x000000fa   Code   RO         2921    .text.USBD_GetString  usbd_ctlreq.o
    0x0800dbba   0x0800dbba   0x00000006   PAD
    0x0800dbc0   0x0800dbc0   0x00000028   Code   RO         2855    .text.USBD_Init     usbd_core.o
    0x0800dbe8   0x0800dbe8   0x00000022   Code   RO         2827    .text.USBD_LL_ClearStallEP  usbd_conf.o
    0x0800dc0a   0x0800dc0a   0x00000006   PAD
    0x0800dc10   0x0800dc10   0x00000022   Code   RO         2821    .text.USBD_LL_CloseEP  usbd_conf.o
    0x0800dc32   0x0800dc32   0x00000006   PAD
    0x0800dc38   0x0800dc38   0x000000ba   Code   RO         2879    .text.USBD_LL_DataInStage  usbd_core.o
    0x0800dcf2   0x0800dcf2   0x00000006   PAD
    0x0800dcf8   0x0800dcf8   0x00000078   Code   RO         2873    .text.USBD_LL_DataOutStage  usbd_core.o
    0x0800dd70   0x0800dd70   0x00000004   Code   RO         2895    .text.USBD_LL_DevConnected  usbd_core.o
    0x0800dd74   0x0800dd74   0x00000004   PAD
    0x0800dd78   0x0800dd78   0x00000020   Code   RO         2897    .text.USBD_LL_DevDisconnected  usbd_core.o
    0x0800dd98   0x0800dd98   0x00000008   Code   RO         2837    .text.USBD_LL_GetRxDataSize  usbd_conf.o
    0x0800dda0   0x0800dda0   0x0000006e   Code   RO         2809    .text.USBD_LL_Init  usbd_conf.o
    0x0800de0e   0x0800de0e   0x00000002   PAD
    0x0800de10   0x0800de10   0x00000022   Code   RO         2829    .text.USBD_LL_IsStallEP  usbd_conf.o
    0x0800de32   0x0800de32   0x00000006   PAD
    0x0800de38   0x0800de38   0x00000028   Code   RO         2891    .text.USBD_LL_IsoINIncomplete  usbd_core.o
    0x0800de60   0x0800de60   0x00000028   Code   RO         2893    .text.USBD_LL_IsoOUTIncomplete  usbd_core.o
    0x0800de88   0x0800de88   0x00000028   Code   RO         2819    .text.USBD_LL_OpenEP  usbd_conf.o
    0x0800deb0   0x0800deb0   0x00000022   Code   RO         2835    .text.USBD_LL_PrepareReceive  usbd_conf.o
    0x0800ded2   0x0800ded2   0x00000006   PAD
    0x0800ded8   0x0800ded8   0x00000066   Code   RO         2881    .text.USBD_LL_Reset  usbd_core.o
    0x0800df3e   0x0800df3e   0x00000002   PAD
    0x0800df40   0x0800df40   0x00000014   Code   RO         2887    .text.USBD_LL_Resume  usbd_core.o
    0x0800df54   0x0800df54   0x00000004   PAD
    0x0800df58   0x0800df58   0x0000001a   Code   RO         2889    .text.USBD_LL_SOF   usbd_core.o
    0x0800df72   0x0800df72   0x00000006   PAD
    0x0800df78   0x0800df78   0x00000008   Code   RO         2883    .text.USBD_LL_SetSpeed  usbd_core.o
    0x0800df80   0x0800df80   0x00000022   Code   RO         2831    .text.USBD_LL_SetUSBAddress  usbd_conf.o
    0x0800dfa2   0x0800dfa2   0x00000006   PAD
    0x0800dfa8   0x0800dfa8   0x00000062   Code   RO         2871    .text.USBD_LL_SetupStage  usbd_core.o
    0x0800e00a   0x0800e00a   0x00000006   PAD
    0x0800e010   0x0800e010   0x00000022   Code   RO         2825    .text.USBD_LL_StallEP  usbd_conf.o
    0x0800e032   0x0800e032   0x00000006   PAD
    0x0800e038   0x0800e038   0x00000022   Code   RO         2815    .text.USBD_LL_Start  usbd_conf.o
    0x0800e05a   0x0800e05a   0x00000006   PAD
    0x0800e060   0x0800e060   0x0000001c   Code   RO         2885    .text.USBD_LL_Suspend  usbd_core.o
    0x0800e07c   0x0800e07c   0x00000004   PAD
    0x0800e080   0x0800e080   0x00000022   Code   RO         2833    .text.USBD_LL_Transmit  usbd_conf.o
    0x0800e0a2   0x0800e0a2   0x00000006   PAD
    0x0800e0a8   0x0800e0a8   0x00000016   Code   RO         2919    .text.USBD_ParseSetupRequest  usbd_ctlreq.o
    0x0800e0be   0x0800e0be   0x00000002   PAD
    0x0800e0c0   0x0800e0c0   0x00000046   Code   RO         2859    .text.USBD_RegisterClass  usbd_core.o
    0x0800e106   0x0800e106   0x00000002   PAD
    0x0800e108   0x0800e108   0x00000010   Code   RO         2867    .text.USBD_SetClassConfig  usbd_core.o
    0x0800e118   0x0800e118   0x00000004   Code   RO         2861    .text.USBD_Start    usbd_core.o
    0x0800e11c   0x0800e11c   0x00000004   PAD
    0x0800e120   0x0800e120   0x0000038a   Code   RO         2911    .text.USBD_StdDevReq  usbd_ctlreq.o
    0x0800e4aa   0x0800e4aa   0x00000006   PAD
    0x0800e4b0   0x0800e4b0   0x0000017e   Code   RO         2917    .text.USBD_StdEPReq  usbd_ctlreq.o
    0x0800e62e   0x0800e62e   0x00000002   PAD
    0x0800e630   0x0800e630   0x00000094   Code   RO         2915    .text.USBD_StdItfReq  usbd_ctlreq.o
    0x0800e6c4   0x0800e6c4   0x00000004   PAD
    0x0800e6c8   0x0800e6c8   0x00000002   Code   RO         2841    .text.USBD_static_free  usbd_conf.o
    0x0800e6ca   0x0800e6ca   0x00000006   PAD
    0x0800e6d0   0x0800e6d0   0x0000000a   Code   RO         2839    .text.USBD_static_malloc  usbd_conf.o
    0x0800e6da   0x0800e6da   0x00000006   PAD
    0x0800e6e0   0x0800e6e0   0x0000008a   Code   RO          510    .text.USB_ActivateEndpoint  stm32h7xx_ll_usb.o
    0x0800e76a   0x0800e76a   0x00000006   PAD
    0x0800e770   0x0800e770   0x00000020   Code   RO          552    .text.USB_ActivateSetup  stm32h7xx_ll_usb.o
    0x0800e790   0x0800e790   0x0000022e   Code   RO          488    .text.USB_CoreInit  stm32h7xx_ll_usb.o
    0x0800e9be   0x0800e9be   0x00000002   PAD
    0x0800e9c0   0x0800e9c0   0x00000086   Code   RO          514    .text.USB_DeactivateEndpoint  stm32h7xx_ll_usb.o
    0x0800ea46   0x0800ea46   0x00000002   PAD
    0x0800ea48   0x0800ea48   0x0000001e   Code   RO          534    .text.USB_DevConnect  stm32h7xx_ll_usb.o
    0x0800ea66   0x0800ea66   0x00000002   PAD
    0x0800ea68   0x0800ea68   0x0000001e   Code   RO          536    .text.USB_DevDisconnect  stm32h7xx_ll_usb.o
    0x0800ea86   0x0800ea86   0x00000002   PAD
    0x0800ea88   0x0800ea88   0x000004b2   Code   RO          500    .text.USB_DevInit   stm32h7xx_ll_usb.o
    0x0800ef3a   0x0800ef3a   0x00000006   PAD
    0x0800ef40   0x0800ef40   0x0000000e   Code   RO          494    .text.USB_DisableGlobalInt  stm32h7xx_ll_usb.o
    0x0800ef4e   0x0800ef4e   0x00000002   PAD
    0x0800ef50   0x0800ef50   0x0000005a   Code   RO          554    .text.USB_EP0_OutStart  stm32h7xx_ll_usb.o
    0x0800efaa   0x0800efaa   0x00000006   PAD
    0x0800efb0   0x0800efb0   0x00000052   Code   RO          528    .text.USB_EPClearStall  stm32h7xx_ll_usb.o
    0x0800f002   0x0800f002   0x00000006   PAD
    0x0800f008   0x0800f008   0x00000040   Code   RO          526    .text.USB_EPSetStall  stm32h7xx_ll_usb.o
    0x0800f048   0x0800f048   0x00000210   Code   RO          518    .text.USB_EPStartXfer  stm32h7xx_ll_usb.o
    0x0800f258   0x0800f258   0x0000010e   Code   RO          522    .text.USB_EPStopXfer  stm32h7xx_ll_usb.o
    0x0800f366   0x0800f366   0x00000002   PAD
    0x0800f368   0x0800f368   0x0000000e   Code   RO          492    .text.USB_EnableGlobalInt  stm32h7xx_ll_usb.o
    0x0800f376   0x0800f376   0x00000002   PAD
    0x0800f378   0x0800f378   0x000000be   Code   RO          504    .text.USB_FlushTxFifo  stm32h7xx_ll_usb.o
    0x0800f436   0x0800f436   0x00000002   PAD
    0x0800f438   0x0800f438   0x0000001a   Code   RO          508    .text.USB_GetDevSpeed  stm32h7xx_ll_usb.o
    0x0800f452   0x0800f452   0x00000006   PAD
    0x0800f458   0x0800f458   0x00000008   Code   RO          498    .text.USB_GetMode   stm32h7xx_ll_usb.o
    0x0800f460   0x0800f460   0x0000000e   Code   RO          544    .text.USB_ReadDevAllInEpInterrupt  stm32h7xx_ll_usb.o
    0x0800f46e   0x0800f46e   0x00000002   PAD
    0x0800f470   0x0800f470   0x0000000e   Code   RO          542    .text.USB_ReadDevAllOutEpInterrupt  stm32h7xx_ll_usb.o
    0x0800f47e   0x0800f47e   0x00000002   PAD
    0x0800f480   0x0800f480   0x00000024   Code   RO          548    .text.USB_ReadDevInEPInterrupt  stm32h7xx_ll_usb.o
    0x0800f4a4   0x0800f4a4   0x00000004   PAD
    0x0800f4a8   0x0800f4a8   0x00000010   Code   RO          546    .text.USB_ReadDevOutEPInterrupt  stm32h7xx_ll_usb.o
    0x0800f4b8   0x0800f4b8   0x00000008   Code   RO          538    .text.USB_ReadInterrupts  stm32h7xx_ll_usb.o
    0x0800f4c0   0x0800f4c0   0x000000ac   Code   RO          524    .text.USB_ReadPacket  stm32h7xx_ll_usb.o
    0x0800f56c   0x0800f56c   0x00000004   PAD
    0x0800f570   0x0800f570   0x00000368   Code   RO          496    .text.USB_SetCurrentMode  stm32h7xx_ll_usb.o
    0x0800f8d8   0x0800f8d8   0x00000022   Code   RO          532    .text.USB_SetDevAddress  stm32h7xx_ll_usb.o
    0x0800f8fa   0x0800f8fa   0x00000006   PAD
    0x0800f900   0x0800f900   0x00000120   Code   RO          490    .text.USB_SetTurnaroundTime  stm32h7xx_ll_usb.o
    0x0800fa20   0x0800fa20   0x00000078   Code   RO          520    .text.USB_WritePacket  stm32h7xx_ll_usb.o
    0x0800fa98   0x0800fa98   0x00000002   Code   RO          353    .text.UsageFault_Handler  stm32h7xx_it.o
    0x0800fa9a   0x0800fa9a   0x00000006   PAD
    0x0800faa0   0x0800faa0   0x00000074   Code   RO         3156    .text.check_fs      ff.o
    0x0800fb14   0x0800fb14   0x00000004   PAD
    0x0800fb18   0x0800fb18   0x0000012c   Code   RO         3112    .text.create_chain  ff.o
    0x0800fc44   0x0800fc44   0x00000004   PAD
    0x0800fc48   0x0800fc48   0x0000003e   Code   RO           70    .text.delay_us      sdram.o
    0x0800fc86   0x0800fc86   0x00000002   PAD
    0x0800fc88   0x0800fc88   0x00000184   Code   RO         3130    .text.dir_next      ff.o
    0x0800fe0c   0x0800fe0c   0x00000004   PAD
    0x0800fe10   0x0800fe10   0x00000118   Code   RO         3098    .text.dir_register  ff.o
    0x0800ff28   0x0800ff28   0x00000032   Code   RO         3072    .text.disk_initialize  diskio.o
    0x0800ff5a   0x0800ff5a   0x00000006   PAD
    0x0800ff60   0x0800ff60   0x00000016   Code   RO         3078    .text.disk_ioctl    diskio.o
    0x0800ff76   0x0800ff76   0x00000002   PAD
    0x0800ff78   0x0800ff78   0x00000020   Code   RO         3074    .text.disk_read     diskio.o
    0x0800ff98   0x0800ff98   0x00000016   Code   RO         3070    .text.disk_status   diskio.o
    0x0800ffae   0x0800ffae   0x00000002   PAD
    0x0800ffb0   0x0800ffb0   0x00000020   Code   RO         3076    .text.disk_write    diskio.o
    0x0800ffd0   0x0800ffd0   0x00000110   Code   RO         3090    .text.f_mount       ff.o
    0x080100e0   0x080100e0   0x000003cc   Code   RO         3094    .text.f_open        ff.o
    0x080104ac   0x080104ac   0x00000004   PAD
    0x080104b0   0x080104b0   0x00000338   Code   RO         3108    .text.f_read        ff.o
    0x080107e8   0x080107e8   0x0000054a   Code   RO         3092    .text.find_volume   ff.o
    0x08010d32   0x08010d32   0x00000006   PAD
    0x08010d38   0x08010d38   0x000005ec   Code   RO         3096    .text.follow_path   ff.o
    0x08011324   0x08011324   0x00000004   PAD
    0x08011328   0x08011328   0x000000fe   Code   RO         3106    .text.get_fat       ff.o
    0x08011426   0x08011426   0x00000002   PAD
    0x08011428   0x08011428   0x00000004   Code   RO         3057    .text.get_fattime   fatfs.o
    0x0801142c   0x0801142c   0x00000004   PAD
    0x08011430   0x08011430   0x00000168   Code   RO          151    .text.main          main.o
    0x08011598   0x08011598   0x00000084   Code   RO         3102    .text.move_window   ff.o
    0x0801161c   0x0801161c   0x00000004   PAD
    0x08011620   0x08011620   0x00000130   Code   RO          110    .text.ov5640_Init   ov5640.o
    0x08011750   0x08011750   0x0000013e   Code   RO         3158    .text.put_fat       ff.o
    0x0801188e   0x0801188e   0x00000002   PAD
    0x08011890   0x08011890   0x0000005a   Code   RO         3142    .text.sync_window   ff.o
    0x080118ea   0x080118ea   0x0000001a   Code   RO         3316    x$fpl$fpinit        fz_wv.l(fpinit.o)
    0x08011904   0x08011904   0x0000004c   Data   RO         1653    .rodata..L__const.HAL_FDCAN_Init.CvtEltSize  stm32h7xx_hal_fdcan.o
    0x08011950   0x08011950   0x00000006   Data   RO         2658    .rodata..Lswitch.table.UART_SetConfig.5  stm32h7xx_hal_uart.o
    0x08011956   0x08011956   0x00000006   Data   RO         2659    .rodata..Lswitch.table.UART_SetConfig.7  stm32h7xx_hal_uart.o
    0x0801195c   0x0801195c   0x00000010   Data   RO         2713    .rodata.D1CorePrescTable  system_stm32h7xx.o
    0x0801196c   0x0801196c   0x00000080   Data   RO         3160    .rodata.ExCvt       ff.o
    0x080119ec   0x080119ec   0x00000fed   Data   RO          134    .rodata.OV5640_AF_Config  ov5640.o
    0x080129d9   0x080129d9   0x00000003   PAD
    0x080129dc   0x080129dc   0x00000014   Data   RO         3045    .rodata.SD_Driver   sd_diskio.o
    0x080129f0   0x080129f0   0x00000018   Data   RO         2657    .rodata.UARTPrescTable  stm32h7xx_hal_uart.o
    0x08012a08   0x08012a08   0x00000474   Data   RO           58    .rodata.ascii_1206  lcd.o
    0x08012e7c   0x08012e7c   0x000005f0   Data   RO           59    .rodata.ascii_1608  lcd.o
    0x0801346c   0x0801346c   0x000011d0   Data   RO           60    .rodata.ascii_2412  lcd.o
    0x0801463c   0x0801463c   0x000017c0   Data   RO           61    .rodata.ascii_3216  lcd.o
    0x08015dfc   0x08015dfc   0x00000010   Data   RO         2700    .rodata.cst8        stm32h7xx_hal_uart_ex.o
    0x08015e0c   0x08015e0c   0x000000b4   Data   RO          133    .rodata.ov5640_rgb565_reg_tbl  ov5640.o
    0x08015ec0   0x08015ec0   0x0000033c   Data   RO          132    .rodata.ov5640_uxga_init_reg_tbl  ov5640.o
    0x080161fc   0x080161fc   0x00000020   Data   RO         3377    Region$$Table       anon$$obj.o


    Execution Region RW_IRAM1 (Exec base: 0x20000000, Load base: 0x0801621c, Size: 0x00000000, Max: 0x00020000, ABSOLUTE)

    **** No section assigned to this execution region ****


    Execution Region RW_IRAM2 (Exec base: 0x24000000, Load base: 0x08016220, Size: 0x000075d0, Max: 0x00080000, ABSOLUTE)

    Exec Addr    Load Addr    Size         Type   Attr      Idx    E Section Name        Object

    0x24000000   0x08016220   0x00000008   Data   RW         1198    .data..L_MergedGlobals  stm32h7xx_hal.o
    0x24000008   0x08016228   0x00000008   Data   RW         2714    .data..L_MergedGlobals  system_stm32h7xx.o
    0x24000010   0x08016230   0x00000020   Data   RW         2746    .data.FS_Desc       usbd_desc.o
    0x24000030   0x08016250   0x00000001   Data   RW         3046    .data.Stat          sd_diskio.o
    0x24000031   0x08016251   0x00000003   PAD
    0x24000034   0x08016254   0x00000038   Data   RW         2984    .data.USBD_CDC      usbd_cdc.o
    0x2400006c   0x0801628c   0x00000043   Data   RW         2986    .data.USBD_CDC_CfgDesc  usbd_cdc.o
    0x240000af   0x080162cf   0x00000001   PAD
    0x240000b0   0x080162d0   0x0000000a   Data   RW         2985    .data.USBD_CDC_DeviceQualifierDesc  usbd_cdc.o
    0x240000ba   0x080162da   0x00000002   PAD
    0x240000bc   0x080162dc   0x00000012   Data   RW         2747    .data.USBD_FS_DeviceDesc  usbd_desc.o
    0x240000ce   0x080162ee   0x00000002   PAD
    0x240000d0   0x080162f0   0x00000014   Data   RW         2772    .data.USBD_Interface_fops_FS  usbd_cdc_if.o
    0x240000e4   0x08016304   0x00000004   Data   RW         2749    .data.USBD_LangIDDesc  usbd_desc.o
    0x240000e8   0x08016308   0x0000001a   Data   RW         2750    .data.USBD_StringSerial  usbd_desc.o
    0x24000102   0x08016322   0x00000006   PAD
    0x24000108        -       0x00000060   Zero   RW         3242    .bss                c_w.l(libspace.o)
    0x24000168        -       0x00000008   Zero   RW         3062    .bss..L_MergedGlobals  fatfs.o
    0x24000170        -       0x00000028   Zero   RW         3161    .bss..L_MergedGlobals  ff.o
    0x24000198        -       0x00000001   Zero   RW          228    .bss.FMC_Initialized  fmc.o
    0x24000199   0x08016322   0x00000003   PAD
    0x2400019c        -       0x00000004   Zero   RW          264    .bss.SAI1_client    sai.o
    0x240001a0        -       0x00001034   Zero   RW         3059    .bss.SDFatFS        fatfs.o
    0x240011d4        -       0x00001030   Zero   RW         3060    .bss.SDFile         fatfs.o
    0x24002204        -       0x00000001   Zero   RW         2923    .bss.USBD_SetConfig.cfgidx  usbd_ctlreq.o
    0x24002205   0x08016322   0x00000003   PAD
    0x24002208        -       0x00000200   Zero   RW         2751    .bss.USBD_StrDesc   usbd_desc.o
    0x24002408        -       0x00000220   Zero   RW         2846    .bss.USBD_static_malloc.mem  usbd_conf.o
    0x24002628        -       0x00000800   Zero   RW         2773    .bss.UserRxBufferFS  usbd_cdc_if.o
    0x24002e28        -       0x00000800   Zero   RW         2774    .bss.UserTxBufferFS  usbd_cdc_if.o
    0x24003628        -       0x0000000c   Zero   RW         3180    .bss.disk           ff_gen_drv.o
    0x24003634        -       0x000002dc   Zero   RW         2725    .bss.hUsbDeviceFS   usb_device.o
    0x24003910        -       0x00000050   Zero   RW          186    .bss.hdcmi          dcmi.o
    0x24003960        -       0x00000078   Zero   RW          187    .bss.hdma_dcmi      dcmi.o
    0x240039d8        -       0x00000078   Zero   RW          198    .bss.hdma_memtomem_dma1_stream1  dma.o
    0x24003a50        -       0x000000a0   Zero   RW          212    .bss.hfdcan1        fdcan.o
    0x24003af0        -       0x00000054   Zero   RW          246    .bss.hi2c2          i2c.o
    0x24003b44        -       0x00000054   Zero   RW          247    .bss.hi2c4          i2c.o
    0x24003b98        -       0x000004e4   Zero   RW         2845    .bss.hpcd_USB_OTG_FS  usbd_conf.o
    0x2400407c        -       0x00000098   Zero   RW          262    .bss.hsai_BlockA1   sai.o
    0x24004114        -       0x00000098   Zero   RW          263    .bss.hsai_BlockB1   sai.o
    0x240041ac        -       0x0000007c   Zero   RW          279    .bss.hsd2           sdmmc.o
    0x24004228        -       0x00000034   Zero   RW          227    .bss.hsdram1        fmc.o
    0x2400425c        -       0x00000088   Zero   RW          298    .bss.hspi2          spi.o
    0x240042e4        -       0x00000088   Zero   RW          299    .bss.hspi5          spi.o
    0x2400436c        -       0x00000088   Zero   RW          300    .bss.hspi6          spi.o
    0x240043f4        -       0x0000004c   Zero   RW          317    .bss.htim3          tim.o
    0x24004440        -       0x0000004c   Zero   RW          318    .bss.htim6          tim.o
    0x2400448c        -       0x00000094   Zero   RW          335    .bss.huart4         usart.o
    0x24004520        -       0x00000094   Zero   RW          336    .bss.huart5         usart.o
    0x240045b4        -       0x00000014   Zero   RW          161    .bss.my_data        main.o
    0x240045c8        -       0x00000004   Zero   RW         1197    .bss.uwTick         stm32h7xx_hal.o
    0x240045cc   0x08016322   0x00000004   PAD
    0x240045d0        -       0x00001000   Zero   RW            2    HEAP                startup_stm32h743xx.o
    0x240055d0        -       0x00002000   Zero   RW            1    STACK               startup_stm32h743xx.o



  Load Region LR$$.bss.ARM.__at_0XC0000000 (Base: 0xc0000000, Size: 0x00000000, Max: 0x0000e1c8, ABSOLUTE)

    Execution Region ER$$.bss.ARM.__at_0XC0000000 (Exec base: 0xc0000000, Load base: 0xc0000000, Size: 0x0000e1c8, Max: 0x0000e1c8, ABSOLUTE, UNINIT)

    Exec Addr    Load Addr    Size         Type   Attr      Idx    E Section Name        Object

    0xc0000000        -       0x0000e1c8   Zero   RW          160    .bss.ARM.__at_0XC0000000  main.o


==============================================================================

Image component sizes


      Code (inc. data)   RO Data    RW Data    ZI Data      Debug   Object Name

       184          0          0          0          0       5752   bsp_driver_sd.o
       420          0          0          0        200       9715   dcmi.o
       158          0          0          0          0       1970   diskio.o
       130          0          0          0        120       7393   dma.o
        70          0          0          0       8300       2491   fatfs.o
       238          0          0          0        160       8149   fdcan.o
      6816        378        128          0         40      74474   ff.o
        76          0          0          0         12       3225   ff_gen_drv.o
       354          0          0          0         53       8381   fmc.o
       504          0          0          0          0       3270   gpio.o
       468          0          0          0        168       8398   i2c.o
      1212          0      13300          0          0      11987   lcd.o
       776         12          0          0      57820      13083   main.o
      1990          0       5085          0          0       8221   ov5640.o
       450          0          0          0        308       8606   sai.o
       270          6         20          1          0       3257   sd_diskio.o
       280          0          0          0        124       6831   sdmmc.o
       246          0          0          0          0       3252   sdram.o
       676          0          0          0        408       9012   spi.o
      5066          0          0          0          0      13473   st7789.o
        64         26        664          0      12288        832   startup_stm32h743xx.o
       268          0          0          8          4      14952   stm32h7xx_hal.o
       202          0          0          0          0      12507   stm32h7xx_hal_cortex.o
       794          0          0          0          0       9333   stm32h7xx_hal_dcmi.o
      6444         54          0          0          0      18168   stm32h7xx_hal_dma.o
      2114          0          0          0          0       8449   stm32h7xx_hal_dma_ex.o
      1024          0         76          0          0      63364   stm32h7xx_hal_fdcan.o
       446          0          0          0          0       6934   stm32h7xx_hal_gpio.o
       174          0          0          0          0      61279   stm32h7xx_hal_i2c.o
       146          0          0          0          0       7559   stm32h7xx_hal_i2c_ex.o
        32          0          0          0          0       2204   stm32h7xx_hal_msp.o
      3824          0          0          0          0      17274   stm32h7xx_hal_pcd.o
       334          0          0          0          0       6333   stm32h7xx_hal_pcd_ex.o
        94          0          0          0          0      10590   stm32h7xx_hal_pwr_ex.o
      2704         16          0          0          0      11703   stm32h7xx_hal_rcc.o
      5508        230          0          0          0      20254   stm32h7xx_hal_rcc_ex.o
      1086          8          0          0          0      23054   stm32h7xx_hal_sai.o
      3478          0          0          0          0      26997   stm32h7xx_hal_sd.o
       186          0          0          0          0      15286   stm32h7xx_hal_sdram.o
      1322          0          0          0          0      22827   stm32h7xx_hal_spi.o
      1512          0          0          0          0      64552   stm32h7xx_hal_tim.o
       208          0          0          0          0      25352   stm32h7xx_hal_tim_ex.o
      2762        332         36          0          0      43519   stm32h7xx_hal_uart.o
       342          0         16          0          0      11563   stm32h7xx_hal_uart_ex.o
        68          0          0          0          0       8803   stm32h7xx_it.o
       432          0          0          0          0       9115   stm32h7xx_ll_fmc.o
      1984          0          0          0          0      23627   stm32h7xx_ll_sdmmc.o
      4984          0          0          0          0      35877   stm32h7xx_ll_usb.o
       204          0         16          8          0       5894   system_stm32h7xx.o
       306          0          0          0        152      10020   tim.o
       478          0          0          0        296       8476   usart.o
       108          0          0          0        732       3257   usb_device.o
      1194         12          0        133          0      11885   usbd_cdc.o
        84          0          0         20       4096       4888   usbd_cdc_if.o
       802          0          0          0       1796      22792   usbd_conf.o
       982          0          0          0          0      10916   usbd_core.o
      1730         44          0          0          1      10444   usbd_ctlreq.o
       562         72          0         80        512       4384   usbd_desc.o
       132          0          0          0          0       4708   usbd_ioreq.o

    ----------------------------------------------------------------------
     70578       1214      19376        260      87604     890911   Object Totals
         0          0         32          0          0          0   (incl. Generated)
      1076         24          3         10         14          0   (incl. Padding)

    ----------------------------------------------------------------------

      Code (inc. data)   RO Data    RW Data    ZI Data      Debug   Library Member Name

         8          0          0          0          0         68   __main.o
         0          0          0          0          0          0   __rtentry.o
        12          0          0          0          0          0   __rtentry2.o
         6          0          0          0          0          0   __rtentry4.o
        52          8          0          0          0          0   __scatter.o
        26          0          0          0          0          0   __scatter_copy.o
        28          0          0          0          0          0   __scatter_zi.o
        18          0          0          0          0         80   exit.o
         6          0          0          0          0        152   heapauxi.o
         0          0          0          0          0          0   indicate_semi.o
         2          0          0          0          0          0   libinit.o
         6          0          0          0          0          0   libinit2.o
         2          0          0          0          0          0   libshutdown.o
         2          0          0          0          0          0   libshutdown2.o
         8          4          0          0         96         68   libspace.o
       240          0          0          0          0        100   lludivv7m.o
        68          0          0          0          0         68   rt_memclr.o
        78          0          0          0          0         80   rt_memclr_w.o
         2          0          0          0          0          0   rtexit.o
        10          0          0          0          0          0   rtexit2.o
        12          4          0          0          0         68   sys_exit.o
        74          0          0          0          0         80   sys_stackheap_outer.o
         2          0          0          0          0         68   use_no_semi.o
        26          0          0          0          0        116   fpinit.o

    ----------------------------------------------------------------------
       698         16          0          0         96        948   Library Totals
        10          0          0          0          0          0   (incl. Padding)

    ----------------------------------------------------------------------

      Code (inc. data)   RO Data    RW Data    ZI Data      Debug   Library Name

       662         16          0          0         96        832   c_w.l
        26          0          0          0          0        116   fz_wv.l

    ----------------------------------------------------------------------
       698         16          0          0         96        948   Library Totals

    ----------------------------------------------------------------------

==============================================================================


      Code (inc. data)   RO Data    RW Data    ZI Data      Debug   

     71276       1230      19376        260      87700     890407   Grand Totals
     71276       1230      19376        260      87700     890407   ELF Image Totals
     71276       1230      19376        260          0          0   ROM Totals

==============================================================================

    Total RO  Size (Code + RO Data)                90652 (  88.53kB)
    Total RW  Size (RW Data + ZI Data)             87960 (  85.90kB)
    Total ROM Size (Code + RO Data + RW Data)      90912 (  88.78kB)

==============================================================================

